../Src/MCAL/SysTick/SysTick_PRG.c:11:6:SysTick_Handler	8	static
../Src/MCAL/SysTick/SysTick_PRG.c:24:6:MSTK_vInit	4	static
../Src/MCAL/SysTick/SysTick_PRG.c:35:6:MSTK_vStartTimer	16	static
../Src/MCAL/SysTick/SysTick_PRG.c:44:6:MSTK_vStopTimer	4	static
../Src/MCAL/SysTick/SysTick_PRG.c:54:6:MSTK_vSetBusyWait	16	static
../Src/MCAL/SysTick/SysTick_PRG.c:68:6:MSTK_vSetIntervalSingle	16	static
../Src/MCAL/SysTick/SysTick_PRG.c:82:6:MSTK_vSetIntervalPeriodic	16	static
../Src/MCAL/SysTick/SysTick_PRG.c:99:10:MSTK_vGetElapsedTime	4	static
../Src/MCAL/SysTick/SysTick_PRG.c:103:10:MSTK_vGetRemainingTime	4	static
