../Inc/MCAL/EXTI/EXTI_PRG.c:13:6:EXTI0_IRQHandler	8	static
../Inc/MCAL/EXTI/EXTI_PRG.c:19:6:EXTI1_IRQHandler	8	static
../Inc/MCAL/EXTI/EXTI_PRG.c:29:6:MEXTI_vInit	8	static
../Inc/MCAL/EXTI/EXTI_PRG.c:34:6:MEXTI_vSetInterruptMask	16	static
../Inc/MCAL/EXTI/EXTI_PRG.c:52:6:MEXTI_vSetRisingTrigger	16	static
../Inc/MCAL/EXTI/EXTI_PRG.c:61:6:MEXTI_vSetFallingTrigger	16	static
../Inc/MCAL/EXTI/EXTI_PRG.c:71:6:MEXTI_vSetSoftwareTrigger	16	static
../Inc/MCAL/EXTI/EXTI_PRG.c:77:6:MEXTI_vClearInterruptTrigger	16	static
../Inc/MCAL/EXTI/EXTI_PRG.c:81:6:MEXTI_vSetEXTI_LineOnPort	16	static
../Inc/MCAL/EXTI/EXTI_PRG.c:87:6:MEXTI_vSetCallBack	16	static
