../Src/port.c:224:13:prvTaskExitError	8	static,ignoring_inline_asm
../Src/port.c:269:13:prvPortStartFirstTask	0	static,ignoring_inline_asm
../Src/port.c:766:13:vPortEnableVFP	0	static,ignoring_inline_asm
../Src/port.c:192:15:pxPortInitialiseStack	0	static
../Src/port.c:250:6:vPortSVCHandler	0	static,ignoring_inline_asm
../Src/port.c:405:6:vPortEndScheduler	0	static
../Src/port.c:413:6:vPortEnterCritical	0	static,ignoring_inline_asm
../Src/port.c:430:6:vPortExitCritical	0	static,ignoring_inline_asm
../Src/port.c:442:6:xPortPendSVHandler	0	static,ignoring_inline_asm
../Src/port.c:499:6:xPortSysTickHandler	8	static,ignoring_inline_asm
../Src/port.c:744:32:vPortSetupTimerInterrupt	0	static
../Src/port.c:296:12:xPortStartScheduler	16	static
