../Src/queue.c:2399:19:prvIsQueueEmpty	8	static
../Src/queue.c:2175:19:prvCopyDataToQueue	24	static
../Src/queue.c:2258:13:prvCopyDataFromQueue	4	static
../Src/queue.c:2279:13:prvUnlockQueue	16	static
../Src/queue.c:296:12:xQueueGenericReset	16	static,ignoring_inline_asm
../Src/queue.c:428:19:xQueueGenericCreate	24	static
../Src/queue.c:802:19:xQueueCreateCountingSemaphore	8	static
../Src/queue.c:835:12:xQueueGenericSend	48	static,ignoring_inline_asm
../Src/queue.c:572:19:xQueueCreateMutex	16	static
../Src/queue.c:668:16:xQueueGiveMutexRecursive	16	static
../Src/queue.c:1047:12:xQueueGenericSendFromISR	24	static,ignoring_inline_asm
../Src/queue.c:1212:12:xQueueGiveFromISR	24	static,ignoring_inline_asm
../Src/queue.c:1378:12:xQueueReceive	40	static,ignoring_inline_asm
../Src/queue.c:1521:12:xQueueSemaphoreTake	40	static,ignoring_inline_asm
../Src/queue.c:723:16:xQueueTakeMutexRecursive	24	static
../Src/queue.c:1731:12:xQueuePeek	40	static,ignoring_inline_asm
../Src/queue.c:1882:12:xQueueReceiveFromISR	24	static,ignoring_inline_asm
../Src/queue.c:1975:12:xQueuePeekFromISR	16	static,ignoring_inline_asm
../Src/queue.c:2030:13:uxQueueMessagesWaiting	16	static
../Src/queue.c:2046:13:uxQueueSpacesAvailable	16	static
../Src/queue.c:2063:13:uxQueueMessagesWaitingFromISR	0	static
../Src/queue.c:2075:6:vQueueDelete	0	static
../Src/queue.c:2119:17:uxQueueGetQueueNumber	0	static
../Src/queue.c:2129:10:vQueueSetQueueNumber	0	static
../Src/queue.c:2140:13:ucQueueGetQueueType	0	static
../Src/queue.c:2420:12:xQueueIsQueueEmptyFromISR	0	static
../Src/queue.c:2461:12:xQueueIsQueueFullFromISR	0	static
