../Src/MCAL/GPIO/GPIO_PRG.c:29:6:MGPIO_vSetPinType	16	static
../Src/MCAL/GPIO/GPIO_PRG.c:59:6:MGPIO_vSetOutputPinType	12	static
../Src/MCAL/GPIO/GPIO_PRG.c:89:6:MGPIO_vSetOutputPinSpeed	16	static
../Src/MCAL/GPIO/GPIO_PRG.c:121:6:MGPIO_vSetInputPinPullUpDown	16	static
../Src/MCAL/GPIO/GPIO_PRG.c:152:10:MGPIO_vReadInputPinValue	0	static
../Src/MCAL/GPIO/GPIO_PRG.c:178:6:MGPIO_vSetOutputPinValue	8	static
../Src/MCAL/GPIO/GPIO_PRG.c:210:6:MGPIO_vToggleOutputPinValue	0	static
../Src/MCAL/GPIO/GPIO_PRG.c:237:6:MGPIO_vSetOutputPortValue	8	static
../Src/MCAL/GPIO/GPIO_PRG.c:305:6:MGPIO_vSetOutputPinValueBSR	8	static
../Src/MCAL/GPIO/GPIO_PRG.c:367:6:MGPIO_vSetPinLockSTS	8	static
../Src/MCAL/GPIO/GPIO_PRG.c:398:6:MGPIO_vSetPinAlternativeFunction	8	static
../Src/MCAL/GPIO/GPIO_PRG.c:13:6:MGPIO_Init	8	static
