../Src/MCAL/EXTI/EXTI_PRG.c:11:6:EXTI0_IRQHandler	8	static
../Src/MCAL/EXTI/EXTI_PRG.c:16:6:EXTI1_IRQHandler	8	static
../Src/MCAL/EXTI/EXTI_PRG.c:25:6:MEXTI_vSetInterruptMask	16	static
../Src/MCAL/EXTI/EXTI_PRG.c:43:6:MEXTI_vSetRisingTrigger	16	static
../Src/MCAL/EXTI/EXTI_PRG.c:52:6:MEXTI_vSetFallingTrigger	16	static
../Src/MCAL/EXTI/EXTI_PRG.c:62:6:MEXTI_vSetSoftwareTrigger	16	static
../Src/MCAL/EXTI/EXTI_PRG.c:68:6:MEXTI_vClearInterruptTrigger	16	static
../Src/MCAL/EXTI/EXTI_PRG.c:72:6:MEXTI_vSetEXTI_LineOnPort	16	static
../Src/MCAL/EXTI/EXTI_PRG.c:78:6:MEXTI_vSetCallBack	16	static
