../Src/MCAL/EXTI/EXTI_PRG.c:11:6:EXTI0_IRQHandler	8	static
../Src/MCAL/EXTI/EXTI_PRG.c:17:6:EXTI1_IRQHandler	8	static
../Src/MCAL/EXTI/EXTI_PRG.c:28:6:MEXTI_vSetInterruptMask	16	static
../Src/MCAL/EXTI/EXTI_PRG.c:46:6:MEXTI_vSetRisingTrigger	16	static
../Src/MCAL/EXTI/EXTI_PRG.c:55:6:MEXTI_vSetFallingTrigger	16	static
../Src/MCAL/EXTI/EXTI_PRG.c:65:6:MEXTI_vSetSoftwareTrigger	16	static
../Src/MCAL/EXTI/EXTI_PRG.c:71:6:MEXTI_vClearInterruptTrigger	16	static
../Src/MCAL/EXTI/EXTI_PRG.c:75:6:MEXTI_vSetEXTI_LineOnPort	16	static
../Src/MCAL/EXTI/EXTI_PRG.c:81:6:MEXTI_vSetCallBack	16	static
