Archive member included to satisfy reference by file (symbol)

c:/st/stm32cubeide_1.12.0/stm32cubeide/plugins/com.st.stm32cube.ide.mcu.externaltools.gnu-tools-for-stm32.10.3-2021.10.win32_1.0.200.202301161003/tools/bin/../lib/gcc/arm-none-eabi/10.3.1/../../../../arm-none-eabi/lib/thumb/v7e-m+fp/hard\libc_nano.a(lib_a-errno.o)
                              ./Src/syscalls.o (__errno)
c:/st/stm32cubeide_1.12.0/stm32cubeide/plugins/com.st.stm32cube.ide.mcu.externaltools.gnu-tools-for-stm32.10.3-2021.10.win32_1.0.200.202301161003/tools/bin/../lib/gcc/arm-none-eabi/10.3.1/../../../../arm-none-eabi/lib/thumb/v7e-m+fp/hard\libc_nano.a(lib_a-exit.o)
                              c:/st/stm32cubeide_1.12.0/stm32cubeide/plugins/com.st.stm32cube.ide.mcu.externaltools.gnu-tools-for-stm32.10.3-2021.10.win32_1.0.200.202301161003/tools/bin/../lib/gcc/arm-none-eabi/10.3.1/../../../../arm-none-eabi/lib/thumb/v7e-m+fp/hard/crt0.o (exit)
c:/st/stm32cubeide_1.12.0/stm32cubeide/plugins/com.st.stm32cube.ide.mcu.externaltools.gnu-tools-for-stm32.10.3-2021.10.win32_1.0.200.202301161003/tools/bin/../lib/gcc/arm-none-eabi/10.3.1/../../../../arm-none-eabi/lib/thumb/v7e-m+fp/hard\libc_nano.a(lib_a-impure.o)
                              c:/st/stm32cubeide_1.12.0/stm32cubeide/plugins/com.st.stm32cube.ide.mcu.externaltools.gnu-tools-for-stm32.10.3-2021.10.win32_1.0.200.202301161003/tools/bin/../lib/gcc/arm-none-eabi/10.3.1/../../../../arm-none-eabi/lib/thumb/v7e-m+fp/hard\libc_nano.a(lib_a-exit.o) (_global_impure_ptr)
c:/st/stm32cubeide_1.12.0/stm32cubeide/plugins/com.st.stm32cube.ide.mcu.externaltools.gnu-tools-for-stm32.10.3-2021.10.win32_1.0.200.202301161003/tools/bin/../lib/gcc/arm-none-eabi/10.3.1/../../../../arm-none-eabi/lib/thumb/v7e-m+fp/hard\libc_nano.a(lib_a-init.o)
                              c:/st/stm32cubeide_1.12.0/stm32cubeide/plugins/com.st.stm32cube.ide.mcu.externaltools.gnu-tools-for-stm32.10.3-2021.10.win32_1.0.200.202301161003/tools/bin/../lib/gcc/arm-none-eabi/10.3.1/../../../../arm-none-eabi/lib/thumb/v7e-m+fp/hard/crt0.o (__libc_init_array)
c:/st/stm32cubeide_1.12.0/stm32cubeide/plugins/com.st.stm32cube.ide.mcu.externaltools.gnu-tools-for-stm32.10.3-2021.10.win32_1.0.200.202301161003/tools/bin/../lib/gcc/arm-none-eabi/10.3.1/../../../../arm-none-eabi/lib/thumb/v7e-m+fp/hard\libc_nano.a(lib_a-memset.o)
                              c:/st/stm32cubeide_1.12.0/stm32cubeide/plugins/com.st.stm32cube.ide.mcu.externaltools.gnu-tools-for-stm32.10.3-2021.10.win32_1.0.200.202301161003/tools/bin/../lib/gcc/arm-none-eabi/10.3.1/../../../../arm-none-eabi/lib/thumb/v7e-m+fp/hard/crt0.o (memset)

Discarded input sections

 .text          0x0000000000000000        0x0 c:/st/stm32cubeide_1.12.0/stm32cubeide/plugins/com.st.stm32cube.ide.mcu.externaltools.gnu-tools-for-stm32.10.3-2021.10.win32_1.0.200.202301161003/tools/bin/../lib/gcc/arm-none-eabi/10.3.1/thumb/v7e-m+fp/hard/crti.o
 .data          0x0000000000000000        0x0 c:/st/stm32cubeide_1.12.0/stm32cubeide/plugins/com.st.stm32cube.ide.mcu.externaltools.gnu-tools-for-stm32.10.3-2021.10.win32_1.0.200.202301161003/tools/bin/../lib/gcc/arm-none-eabi/10.3.1/thumb/v7e-m+fp/hard/crti.o
 .bss           0x0000000000000000        0x0 c:/st/stm32cubeide_1.12.0/stm32cubeide/plugins/com.st.stm32cube.ide.mcu.externaltools.gnu-tools-for-stm32.10.3-2021.10.win32_1.0.200.202301161003/tools/bin/../lib/gcc/arm-none-eabi/10.3.1/thumb/v7e-m+fp/hard/crti.o
 .data          0x0000000000000000        0x4 c:/st/stm32cubeide_1.12.0/stm32cubeide/plugins/com.st.stm32cube.ide.mcu.externaltools.gnu-tools-for-stm32.10.3-2021.10.win32_1.0.200.202301161003/tools/bin/../lib/gcc/arm-none-eabi/10.3.1/thumb/v7e-m+fp/hard/crtbegin.o
 .rodata        0x0000000000000000       0x24 c:/st/stm32cubeide_1.12.0/stm32cubeide/plugins/com.st.stm32cube.ide.mcu.externaltools.gnu-tools-for-stm32.10.3-2021.10.win32_1.0.200.202301161003/tools/bin/../lib/gcc/arm-none-eabi/10.3.1/thumb/v7e-m+fp/hard/crtbegin.o
 .text          0x0000000000000000       0x7c c:/st/stm32cubeide_1.12.0/stm32cubeide/plugins/com.st.stm32cube.ide.mcu.externaltools.gnu-tools-for-stm32.10.3-2021.10.win32_1.0.200.202301161003/tools/bin/../lib/gcc/arm-none-eabi/10.3.1/../../../../arm-none-eabi/lib/thumb/v7e-m+fp/hard/crt0.o
 .data          0x0000000000000000        0x0 c:/st/stm32cubeide_1.12.0/stm32cubeide/plugins/com.st.stm32cube.ide.mcu.externaltools.gnu-tools-for-stm32.10.3-2021.10.win32_1.0.200.202301161003/tools/bin/../lib/gcc/arm-none-eabi/10.3.1/../../../../arm-none-eabi/lib/thumb/v7e-m+fp/hard/crt0.o
 .bss           0x0000000000000000        0x0 c:/st/stm32cubeide_1.12.0/stm32cubeide/plugins/com.st.stm32cube.ide.mcu.externaltools.gnu-tools-for-stm32.10.3-2021.10.win32_1.0.200.202301161003/tools/bin/../lib/gcc/arm-none-eabi/10.3.1/../../../../arm-none-eabi/lib/thumb/v7e-m+fp/hard/crt0.o
 .ARM.extab     0x0000000000000000        0x0 c:/st/stm32cubeide_1.12.0/stm32cubeide/plugins/com.st.stm32cube.ide.mcu.externaltools.gnu-tools-for-stm32.10.3-2021.10.win32_1.0.200.202301161003/tools/bin/../lib/gcc/arm-none-eabi/10.3.1/../../../../arm-none-eabi/lib/thumb/v7e-m+fp/hard/crt0.o
 .ARM.exidx     0x0000000000000000       0x10 c:/st/stm32cubeide_1.12.0/stm32cubeide/plugins/com.st.stm32cube.ide.mcu.externaltools.gnu-tools-for-stm32.10.3-2021.10.win32_1.0.200.202301161003/tools/bin/../lib/gcc/arm-none-eabi/10.3.1/../../../../arm-none-eabi/lib/thumb/v7e-m+fp/hard/crt0.o
 .ARM.attributes
                0x0000000000000000       0x1c c:/st/stm32cubeide_1.12.0/stm32cubeide/plugins/com.st.stm32cube.ide.mcu.externaltools.gnu-tools-for-stm32.10.3-2021.10.win32_1.0.200.202301161003/tools/bin/../lib/gcc/arm-none-eabi/10.3.1/../../../../arm-none-eabi/lib/thumb/v7e-m+fp/hard/crt0.o
 .group         0x0000000000000000        0xc ./Src/HAL/Segment.o
 .group         0x0000000000000000        0xc ./Src/HAL/Segment.o
 .group         0x0000000000000000        0xc ./Src/HAL/Segment.o
 .group         0x0000000000000000        0xc ./Src/HAL/Segment.o
 .group         0x0000000000000000        0xc ./Src/HAL/Segment.o
 .group         0x0000000000000000        0xc ./Src/HAL/Segment.o
 .group         0x0000000000000000        0xc ./Src/HAL/Segment.o
 .group         0x0000000000000000        0xc ./Src/HAL/Segment.o
 .group         0x0000000000000000        0xc ./Src/HAL/Segment.o
 .group         0x0000000000000000        0xc ./Src/HAL/Segment.o
 .group         0x0000000000000000        0xc ./Src/HAL/Segment.o
 .group         0x0000000000000000        0xc ./Src/HAL/Segment.o
 .group         0x0000000000000000        0xc ./Src/HAL/Segment.o
 .group         0x0000000000000000        0xc ./Src/HAL/Segment.o
 .group         0x0000000000000000        0xc ./Src/HAL/Segment.o
 .group         0x0000000000000000        0xc ./Src/HAL/Segment.o
 .group         0x0000000000000000        0xc ./Src/HAL/Segment.o
 .group         0x0000000000000000        0xc ./Src/HAL/Segment.o
 .group         0x0000000000000000        0xc ./Src/HAL/Segment.o
 .group         0x0000000000000000        0xc ./Src/HAL/Segment.o
 .group         0x0000000000000000        0xc ./Src/HAL/Segment.o
 .group         0x0000000000000000        0xc ./Src/HAL/Segment.o
 .group         0x0000000000000000        0xc ./Src/HAL/Segment.o
 .group         0x0000000000000000        0xc ./Src/HAL/Segment.o
 .group         0x0000000000000000        0xc ./Src/HAL/Segment.o
 .group         0x0000000000000000        0xc ./Src/HAL/Segment.o
 .group         0x0000000000000000        0xc ./Src/HAL/Segment.o
 .group         0x0000000000000000        0xc ./Src/HAL/Segment.o
 .group         0x0000000000000000        0xc ./Src/HAL/Segment.o
 .group         0x0000000000000000        0xc ./Src/HAL/Segment.o
 .group         0x0000000000000000        0xc ./Src/HAL/Segment.o
 .group         0x0000000000000000        0xc ./Src/HAL/Segment.o
 .group         0x0000000000000000        0xc ./Src/HAL/Segment.o
 .group         0x0000000000000000        0xc ./Src/HAL/Segment.o
 .group         0x0000000000000000        0xc ./Src/HAL/Segment.o
 .text          0x0000000000000000        0x0 ./Src/HAL/Segment.o
 .data          0x0000000000000000        0x0 ./Src/HAL/Segment.o
 .bss           0x0000000000000000        0x0 ./Src/HAL/Segment.o
 .rodata        0x0000000000000000        0xa ./Src/HAL/Segment.o
 .text.Print_MLX
                0x0000000000000000       0xa8 ./Src/HAL/Segment.o
 .debug_info    0x0000000000000000      0x28e ./Src/HAL/Segment.o
 .debug_abbrev  0x0000000000000000       0xfa ./Src/HAL/Segment.o
 .debug_aranges
                0x0000000000000000       0x20 ./Src/HAL/Segment.o
 .debug_ranges  0x0000000000000000       0x10 ./Src/HAL/Segment.o
 .debug_macro   0x0000000000000000      0x1c5 ./Src/HAL/Segment.o
 .debug_macro   0x0000000000000000      0xa7e ./Src/HAL/Segment.o
 .debug_macro   0x0000000000000000       0x22 ./Src/HAL/Segment.o
 .debug_macro   0x0000000000000000       0x4c ./Src/HAL/Segment.o
 .debug_macro   0x0000000000000000       0x1e ./Src/HAL/Segment.o
 .debug_macro   0x0000000000000000       0x94 ./Src/HAL/Segment.o
 .debug_macro   0x0000000000000000       0x3c ./Src/HAL/Segment.o
 .debug_macro   0x0000000000000000       0x34 ./Src/HAL/Segment.o
 .debug_macro   0x0000000000000000       0x16 ./Src/HAL/Segment.o
 .debug_macro   0x0000000000000000       0x57 ./Src/HAL/Segment.o
 .debug_macro   0x0000000000000000       0x97 ./Src/HAL/Segment.o
 .debug_macro   0x0000000000000000      0x341 ./Src/HAL/Segment.o
 .debug_macro   0x0000000000000000       0xfd ./Src/HAL/Segment.o
 .debug_macro   0x0000000000000000       0x10 ./Src/HAL/Segment.o
 .debug_macro   0x0000000000000000       0x16 ./Src/HAL/Segment.o
 .debug_macro   0x0000000000000000       0x43 ./Src/HAL/Segment.o
 .debug_macro   0x0000000000000000       0x34 ./Src/HAL/Segment.o
 .debug_macro   0x0000000000000000       0x10 ./Src/HAL/Segment.o
 .debug_macro   0x0000000000000000       0x58 ./Src/HAL/Segment.o
 .debug_macro   0x0000000000000000       0x71 ./Src/HAL/Segment.o
 .debug_macro   0x0000000000000000       0x1c ./Src/HAL/Segment.o
 .debug_macro   0x0000000000000000      0x12a ./Src/HAL/Segment.o
 .debug_macro   0x0000000000000000       0x10 ./Src/HAL/Segment.o
 .debug_macro   0x0000000000000000       0x6a ./Src/HAL/Segment.o
 .debug_macro   0x0000000000000000       0x1c ./Src/HAL/Segment.o
 .debug_macro   0x0000000000000000       0x52 ./Src/HAL/Segment.o
 .debug_macro   0x0000000000000000       0x22 ./Src/HAL/Segment.o
 .debug_macro   0x0000000000000000       0x10 ./Src/HAL/Segment.o
 .debug_macro   0x0000000000000000       0x52 ./Src/HAL/Segment.o
 .debug_macro   0x0000000000000000       0xd5 ./Src/HAL/Segment.o
 .debug_macro   0x0000000000000000       0x1c ./Src/HAL/Segment.o
 .debug_macro   0x0000000000000000       0x3d ./Src/HAL/Segment.o
 .debug_macro   0x0000000000000000       0x16 ./Src/HAL/Segment.o
 .debug_macro   0x0000000000000000      0x145 ./Src/HAL/Segment.o
 .debug_macro   0x0000000000000000       0x22 ./Src/HAL/Segment.o
 .debug_macro   0x0000000000000000       0x52 ./Src/HAL/Segment.o
 .debug_line    0x0000000000000000      0x61a ./Src/HAL/Segment.o
 .debug_str     0x0000000000000000     0x76ac ./Src/HAL/Segment.o
 .comment       0x0000000000000000       0x51 ./Src/HAL/Segment.o
 .debug_frame   0x0000000000000000       0x34 ./Src/HAL/Segment.o
 .ARM.attributes
                0x0000000000000000       0x34 ./Src/HAL/Segment.o
 .group         0x0000000000000000        0xc ./Src/MCAL/GPIO/GPIO_PRG.o
 .group         0x0000000000000000        0xc ./Src/MCAL/GPIO/GPIO_PRG.o
 .group         0x0000000000000000        0xc ./Src/MCAL/GPIO/GPIO_PRG.o
 .group         0x0000000000000000        0xc ./Src/MCAL/GPIO/GPIO_PRG.o
 .group         0x0000000000000000        0xc ./Src/MCAL/GPIO/GPIO_PRG.o
 .group         0x0000000000000000        0xc ./Src/MCAL/GPIO/GPIO_PRG.o
 .group         0x0000000000000000        0xc ./Src/MCAL/GPIO/GPIO_PRG.o
 .group         0x0000000000000000        0xc ./Src/MCAL/GPIO/GPIO_PRG.o
 .group         0x0000000000000000        0xc ./Src/MCAL/GPIO/GPIO_PRG.o
 .group         0x0000000000000000        0xc ./Src/MCAL/GPIO/GPIO_PRG.o
 .group         0x0000000000000000        0xc ./Src/MCAL/GPIO/GPIO_PRG.o
 .group         0x0000000000000000        0xc ./Src/MCAL/GPIO/GPIO_PRG.o
 .group         0x0000000000000000        0xc ./Src/MCAL/GPIO/GPIO_PRG.o
 .group         0x0000000000000000        0xc ./Src/MCAL/GPIO/GPIO_PRG.o
 .group         0x0000000000000000        0xc ./Src/MCAL/GPIO/GPIO_PRG.o
 .group         0x0000000000000000        0xc ./Src/MCAL/GPIO/GPIO_PRG.o
 .group         0x0000000000000000        0xc ./Src/MCAL/GPIO/GPIO_PRG.o
 .group         0x0000000000000000        0xc ./Src/MCAL/GPIO/GPIO_PRG.o
 .group         0x0000000000000000        0xc ./Src/MCAL/GPIO/GPIO_PRG.o
 .group         0x0000000000000000        0xc ./Src/MCAL/GPIO/GPIO_PRG.o
 .group         0x0000000000000000        0xc ./Src/MCAL/GPIO/GPIO_PRG.o
 .group         0x0000000000000000        0xc ./Src/MCAL/GPIO/GPIO_PRG.o
 .group         0x0000000000000000        0xc ./Src/MCAL/GPIO/GPIO_PRG.o
 .group         0x0000000000000000        0xc ./Src/MCAL/GPIO/GPIO_PRG.o
 .group         0x0000000000000000        0xc ./Src/MCAL/GPIO/GPIO_PRG.o
 .group         0x0000000000000000        0xc ./Src/MCAL/GPIO/GPIO_PRG.o
 .group         0x0000000000000000        0xc ./Src/MCAL/GPIO/GPIO_PRG.o
 .group         0x0000000000000000        0xc ./Src/MCAL/GPIO/GPIO_PRG.o
 .group         0x0000000000000000        0xc ./Src/MCAL/GPIO/GPIO_PRG.o
 .group         0x0000000000000000        0xc ./Src/MCAL/GPIO/GPIO_PRG.o
 .group         0x0000000000000000        0xc ./Src/MCAL/GPIO/GPIO_PRG.o
 .group         0x0000000000000000        0xc ./Src/MCAL/GPIO/GPIO_PRG.o
 .group         0x0000000000000000        0xc ./Src/MCAL/GPIO/GPIO_PRG.o
 .group         0x0000000000000000        0xc ./Src/MCAL/GPIO/GPIO_PRG.o
 .group         0x0000000000000000        0xc ./Src/MCAL/GPIO/GPIO_PRG.o
 .text          0x0000000000000000        0x0 ./Src/MCAL/GPIO/GPIO_PRG.o
 .data          0x0000000000000000        0x0 ./Src/MCAL/GPIO/GPIO_PRG.o
 .bss           0x0000000000000000        0x0 ./Src/MCAL/GPIO/GPIO_PRG.o
 .text.MGPIO_vSetInputPinPullUpDown
                0x0000000000000000      0x17c ./Src/MCAL/GPIO/GPIO_PRG.o
 .text.MGPIO_vReadInputPinValue
                0x0000000000000000       0xbc ./Src/MCAL/GPIO/GPIO_PRG.o
 .text.MGPIO_vSetOutputPinValueBSR
                0x0000000000000000      0x1d0 ./Src/MCAL/GPIO/GPIO_PRG.o
 .text.MGPIO_vSetPinLockSTS
                0x0000000000000000      0x164 ./Src/MCAL/GPIO/GPIO_PRG.o
 .text.MGPIO_vSetPinAlternativeFunction
                0x0000000000000000      0x290 ./Src/MCAL/GPIO/GPIO_PRG.o
 .debug_macro   0x0000000000000000      0xa7e ./Src/MCAL/GPIO/GPIO_PRG.o
 .debug_macro   0x0000000000000000       0x22 ./Src/MCAL/GPIO/GPIO_PRG.o
 .debug_macro   0x0000000000000000       0x4c ./Src/MCAL/GPIO/GPIO_PRG.o
 .debug_macro   0x0000000000000000       0x1e ./Src/MCAL/GPIO/GPIO_PRG.o
 .debug_macro   0x0000000000000000       0x94 ./Src/MCAL/GPIO/GPIO_PRG.o
 .debug_macro   0x0000000000000000       0x3c ./Src/MCAL/GPIO/GPIO_PRG.o
 .debug_macro   0x0000000000000000       0x34 ./Src/MCAL/GPIO/GPIO_PRG.o
 .debug_macro   0x0000000000000000       0x16 ./Src/MCAL/GPIO/GPIO_PRG.o
 .debug_macro   0x0000000000000000       0x57 ./Src/MCAL/GPIO/GPIO_PRG.o
 .debug_macro   0x0000000000000000       0x97 ./Src/MCAL/GPIO/GPIO_PRG.o
 .debug_macro   0x0000000000000000      0x341 ./Src/MCAL/GPIO/GPIO_PRG.o
 .debug_macro   0x0000000000000000       0xfd ./Src/MCAL/GPIO/GPIO_PRG.o
 .debug_macro   0x0000000000000000       0x10 ./Src/MCAL/GPIO/GPIO_PRG.o
 .debug_macro   0x0000000000000000       0x16 ./Src/MCAL/GPIO/GPIO_PRG.o
 .debug_macro   0x0000000000000000       0x43 ./Src/MCAL/GPIO/GPIO_PRG.o
 .debug_macro   0x0000000000000000       0x34 ./Src/MCAL/GPIO/GPIO_PRG.o
 .debug_macro   0x0000000000000000       0x10 ./Src/MCAL/GPIO/GPIO_PRG.o
 .debug_macro   0x0000000000000000       0x58 ./Src/MCAL/GPIO/GPIO_PRG.o
 .debug_macro   0x0000000000000000       0x71 ./Src/MCAL/GPIO/GPIO_PRG.o
 .debug_macro   0x0000000000000000       0x1c ./Src/MCAL/GPIO/GPIO_PRG.o
 .debug_macro   0x0000000000000000      0x12a ./Src/MCAL/GPIO/GPIO_PRG.o
 .debug_macro   0x0000000000000000       0x10 ./Src/MCAL/GPIO/GPIO_PRG.o
 .debug_macro   0x0000000000000000       0x6a ./Src/MCAL/GPIO/GPIO_PRG.o
 .debug_macro   0x0000000000000000       0x1c ./Src/MCAL/GPIO/GPIO_PRG.o
 .debug_macro   0x0000000000000000       0x52 ./Src/MCAL/GPIO/GPIO_PRG.o
 .debug_macro   0x0000000000000000       0x22 ./Src/MCAL/GPIO/GPIO_PRG.o
 .debug_macro   0x0000000000000000       0x10 ./Src/MCAL/GPIO/GPIO_PRG.o
 .debug_macro   0x0000000000000000       0x52 ./Src/MCAL/GPIO/GPIO_PRG.o
 .debug_macro   0x0000000000000000       0xd5 ./Src/MCAL/GPIO/GPIO_PRG.o
 .debug_macro   0x0000000000000000       0x1c ./Src/MCAL/GPIO/GPIO_PRG.o
 .debug_macro   0x0000000000000000       0x3d ./Src/MCAL/GPIO/GPIO_PRG.o
 .debug_macro   0x0000000000000000       0x16 ./Src/MCAL/GPIO/GPIO_PRG.o
 .debug_macro   0x0000000000000000      0x145 ./Src/MCAL/GPIO/GPIO_PRG.o
 .debug_macro   0x0000000000000000       0x22 ./Src/MCAL/GPIO/GPIO_PRG.o
 .debug_macro   0x0000000000000000       0x52 ./Src/MCAL/GPIO/GPIO_PRG.o
 .group         0x0000000000000000        0xc ./Src/MCAL/RCC/RCC_PRG.o
 .group         0x0000000000000000        0xc ./Src/MCAL/RCC/RCC_PRG.o
 .group         0x0000000000000000        0xc ./Src/MCAL/RCC/RCC_PRG.o
 .group         0x0000000000000000        0xc ./Src/MCAL/RCC/RCC_PRG.o
 .group         0x0000000000000000        0xc ./Src/MCAL/RCC/RCC_PRG.o
 .group         0x0000000000000000        0xc ./Src/MCAL/RCC/RCC_PRG.o
 .group         0x0000000000000000        0xc ./Src/MCAL/RCC/RCC_PRG.o
 .group         0x0000000000000000        0xc ./Src/MCAL/RCC/RCC_PRG.o
 .group         0x0000000000000000        0xc ./Src/MCAL/RCC/RCC_PRG.o
 .group         0x0000000000000000        0xc ./Src/MCAL/RCC/RCC_PRG.o
 .group         0x0000000000000000        0xc ./Src/MCAL/RCC/RCC_PRG.o
 .group         0x0000000000000000        0xc ./Src/MCAL/RCC/RCC_PRG.o
 .group         0x0000000000000000        0xc ./Src/MCAL/RCC/RCC_PRG.o
 .group         0x0000000000000000        0xc ./Src/MCAL/RCC/RCC_PRG.o
 .group         0x0000000000000000        0xc ./Src/MCAL/RCC/RCC_PRG.o
 .group         0x0000000000000000        0xc ./Src/MCAL/RCC/RCC_PRG.o
 .group         0x0000000000000000        0xc ./Src/MCAL/RCC/RCC_PRG.o
 .group         0x0000000000000000        0xc ./Src/MCAL/RCC/RCC_PRG.o
 .group         0x0000000000000000        0xc ./Src/MCAL/RCC/RCC_PRG.o
 .group         0x0000000000000000        0xc ./Src/MCAL/RCC/RCC_PRG.o
 .group         0x0000000000000000        0xc ./Src/MCAL/RCC/RCC_PRG.o
 .group         0x0000000000000000        0xc ./Src/MCAL/RCC/RCC_PRG.o
 .group         0x0000000000000000        0xc ./Src/MCAL/RCC/RCC_PRG.o
 .group         0x0000000000000000        0xc ./Src/MCAL/RCC/RCC_PRG.o
 .group         0x0000000000000000        0xc ./Src/MCAL/RCC/RCC_PRG.o
 .group         0x0000000000000000        0xc ./Src/MCAL/RCC/RCC_PRG.o
 .group         0x0000000000000000        0xc ./Src/MCAL/RCC/RCC_PRG.o
 .group         0x0000000000000000        0xc ./Src/MCAL/RCC/RCC_PRG.o
 .group         0x0000000000000000        0xc ./Src/MCAL/RCC/RCC_PRG.o
 .group         0x0000000000000000        0xc ./Src/MCAL/RCC/RCC_PRG.o
 .group         0x0000000000000000        0xc ./Src/MCAL/RCC/RCC_PRG.o
 .group         0x0000000000000000        0xc ./Src/MCAL/RCC/RCC_PRG.o
 .group         0x0000000000000000        0xc ./Src/MCAL/RCC/RCC_PRG.o
 .group         0x0000000000000000        0xc ./Src/MCAL/RCC/RCC_PRG.o
 .text          0x0000000000000000        0x0 ./Src/MCAL/RCC/RCC_PRG.o
 .data          0x0000000000000000        0x0 ./Src/MCAL/RCC/RCC_PRG.o
 .bss           0x0000000000000000        0x0 ./Src/MCAL/RCC/RCC_PRG.o
 .text.RCC_SetCLKSTS
                0x0000000000000000       0xe8 ./Src/MCAL/RCC/RCC_PRG.o
 .text.RCC_SetSYSCLK
                0x0000000000000000       0x34 ./Src/MCAL/RCC/RCC_PRG.o
 .text.RCC_HSECONFIG
                0x0000000000000000       0x16 ./Src/MCAL/RCC/RCC_PRG.o
 .text.RCC_PLLCONFIG
                0x0000000000000000       0x1c ./Src/MCAL/RCC/RCC_PRG.o
 .text.RCC_HSEBYP
                0x0000000000000000       0x38 ./Src/MCAL/RCC/RCC_PRG.o
 .text.RCC_CSSCFG
                0x0000000000000000       0x38 ./Src/MCAL/RCC/RCC_PRG.o
 .text.RCC_AHB1DisableCLK
                0x0000000000000000       0x30 ./Src/MCAL/RCC/RCC_PRG.o
 .text.RCC_APB1EnableCLK
                0x0000000000000000       0x30 ./Src/MCAL/RCC/RCC_PRG.o
 .text.RCC_APB1DisableCLK
                0x0000000000000000       0x30 ./Src/MCAL/RCC/RCC_PRG.o
 .text.RCC_APB2EnableCLK
                0x0000000000000000       0x30 ./Src/MCAL/RCC/RCC_PRG.o
 .text.RCC_APB2DisableCLK
                0x0000000000000000       0x30 ./Src/MCAL/RCC/RCC_PRG.o
 .debug_macro   0x0000000000000000      0xa7e ./Src/MCAL/RCC/RCC_PRG.o
 .debug_macro   0x0000000000000000       0x22 ./Src/MCAL/RCC/RCC_PRG.o
 .debug_macro   0x0000000000000000       0x4c ./Src/MCAL/RCC/RCC_PRG.o
 .debug_macro   0x0000000000000000       0x1e ./Src/MCAL/RCC/RCC_PRG.o
 .debug_macro   0x0000000000000000       0x94 ./Src/MCAL/RCC/RCC_PRG.o
 .debug_macro   0x0000000000000000       0x3c ./Src/MCAL/RCC/RCC_PRG.o
 .debug_macro   0x0000000000000000       0x34 ./Src/MCAL/RCC/RCC_PRG.o
 .debug_macro   0x0000000000000000       0x16 ./Src/MCAL/RCC/RCC_PRG.o
 .debug_macro   0x0000000000000000       0x57 ./Src/MCAL/RCC/RCC_PRG.o
 .debug_macro   0x0000000000000000       0x97 ./Src/MCAL/RCC/RCC_PRG.o
 .debug_macro   0x0000000000000000      0x341 ./Src/MCAL/RCC/RCC_PRG.o
 .debug_macro   0x0000000000000000       0xfd ./Src/MCAL/RCC/RCC_PRG.o
 .debug_macro   0x0000000000000000       0x10 ./Src/MCAL/RCC/RCC_PRG.o
 .debug_macro   0x0000000000000000       0x16 ./Src/MCAL/RCC/RCC_PRG.o
 .debug_macro   0x0000000000000000       0x43 ./Src/MCAL/RCC/RCC_PRG.o
 .debug_macro   0x0000000000000000       0x34 ./Src/MCAL/RCC/RCC_PRG.o
 .debug_macro   0x0000000000000000       0x10 ./Src/MCAL/RCC/RCC_PRG.o
 .debug_macro   0x0000000000000000       0x58 ./Src/MCAL/RCC/RCC_PRG.o
 .debug_macro   0x0000000000000000       0x71 ./Src/MCAL/RCC/RCC_PRG.o
 .debug_macro   0x0000000000000000       0x1c ./Src/MCAL/RCC/RCC_PRG.o
 .debug_macro   0x0000000000000000      0x12a ./Src/MCAL/RCC/RCC_PRG.o
 .debug_macro   0x0000000000000000       0x10 ./Src/MCAL/RCC/RCC_PRG.o
 .debug_macro   0x0000000000000000       0x6a ./Src/MCAL/RCC/RCC_PRG.o
 .debug_macro   0x0000000000000000       0x1c ./Src/MCAL/RCC/RCC_PRG.o
 .debug_macro   0x0000000000000000       0x52 ./Src/MCAL/RCC/RCC_PRG.o
 .debug_macro   0x0000000000000000       0x22 ./Src/MCAL/RCC/RCC_PRG.o
 .debug_macro   0x0000000000000000       0x10 ./Src/MCAL/RCC/RCC_PRG.o
 .debug_macro   0x0000000000000000       0x52 ./Src/MCAL/RCC/RCC_PRG.o
 .debug_macro   0x0000000000000000       0xd5 ./Src/MCAL/RCC/RCC_PRG.o
 .debug_macro   0x0000000000000000       0x1c ./Src/MCAL/RCC/RCC_PRG.o
 .debug_macro   0x0000000000000000       0x3d ./Src/MCAL/RCC/RCC_PRG.o
 .debug_macro   0x0000000000000000       0x16 ./Src/MCAL/RCC/RCC_PRG.o
 .debug_macro   0x0000000000000000      0x145 ./Src/MCAL/RCC/RCC_PRG.o
 .debug_macro   0x0000000000000000       0x22 ./Src/MCAL/RCC/RCC_PRG.o
 .group         0x0000000000000000        0xc ./Src/main.o
 .group         0x0000000000000000        0xc ./Src/main.o
 .group         0x0000000000000000        0xc ./Src/main.o
 .group         0x0000000000000000        0xc ./Src/main.o
 .group         0x0000000000000000        0xc ./Src/main.o
 .group         0x0000000000000000        0xc ./Src/main.o
 .group         0x0000000000000000        0xc ./Src/main.o
 .group         0x0000000000000000        0xc ./Src/main.o
 .group         0x0000000000000000        0xc ./Src/main.o
 .group         0x0000000000000000        0xc ./Src/main.o
 .group         0x0000000000000000        0xc ./Src/main.o
 .group         0x0000000000000000        0xc ./Src/main.o
 .group         0x0000000000000000        0xc ./Src/main.o
 .group         0x0000000000000000        0xc ./Src/main.o
 .group         0x0000000000000000        0xc ./Src/main.o
 .group         0x0000000000000000        0xc ./Src/main.o
 .group         0x0000000000000000        0xc ./Src/main.o
 .group         0x0000000000000000        0xc ./Src/main.o
 .group         0x0000000000000000        0xc ./Src/main.o
 .group         0x0000000000000000        0xc ./Src/main.o
 .group         0x0000000000000000        0xc ./Src/main.o
 .group         0x0000000000000000        0xc ./Src/main.o
 .group         0x0000000000000000        0xc ./Src/main.o
 .group         0x0000000000000000        0xc ./Src/main.o
 .group         0x0000000000000000        0xc ./Src/main.o
 .group         0x0000000000000000        0xc ./Src/main.o
 .group         0x0000000000000000        0xc ./Src/main.o
 .group         0x0000000000000000        0xc ./Src/main.o
 .group         0x0000000000000000        0xc ./Src/main.o
 .group         0x0000000000000000        0xc ./Src/main.o
 .group         0x0000000000000000        0xc ./Src/main.o
 .group         0x0000000000000000        0xc ./Src/main.o
 .group         0x0000000000000000        0xc ./Src/main.o
 .group         0x0000000000000000        0xc ./Src/main.o
 .group         0x0000000000000000        0xc ./Src/main.o
 .group         0x0000000000000000        0xc ./Src/main.o
 .group         0x0000000000000000        0xc ./Src/main.o
 .text          0x0000000000000000        0x0 ./Src/main.o
 .data          0x0000000000000000        0x0 ./Src/main.o
 .bss           0x0000000000000000        0x0 ./Src/main.o
 .debug_macro   0x0000000000000000      0xa7e ./Src/main.o
 .debug_macro   0x0000000000000000       0x22 ./Src/main.o
 .debug_macro   0x0000000000000000       0x6a ./Src/main.o
 .debug_macro   0x0000000000000000       0x1e ./Src/main.o
 .debug_macro   0x0000000000000000       0x3c ./Src/main.o
 .debug_macro   0x0000000000000000       0x34 ./Src/main.o
 .debug_macro   0x0000000000000000       0x16 ./Src/main.o
 .debug_macro   0x0000000000000000       0x97 ./Src/main.o
 .debug_macro   0x0000000000000000      0x341 ./Src/main.o
 .debug_macro   0x0000000000000000       0xfd ./Src/main.o
 .debug_macro   0x0000000000000000       0x10 ./Src/main.o
 .debug_macro   0x0000000000000000       0x16 ./Src/main.o
 .debug_macro   0x0000000000000000       0x43 ./Src/main.o
 .debug_macro   0x0000000000000000       0x34 ./Src/main.o
 .debug_macro   0x0000000000000000       0x10 ./Src/main.o
 .debug_macro   0x0000000000000000       0x58 ./Src/main.o
 .debug_macro   0x0000000000000000       0x71 ./Src/main.o
 .debug_macro   0x0000000000000000       0x1c ./Src/main.o
 .debug_macro   0x0000000000000000      0x12a ./Src/main.o
 .debug_macro   0x0000000000000000       0x10 ./Src/main.o
 .debug_macro   0x0000000000000000       0x1c ./Src/main.o
 .debug_macro   0x0000000000000000       0x52 ./Src/main.o
 .debug_macro   0x0000000000000000       0x22 ./Src/main.o
 .debug_macro   0x0000000000000000       0x10 ./Src/main.o
 .debug_macro   0x0000000000000000       0x52 ./Src/main.o
 .debug_macro   0x0000000000000000       0xd5 ./Src/main.o
 .debug_macro   0x0000000000000000       0x1c ./Src/main.o
 .debug_macro   0x0000000000000000       0x3d ./Src/main.o
 .debug_macro   0x0000000000000000       0x16 ./Src/main.o
 .debug_macro   0x0000000000000000      0x145 ./Src/main.o
 .debug_macro   0x0000000000000000       0x22 ./Src/main.o
 .debug_macro   0x0000000000000000       0x52 ./Src/main.o
 .group         0x0000000000000000        0xc ./Src/syscalls.o
 .group         0x0000000000000000        0xc ./Src/syscalls.o
 .group         0x0000000000000000        0xc ./Src/syscalls.o
 .group         0x0000000000000000        0xc ./Src/syscalls.o
 .group         0x0000000000000000        0xc ./Src/syscalls.o
 .group         0x0000000000000000        0xc ./Src/syscalls.o
 .group         0x0000000000000000        0xc ./Src/syscalls.o
 .group         0x0000000000000000        0xc ./Src/syscalls.o
 .group         0x0000000000000000        0xc ./Src/syscalls.o
 .group         0x0000000000000000        0xc ./Src/syscalls.o
 .group         0x0000000000000000        0xc ./Src/syscalls.o
 .group         0x0000000000000000        0xc ./Src/syscalls.o
 .group         0x0000000000000000        0xc ./Src/syscalls.o
 .group         0x0000000000000000        0xc ./Src/syscalls.o
 .group         0x0000000000000000        0xc ./Src/syscalls.o
 .group         0x0000000000000000        0xc ./Src/syscalls.o
 .group         0x0000000000000000        0xc ./Src/syscalls.o
 .group         0x0000000000000000        0xc ./Src/syscalls.o
 .group         0x0000000000000000        0xc ./Src/syscalls.o
 .group         0x0000000000000000        0xc ./Src/syscalls.o
 .group         0x0000000000000000        0xc ./Src/syscalls.o
 .group         0x0000000000000000        0xc ./Src/syscalls.o
 .group         0x0000000000000000        0xc ./Src/syscalls.o
 .group         0x0000000000000000        0xc ./Src/syscalls.o
 .group         0x0000000000000000        0xc ./Src/syscalls.o
 .group         0x0000000000000000        0xc ./Src/syscalls.o
 .group         0x0000000000000000        0xc ./Src/syscalls.o
 .group         0x0000000000000000        0xc ./Src/syscalls.o
 .group         0x0000000000000000        0xc ./Src/syscalls.o
 .group         0x0000000000000000        0xc ./Src/syscalls.o
 .group         0x0000000000000000        0xc ./Src/syscalls.o
 .group         0x0000000000000000        0xc ./Src/syscalls.o
 .group         0x0000000000000000        0xc ./Src/syscalls.o
 .group         0x0000000000000000        0xc ./Src/syscalls.o
 .group         0x0000000000000000        0xc ./Src/syscalls.o
 .group         0x0000000000000000        0xc ./Src/syscalls.o
 .group         0x0000000000000000        0xc ./Src/syscalls.o
 .group         0x0000000000000000        0xc ./Src/syscalls.o
 .group         0x0000000000000000        0xc ./Src/syscalls.o
 .group         0x0000000000000000        0xc ./Src/syscalls.o
 .group         0x0000000000000000        0xc ./Src/syscalls.o
 .group         0x0000000000000000        0xc ./Src/syscalls.o
 .group         0x0000000000000000        0xc ./Src/syscalls.o
 .group         0x0000000000000000        0xc ./Src/syscalls.o
 .group         0x0000000000000000        0xc ./Src/syscalls.o
 .group         0x0000000000000000        0xc ./Src/syscalls.o
 .group         0x0000000000000000        0xc ./Src/syscalls.o
 .text          0x0000000000000000        0x0 ./Src/syscalls.o
 .data          0x0000000000000000        0x0 ./Src/syscalls.o
 .bss           0x0000000000000000        0x0 ./Src/syscalls.o
 .bss.__env     0x0000000000000000        0x4 ./Src/syscalls.o
 .data.environ  0x0000000000000000        0x4 ./Src/syscalls.o
 .text.initialise_monitor_handles
                0x0000000000000000        0xe ./Src/syscalls.o
 .text._getpid  0x0000000000000000       0x10 ./Src/syscalls.o
 .text._kill    0x0000000000000000       0x20 ./Src/syscalls.o
 .text._exit    0x0000000000000000       0x14 ./Src/syscalls.o
 .text._read    0x0000000000000000       0x3a ./Src/syscalls.o
 .text._write   0x0000000000000000       0x38 ./Src/syscalls.o
 .text._close   0x0000000000000000       0x18 ./Src/syscalls.o
 .text._fstat   0x0000000000000000       0x20 ./Src/syscalls.o
 .text._isatty  0x0000000000000000       0x16 ./Src/syscalls.o
 .text._lseek   0x0000000000000000       0x1a ./Src/syscalls.o
 .text._open    0x0000000000000000       0x1c ./Src/syscalls.o
 .text._wait    0x0000000000000000       0x1e ./Src/syscalls.o
 .text._unlink  0x0000000000000000       0x1e ./Src/syscalls.o
 .text._times   0x0000000000000000       0x18 ./Src/syscalls.o
 .text._stat    0x0000000000000000       0x20 ./Src/syscalls.o
 .text._link    0x0000000000000000       0x20 ./Src/syscalls.o
 .text._fork    0x0000000000000000       0x16 ./Src/syscalls.o
 .text._execve  0x0000000000000000       0x22 ./Src/syscalls.o
 .debug_info    0x0000000000000000      0x6e0 ./Src/syscalls.o
 .debug_abbrev  0x0000000000000000      0x1b3 ./Src/syscalls.o
 .debug_aranges
                0x0000000000000000       0xa8 ./Src/syscalls.o
 .debug_ranges  0x0000000000000000       0x98 ./Src/syscalls.o
 .debug_macro   0x0000000000000000      0x24c ./Src/syscalls.o
 .debug_macro   0x0000000000000000      0xa7e ./Src/syscalls.o
 .debug_macro   0x0000000000000000       0x22 ./Src/syscalls.o
 .debug_macro   0x0000000000000000       0x4c ./Src/syscalls.o
 .debug_macro   0x0000000000000000       0x1e ./Src/syscalls.o
 .debug_macro   0x0000000000000000       0x94 ./Src/syscalls.o
 .debug_macro   0x0000000000000000       0x3c ./Src/syscalls.o
 .debug_macro   0x0000000000000000       0x34 ./Src/syscalls.o
 .debug_macro   0x0000000000000000       0x57 ./Src/syscalls.o
 .debug_macro   0x0000000000000000      0x174 ./Src/syscalls.o
 .debug_macro   0x0000000000000000      0x341 ./Src/syscalls.o
 .debug_macro   0x0000000000000000       0x16 ./Src/syscalls.o
 .debug_macro   0x0000000000000000       0x43 ./Src/syscalls.o
 .debug_macro   0x0000000000000000       0x34 ./Src/syscalls.o
 .debug_macro   0x0000000000000000       0x10 ./Src/syscalls.o
 .debug_macro   0x0000000000000000       0x58 ./Src/syscalls.o
 .debug_macro   0x0000000000000000       0x71 ./Src/syscalls.o
 .debug_macro   0x0000000000000000       0x1c ./Src/syscalls.o
 .debug_macro   0x0000000000000000      0x12a ./Src/syscalls.o
 .debug_macro   0x0000000000000000       0x10 ./Src/syscalls.o
 .debug_macro   0x0000000000000000       0x35 ./Src/syscalls.o
 .debug_macro   0x0000000000000000       0x10 ./Src/syscalls.o
 .debug_macro   0x0000000000000000       0x10 ./Src/syscalls.o
 .debug_macro   0x0000000000000000       0x10 ./Src/syscalls.o
 .debug_macro   0x0000000000000000       0x6a ./Src/syscalls.o
 .debug_macro   0x0000000000000000       0x1c ./Src/syscalls.o
 .debug_macro   0x0000000000000000       0x52 ./Src/syscalls.o
 .debug_macro   0x0000000000000000       0x22 ./Src/syscalls.o
 .debug_macro   0x0000000000000000       0x10 ./Src/syscalls.o
 .debug_macro   0x0000000000000000       0x52 ./Src/syscalls.o
 .debug_macro   0x0000000000000000       0xd5 ./Src/syscalls.o
 .debug_macro   0x0000000000000000       0x1c ./Src/syscalls.o
 .debug_macro   0x0000000000000000       0x3d ./Src/syscalls.o
 .debug_macro   0x0000000000000000       0x35 ./Src/syscalls.o
 .debug_macro   0x0000000000000000      0x12c ./Src/syscalls.o
 .debug_macro   0x0000000000000000       0x16 ./Src/syscalls.o
 .debug_macro   0x0000000000000000       0x16 ./Src/syscalls.o
 .debug_macro   0x0000000000000000       0x29 ./Src/syscalls.o
 .debug_macro   0x0000000000000000       0x10 ./Src/syscalls.o
 .debug_macro   0x0000000000000000      0x241 ./Src/syscalls.o
 .debug_macro   0x0000000000000000       0x1c ./Src/syscalls.o
 .debug_macro   0x0000000000000000       0x10 ./Src/syscalls.o
 .debug_macro   0x0000000000000000       0x10 ./Src/syscalls.o
 .debug_macro   0x0000000000000000       0x16 ./Src/syscalls.o
 .debug_macro   0x0000000000000000      0x145 ./Src/syscalls.o
 .debug_macro   0x0000000000000000      0x189 ./Src/syscalls.o
 .debug_macro   0x0000000000000000       0x16 ./Src/syscalls.o
 .debug_macro   0x0000000000000000       0xce ./Src/syscalls.o
 .debug_line    0x0000000000000000      0x7f9 ./Src/syscalls.o
 .debug_str     0x0000000000000000     0x8a7f ./Src/syscalls.o
 .comment       0x0000000000000000       0x51 ./Src/syscalls.o
 .debug_frame   0x0000000000000000      0x2ac ./Src/syscalls.o
 .ARM.attributes
                0x0000000000000000       0x34 ./Src/syscalls.o
 .group         0x0000000000000000        0xc ./Src/sysmem.o
 .group         0x0000000000000000        0xc ./Src/sysmem.o
 .group         0x0000000000000000        0xc ./Src/sysmem.o
 .group         0x0000000000000000        0xc ./Src/sysmem.o
 .group         0x0000000000000000        0xc ./Src/sysmem.o
 .group         0x0000000000000000        0xc ./Src/sysmem.o
 .group         0x0000000000000000        0xc ./Src/sysmem.o
 .group         0x0000000000000000        0xc ./Src/sysmem.o
 .group         0x0000000000000000        0xc ./Src/sysmem.o
 .group         0x0000000000000000        0xc ./Src/sysmem.o
 .group         0x0000000000000000        0xc ./Src/sysmem.o
 .group         0x0000000000000000        0xc ./Src/sysmem.o
 .group         0x0000000000000000        0xc ./Src/sysmem.o
 .group         0x0000000000000000        0xc ./Src/sysmem.o
 .group         0x0000000000000000        0xc ./Src/sysmem.o
 .group         0x0000000000000000        0xc ./Src/sysmem.o
 .group         0x0000000000000000        0xc ./Src/sysmem.o
 .group         0x0000000000000000        0xc ./Src/sysmem.o
 .group         0x0000000000000000        0xc ./Src/sysmem.o
 .group         0x0000000000000000        0xc ./Src/sysmem.o
 .group         0x0000000000000000        0xc ./Src/sysmem.o
 .group         0x0000000000000000        0xc ./Src/sysmem.o
 .text          0x0000000000000000        0x0 ./Src/sysmem.o
 .data          0x0000000000000000        0x0 ./Src/sysmem.o
 .bss           0x0000000000000000        0x0 ./Src/sysmem.o
 .bss.__sbrk_heap_end
                0x0000000000000000        0x4 ./Src/sysmem.o
 .text._sbrk    0x0000000000000000       0x6c ./Src/sysmem.o
 .debug_info    0x0000000000000000      0x171 ./Src/sysmem.o
 .debug_abbrev  0x0000000000000000       0xbb ./Src/sysmem.o
 .debug_aranges
                0x0000000000000000       0x20 ./Src/sysmem.o
 .debug_ranges  0x0000000000000000       0x10 ./Src/sysmem.o
 .debug_macro   0x0000000000000000       0xff ./Src/sysmem.o
 .debug_macro   0x0000000000000000      0xa7e ./Src/sysmem.o
 .debug_macro   0x0000000000000000       0x10 ./Src/sysmem.o
 .debug_macro   0x0000000000000000       0x22 ./Src/sysmem.o
 .debug_macro   0x0000000000000000       0x4c ./Src/sysmem.o
 .debug_macro   0x0000000000000000       0x1e ./Src/sysmem.o
 .debug_macro   0x0000000000000000       0x94 ./Src/sysmem.o
 .debug_macro   0x0000000000000000       0x3c ./Src/sysmem.o
 .debug_macro   0x0000000000000000       0x34 ./Src/sysmem.o
 .debug_macro   0x0000000000000000      0x174 ./Src/sysmem.o
 .debug_macro   0x0000000000000000       0x16 ./Src/sysmem.o
 .debug_macro   0x0000000000000000       0x43 ./Src/sysmem.o
 .debug_macro   0x0000000000000000       0x57 ./Src/sysmem.o
 .debug_macro   0x0000000000000000       0x34 ./Src/sysmem.o
 .debug_macro   0x0000000000000000       0x10 ./Src/sysmem.o
 .debug_macro   0x0000000000000000       0x58 ./Src/sysmem.o
 .debug_macro   0x0000000000000000       0x71 ./Src/sysmem.o
 .debug_macro   0x0000000000000000       0x1c ./Src/sysmem.o
 .debug_macro   0x0000000000000000      0x12a ./Src/sysmem.o
 .debug_macro   0x0000000000000000      0x23b ./Src/sysmem.o
 .debug_macro   0x0000000000000000      0x103 ./Src/sysmem.o
 .debug_macro   0x0000000000000000       0x6a ./Src/sysmem.o
 .debug_macro   0x0000000000000000      0x1df ./Src/sysmem.o
 .debug_line    0x0000000000000000      0x4ef ./Src/sysmem.o
 .debug_str     0x0000000000000000     0x5dbb ./Src/sysmem.o
 .comment       0x0000000000000000       0x51 ./Src/sysmem.o
 .debug_frame   0x0000000000000000       0x34 ./Src/sysmem.o
 .ARM.attributes
                0x0000000000000000       0x34 ./Src/sysmem.o
 .text          0x0000000000000000       0x14 ./Startup/startup_stm32f401ccux.o
 .data          0x0000000000000000        0x0 ./Startup/startup_stm32f401ccux.o
 .bss           0x0000000000000000        0x0 ./Startup/startup_stm32f401ccux.o
 .text          0x0000000000000000        0x0 c:/st/stm32cubeide_1.12.0/stm32cubeide/plugins/com.st.stm32cube.ide.mcu.externaltools.gnu-tools-for-stm32.10.3-2021.10.win32_1.0.200.202301161003/tools/bin/../lib/gcc/arm-none-eabi/10.3.1/../../../../arm-none-eabi/lib/thumb/v7e-m+fp/hard\libc_nano.a(lib_a-errno.o)
 .data          0x0000000000000000        0x0 c:/st/stm32cubeide_1.12.0/stm32cubeide/plugins/com.st.stm32cube.ide.mcu.externaltools.gnu-tools-for-stm32.10.3-2021.10.win32_1.0.200.202301161003/tools/bin/../lib/gcc/arm-none-eabi/10.3.1/../../../../arm-none-eabi/lib/thumb/v7e-m+fp/hard\libc_nano.a(lib_a-errno.o)
 .bss           0x0000000000000000        0x0 c:/st/stm32cubeide_1.12.0/stm32cubeide/plugins/com.st.stm32cube.ide.mcu.externaltools.gnu-tools-for-stm32.10.3-2021.10.win32_1.0.200.202301161003/tools/bin/../lib/gcc/arm-none-eabi/10.3.1/../../../../arm-none-eabi/lib/thumb/v7e-m+fp/hard\libc_nano.a(lib_a-errno.o)
 .text.__errno  0x0000000000000000        0xc c:/st/stm32cubeide_1.12.0/stm32cubeide/plugins/com.st.stm32cube.ide.mcu.externaltools.gnu-tools-for-stm32.10.3-2021.10.win32_1.0.200.202301161003/tools/bin/../lib/gcc/arm-none-eabi/10.3.1/../../../../arm-none-eabi/lib/thumb/v7e-m+fp/hard\libc_nano.a(lib_a-errno.o)
 .debug_frame   0x0000000000000000       0x20 c:/st/stm32cubeide_1.12.0/stm32cubeide/plugins/com.st.stm32cube.ide.mcu.externaltools.gnu-tools-for-stm32.10.3-2021.10.win32_1.0.200.202301161003/tools/bin/../lib/gcc/arm-none-eabi/10.3.1/../../../../arm-none-eabi/lib/thumb/v7e-m+fp/hard\libc_nano.a(lib_a-errno.o)
 .ARM.attributes
                0x0000000000000000       0x34 c:/st/stm32cubeide_1.12.0/stm32cubeide/plugins/com.st.stm32cube.ide.mcu.externaltools.gnu-tools-for-stm32.10.3-2021.10.win32_1.0.200.202301161003/tools/bin/../lib/gcc/arm-none-eabi/10.3.1/../../../../arm-none-eabi/lib/thumb/v7e-m+fp/hard\libc_nano.a(lib_a-errno.o)
 .text          0x0000000000000000        0x0 c:/st/stm32cubeide_1.12.0/stm32cubeide/plugins/com.st.stm32cube.ide.mcu.externaltools.gnu-tools-for-stm32.10.3-2021.10.win32_1.0.200.202301161003/tools/bin/../lib/gcc/arm-none-eabi/10.3.1/../../../../arm-none-eabi/lib/thumb/v7e-m+fp/hard\libc_nano.a(lib_a-exit.o)
 .data          0x0000000000000000        0x0 c:/st/stm32cubeide_1.12.0/stm32cubeide/plugins/com.st.stm32cube.ide.mcu.externaltools.gnu-tools-for-stm32.10.3-2021.10.win32_1.0.200.202301161003/tools/bin/../lib/gcc/arm-none-eabi/10.3.1/../../../../arm-none-eabi/lib/thumb/v7e-m+fp/hard\libc_nano.a(lib_a-exit.o)
 .bss           0x0000000000000000        0x0 c:/st/stm32cubeide_1.12.0/stm32cubeide/plugins/com.st.stm32cube.ide.mcu.externaltools.gnu-tools-for-stm32.10.3-2021.10.win32_1.0.200.202301161003/tools/bin/../lib/gcc/arm-none-eabi/10.3.1/../../../../arm-none-eabi/lib/thumb/v7e-m+fp/hard\libc_nano.a(lib_a-exit.o)
 .text.exit     0x0000000000000000       0x28 c:/st/stm32cubeide_1.12.0/stm32cubeide/plugins/com.st.stm32cube.ide.mcu.externaltools.gnu-tools-for-stm32.10.3-2021.10.win32_1.0.200.202301161003/tools/bin/../lib/gcc/arm-none-eabi/10.3.1/../../../../arm-none-eabi/lib/thumb/v7e-m+fp/hard\libc_nano.a(lib_a-exit.o)
 .debug_frame   0x0000000000000000       0x28 c:/st/stm32cubeide_1.12.0/stm32cubeide/plugins/com.st.stm32cube.ide.mcu.externaltools.gnu-tools-for-stm32.10.3-2021.10.win32_1.0.200.202301161003/tools/bin/../lib/gcc/arm-none-eabi/10.3.1/../../../../arm-none-eabi/lib/thumb/v7e-m+fp/hard\libc_nano.a(lib_a-exit.o)
 .ARM.attributes
                0x0000000000000000       0x34 c:/st/stm32cubeide_1.12.0/stm32cubeide/plugins/com.st.stm32cube.ide.mcu.externaltools.gnu-tools-for-stm32.10.3-2021.10.win32_1.0.200.202301161003/tools/bin/../lib/gcc/arm-none-eabi/10.3.1/../../../../arm-none-eabi/lib/thumb/v7e-m+fp/hard\libc_nano.a(lib_a-exit.o)
 .text          0x0000000000000000        0x0 c:/st/stm32cubeide_1.12.0/stm32cubeide/plugins/com.st.stm32cube.ide.mcu.externaltools.gnu-tools-for-stm32.10.3-2021.10.win32_1.0.200.202301161003/tools/bin/../lib/gcc/arm-none-eabi/10.3.1/../../../../arm-none-eabi/lib/thumb/v7e-m+fp/hard\libc_nano.a(lib_a-impure.o)
 .data          0x0000000000000000        0x0 c:/st/stm32cubeide_1.12.0/stm32cubeide/plugins/com.st.stm32cube.ide.mcu.externaltools.gnu-tools-for-stm32.10.3-2021.10.win32_1.0.200.202301161003/tools/bin/../lib/gcc/arm-none-eabi/10.3.1/../../../../arm-none-eabi/lib/thumb/v7e-m+fp/hard\libc_nano.a(lib_a-impure.o)
 .bss           0x0000000000000000        0x0 c:/st/stm32cubeide_1.12.0/stm32cubeide/plugins/com.st.stm32cube.ide.mcu.externaltools.gnu-tools-for-stm32.10.3-2021.10.win32_1.0.200.202301161003/tools/bin/../lib/gcc/arm-none-eabi/10.3.1/../../../../arm-none-eabi/lib/thumb/v7e-m+fp/hard\libc_nano.a(lib_a-impure.o)
 .data._impure_ptr
                0x0000000000000000        0x4 c:/st/stm32cubeide_1.12.0/stm32cubeide/plugins/com.st.stm32cube.ide.mcu.externaltools.gnu-tools-for-stm32.10.3-2021.10.win32_1.0.200.202301161003/tools/bin/../lib/gcc/arm-none-eabi/10.3.1/../../../../arm-none-eabi/lib/thumb/v7e-m+fp/hard\libc_nano.a(lib_a-impure.o)
 .data.impure_data
                0x0000000000000000       0x60 c:/st/stm32cubeide_1.12.0/stm32cubeide/plugins/com.st.stm32cube.ide.mcu.externaltools.gnu-tools-for-stm32.10.3-2021.10.win32_1.0.200.202301161003/tools/bin/../lib/gcc/arm-none-eabi/10.3.1/../../../../arm-none-eabi/lib/thumb/v7e-m+fp/hard\libc_nano.a(lib_a-impure.o)
 .rodata._global_impure_ptr
                0x0000000000000000        0x4 c:/st/stm32cubeide_1.12.0/stm32cubeide/plugins/com.st.stm32cube.ide.mcu.externaltools.gnu-tools-for-stm32.10.3-2021.10.win32_1.0.200.202301161003/tools/bin/../lib/gcc/arm-none-eabi/10.3.1/../../../../arm-none-eabi/lib/thumb/v7e-m+fp/hard\libc_nano.a(lib_a-impure.o)
 .ARM.attributes
                0x0000000000000000       0x34 c:/st/stm32cubeide_1.12.0/stm32cubeide/plugins/com.st.stm32cube.ide.mcu.externaltools.gnu-tools-for-stm32.10.3-2021.10.win32_1.0.200.202301161003/tools/bin/../lib/gcc/arm-none-eabi/10.3.1/../../../../arm-none-eabi/lib/thumb/v7e-m+fp/hard\libc_nano.a(lib_a-impure.o)
 .text          0x0000000000000000        0x0 c:/st/stm32cubeide_1.12.0/stm32cubeide/plugins/com.st.stm32cube.ide.mcu.externaltools.gnu-tools-for-stm32.10.3-2021.10.win32_1.0.200.202301161003/tools/bin/../lib/gcc/arm-none-eabi/10.3.1/../../../../arm-none-eabi/lib/thumb/v7e-m+fp/hard\libc_nano.a(lib_a-init.o)
 .data          0x0000000000000000        0x0 c:/st/stm32cubeide_1.12.0/stm32cubeide/plugins/com.st.stm32cube.ide.mcu.externaltools.gnu-tools-for-stm32.10.3-2021.10.win32_1.0.200.202301161003/tools/bin/../lib/gcc/arm-none-eabi/10.3.1/../../../../arm-none-eabi/lib/thumb/v7e-m+fp/hard\libc_nano.a(lib_a-init.o)
 .bss           0x0000000000000000        0x0 c:/st/stm32cubeide_1.12.0/stm32cubeide/plugins/com.st.stm32cube.ide.mcu.externaltools.gnu-tools-for-stm32.10.3-2021.10.win32_1.0.200.202301161003/tools/bin/../lib/gcc/arm-none-eabi/10.3.1/../../../../arm-none-eabi/lib/thumb/v7e-m+fp/hard\libc_nano.a(lib_a-init.o)
 .text          0x0000000000000000        0x0 c:/st/stm32cubeide_1.12.0/stm32cubeide/plugins/com.st.stm32cube.ide.mcu.externaltools.gnu-tools-for-stm32.10.3-2021.10.win32_1.0.200.202301161003/tools/bin/../lib/gcc/arm-none-eabi/10.3.1/../../../../arm-none-eabi/lib/thumb/v7e-m+fp/hard\libc_nano.a(lib_a-memset.o)
 .data          0x0000000000000000        0x0 c:/st/stm32cubeide_1.12.0/stm32cubeide/plugins/com.st.stm32cube.ide.mcu.externaltools.gnu-tools-for-stm32.10.3-2021.10.win32_1.0.200.202301161003/tools/bin/../lib/gcc/arm-none-eabi/10.3.1/../../../../arm-none-eabi/lib/thumb/v7e-m+fp/hard\libc_nano.a(lib_a-memset.o)
 .bss           0x0000000000000000        0x0 c:/st/stm32cubeide_1.12.0/stm32cubeide/plugins/com.st.stm32cube.ide.mcu.externaltools.gnu-tools-for-stm32.10.3-2021.10.win32_1.0.200.202301161003/tools/bin/../lib/gcc/arm-none-eabi/10.3.1/../../../../arm-none-eabi/lib/thumb/v7e-m+fp/hard\libc_nano.a(lib_a-memset.o)
 .text.memset   0x0000000000000000       0x10 c:/st/stm32cubeide_1.12.0/stm32cubeide/plugins/com.st.stm32cube.ide.mcu.externaltools.gnu-tools-for-stm32.10.3-2021.10.win32_1.0.200.202301161003/tools/bin/../lib/gcc/arm-none-eabi/10.3.1/../../../../arm-none-eabi/lib/thumb/v7e-m+fp/hard\libc_nano.a(lib_a-memset.o)
 .debug_frame   0x0000000000000000       0x20 c:/st/stm32cubeide_1.12.0/stm32cubeide/plugins/com.st.stm32cube.ide.mcu.externaltools.gnu-tools-for-stm32.10.3-2021.10.win32_1.0.200.202301161003/tools/bin/../lib/gcc/arm-none-eabi/10.3.1/../../../../arm-none-eabi/lib/thumb/v7e-m+fp/hard\libc_nano.a(lib_a-memset.o)
 .ARM.attributes
                0x0000000000000000       0x34 c:/st/stm32cubeide_1.12.0/stm32cubeide/plugins/com.st.stm32cube.ide.mcu.externaltools.gnu-tools-for-stm32.10.3-2021.10.win32_1.0.200.202301161003/tools/bin/../lib/gcc/arm-none-eabi/10.3.1/../../../../arm-none-eabi/lib/thumb/v7e-m+fp/hard\libc_nano.a(lib_a-memset.o)
 .text          0x0000000000000000        0x0 c:/st/stm32cubeide_1.12.0/stm32cubeide/plugins/com.st.stm32cube.ide.mcu.externaltools.gnu-tools-for-stm32.10.3-2021.10.win32_1.0.200.202301161003/tools/bin/../lib/gcc/arm-none-eabi/10.3.1/thumb/v7e-m+fp/hard/crtend.o
 .data          0x0000000000000000        0x0 c:/st/stm32cubeide_1.12.0/stm32cubeide/plugins/com.st.stm32cube.ide.mcu.externaltools.gnu-tools-for-stm32.10.3-2021.10.win32_1.0.200.202301161003/tools/bin/../lib/gcc/arm-none-eabi/10.3.1/thumb/v7e-m+fp/hard/crtend.o
 .bss           0x0000000000000000        0x0 c:/st/stm32cubeide_1.12.0/stm32cubeide/plugins/com.st.stm32cube.ide.mcu.externaltools.gnu-tools-for-stm32.10.3-2021.10.win32_1.0.200.202301161003/tools/bin/../lib/gcc/arm-none-eabi/10.3.1/thumb/v7e-m+fp/hard/crtend.o
 .rodata        0x0000000000000000       0x24 c:/st/stm32cubeide_1.12.0/stm32cubeide/plugins/com.st.stm32cube.ide.mcu.externaltools.gnu-tools-for-stm32.10.3-2021.10.win32_1.0.200.202301161003/tools/bin/../lib/gcc/arm-none-eabi/10.3.1/thumb/v7e-m+fp/hard/crtend.o
 .eh_frame      0x0000000000000000        0x4 c:/st/stm32cubeide_1.12.0/stm32cubeide/plugins/com.st.stm32cube.ide.mcu.externaltools.gnu-tools-for-stm32.10.3-2021.10.win32_1.0.200.202301161003/tools/bin/../lib/gcc/arm-none-eabi/10.3.1/thumb/v7e-m+fp/hard/crtend.o
 .ARM.attributes
                0x0000000000000000       0x34 c:/st/stm32cubeide_1.12.0/stm32cubeide/plugins/com.st.stm32cube.ide.mcu.externaltools.gnu-tools-for-stm32.10.3-2021.10.win32_1.0.200.202301161003/tools/bin/../lib/gcc/arm-none-eabi/10.3.1/thumb/v7e-m+fp/hard/crtend.o
 .text          0x0000000000000000        0x0 c:/st/stm32cubeide_1.12.0/stm32cubeide/plugins/com.st.stm32cube.ide.mcu.externaltools.gnu-tools-for-stm32.10.3-2021.10.win32_1.0.200.202301161003/tools/bin/../lib/gcc/arm-none-eabi/10.3.1/thumb/v7e-m+fp/hard/crtn.o
 .data          0x0000000000000000        0x0 c:/st/stm32cubeide_1.12.0/stm32cubeide/plugins/com.st.stm32cube.ide.mcu.externaltools.gnu-tools-for-stm32.10.3-2021.10.win32_1.0.200.202301161003/tools/bin/../lib/gcc/arm-none-eabi/10.3.1/thumb/v7e-m+fp/hard/crtn.o
 .bss           0x0000000000000000        0x0 c:/st/stm32cubeide_1.12.0/stm32cubeide/plugins/com.st.stm32cube.ide.mcu.externaltools.gnu-tools-for-stm32.10.3-2021.10.win32_1.0.200.202301161003/tools/bin/../lib/gcc/arm-none-eabi/10.3.1/thumb/v7e-m+fp/hard/crtn.o

Memory Configuration

Name             Origin             Length             Attributes
RAM              0x0000000020000000 0x0000000000010000 xrw
FLASH            0x0000000008004000 0x000000000003c000 xr
*default*        0x0000000000000000 0xffffffffffffffff

Linker script and memory map

LOAD c:/st/stm32cubeide_1.12.0/stm32cubeide/plugins/com.st.stm32cube.ide.mcu.externaltools.gnu-tools-for-stm32.10.3-2021.10.win32_1.0.200.202301161003/tools/bin/../lib/gcc/arm-none-eabi/10.3.1/thumb/v7e-m+fp/hard/crti.o
LOAD c:/st/stm32cubeide_1.12.0/stm32cubeide/plugins/com.st.stm32cube.ide.mcu.externaltools.gnu-tools-for-stm32.10.3-2021.10.win32_1.0.200.202301161003/tools/bin/../lib/gcc/arm-none-eabi/10.3.1/thumb/v7e-m+fp/hard/crtbegin.o
LOAD c:/st/stm32cubeide_1.12.0/stm32cubeide/plugins/com.st.stm32cube.ide.mcu.externaltools.gnu-tools-for-stm32.10.3-2021.10.win32_1.0.200.202301161003/tools/bin/../lib/gcc/arm-none-eabi/10.3.1/../../../../arm-none-eabi/lib/thumb/v7e-m+fp/hard/crt0.o
LOAD ./Src/HAL/Segment.o
LOAD ./Src/MCAL/GPIO/GPIO_PRG.o
LOAD ./Src/MCAL/RCC/RCC_PRG.o
LOAD ./Src/main.o
LOAD ./Src/syscalls.o
LOAD ./Src/sysmem.o
LOAD ./Startup/startup_stm32f401ccux.o
START GROUP
LOAD c:/st/stm32cubeide_1.12.0/stm32cubeide/plugins/com.st.stm32cube.ide.mcu.externaltools.gnu-tools-for-stm32.10.3-2021.10.win32_1.0.200.202301161003/tools/bin/../lib/gcc/arm-none-eabi/10.3.1/../../../../arm-none-eabi/lib/thumb/v7e-m+fp/hard\libc_nano.a
LOAD c:/st/stm32cubeide_1.12.0/stm32cubeide/plugins/com.st.stm32cube.ide.mcu.externaltools.gnu-tools-for-stm32.10.3-2021.10.win32_1.0.200.202301161003/tools/bin/../lib/gcc/arm-none-eabi/10.3.1/../../../../arm-none-eabi/lib/thumb/v7e-m+fp/hard\libm.a
END GROUP
START GROUP
LOAD c:/st/stm32cubeide_1.12.0/stm32cubeide/plugins/com.st.stm32cube.ide.mcu.externaltools.gnu-tools-for-stm32.10.3-2021.10.win32_1.0.200.202301161003/tools/bin/../lib/gcc/arm-none-eabi/10.3.1/thumb/v7e-m+fp/hard\libgcc.a
LOAD c:/st/stm32cubeide_1.12.0/stm32cubeide/plugins/com.st.stm32cube.ide.mcu.externaltools.gnu-tools-for-stm32.10.3-2021.10.win32_1.0.200.202301161003/tools/bin/../lib/gcc/arm-none-eabi/10.3.1/../../../../arm-none-eabi/lib/thumb/v7e-m+fp/hard\libc_nano.a
END GROUP
START GROUP
LOAD c:/st/stm32cubeide_1.12.0/stm32cubeide/plugins/com.st.stm32cube.ide.mcu.externaltools.gnu-tools-for-stm32.10.3-2021.10.win32_1.0.200.202301161003/tools/bin/../lib/gcc/arm-none-eabi/10.3.1/thumb/v7e-m+fp/hard\libgcc.a
LOAD c:/st/stm32cubeide_1.12.0/stm32cubeide/plugins/com.st.stm32cube.ide.mcu.externaltools.gnu-tools-for-stm32.10.3-2021.10.win32_1.0.200.202301161003/tools/bin/../lib/gcc/arm-none-eabi/10.3.1/../../../../arm-none-eabi/lib/thumb/v7e-m+fp/hard\libc_nano.a
LOAD c:/st/stm32cubeide_1.12.0/stm32cubeide/plugins/com.st.stm32cube.ide.mcu.externaltools.gnu-tools-for-stm32.10.3-2021.10.win32_1.0.200.202301161003/tools/bin/../lib/gcc/arm-none-eabi/10.3.1/../../../../arm-none-eabi/lib/thumb/v7e-m+fp/hard\libnosys.a
END GROUP
START GROUP
LOAD c:/st/stm32cubeide_1.12.0/stm32cubeide/plugins/com.st.stm32cube.ide.mcu.externaltools.gnu-tools-for-stm32.10.3-2021.10.win32_1.0.200.202301161003/tools/bin/../lib/gcc/arm-none-eabi/10.3.1/thumb/v7e-m+fp/hard\libgcc.a
LOAD c:/st/stm32cubeide_1.12.0/stm32cubeide/plugins/com.st.stm32cube.ide.mcu.externaltools.gnu-tools-for-stm32.10.3-2021.10.win32_1.0.200.202301161003/tools/bin/../lib/gcc/arm-none-eabi/10.3.1/../../../../arm-none-eabi/lib/thumb/v7e-m+fp/hard\libc_nano.a
LOAD c:/st/stm32cubeide_1.12.0/stm32cubeide/plugins/com.st.stm32cube.ide.mcu.externaltools.gnu-tools-for-stm32.10.3-2021.10.win32_1.0.200.202301161003/tools/bin/../lib/gcc/arm-none-eabi/10.3.1/../../../../arm-none-eabi/lib/thumb/v7e-m+fp/hard\libnosys.a
END GROUP
LOAD c:/st/stm32cubeide_1.12.0/stm32cubeide/plugins/com.st.stm32cube.ide.mcu.externaltools.gnu-tools-for-stm32.10.3-2021.10.win32_1.0.200.202301161003/tools/bin/../lib/gcc/arm-none-eabi/10.3.1/thumb/v7e-m+fp/hard/crtend.o
LOAD c:/st/stm32cubeide_1.12.0/stm32cubeide/plugins/com.st.stm32cube.ide.mcu.externaltools.gnu-tools-for-stm32.10.3-2021.10.win32_1.0.200.202301161003/tools/bin/../lib/gcc/arm-none-eabi/10.3.1/thumb/v7e-m+fp/hard/crtn.o
                0x0000000020010000                _estack = (ORIGIN (RAM) + LENGTH (RAM))
                0x0000000000000200                _Min_Heap_Size = 0x200
                0x0000000000000400                _Min_Stack_Size = 0x400

.isr_vector     0x0000000008004000      0x194
                0x0000000008004000                . = ALIGN (0x4)
 *(.isr_vector)
 .isr_vector    0x0000000008004000      0x194 ./Startup/startup_stm32f401ccux.o
                0x0000000008004000                g_pfnVectors
                0x0000000008004194                . = ALIGN (0x4)

.text           0x0000000008004194      0x7b8
                0x0000000008004194                . = ALIGN (0x4)
 *(.text)
 .text          0x0000000008004194       0x40 c:/st/stm32cubeide_1.12.0/stm32cubeide/plugins/com.st.stm32cube.ide.mcu.externaltools.gnu-tools-for-stm32.10.3-2021.10.win32_1.0.200.202301161003/tools/bin/../lib/gcc/arm-none-eabi/10.3.1/thumb/v7e-m+fp/hard/crtbegin.o
 *(.text*)
 .text.MGPIO_vSetPinType
                0x00000000080041d4      0x17c ./Src/MCAL/GPIO/GPIO_PRG.o
                0x00000000080041d4                MGPIO_vSetPinType
 .text.MGPIO_vSetOutputPinType
                0x0000000008004350      0x168 ./Src/MCAL/GPIO/GPIO_PRG.o
                0x0000000008004350                MGPIO_vSetOutputPinType
 .text.MGPIO_vSetOutputPinSpeed
                0x00000000080044b8      0x17c ./Src/MCAL/GPIO/GPIO_PRG.o
                0x00000000080044b8                MGPIO_vSetOutputPinSpeed
 .text.MGPIO_vSetOutputPinValue
                0x0000000008004634      0x164 ./Src/MCAL/GPIO/GPIO_PRG.o
                0x0000000008004634                MGPIO_vSetOutputPinValue
 .text.RCC_AHB1EnableCLK
                0x0000000008004798       0x30 ./Src/MCAL/RCC/RCC_PRG.o
                0x0000000008004798                RCC_AHB1EnableCLK
 .text.main     0x00000000080047c8       0xd0 ./Src/main.o
                0x00000000080047c8                main
 .text.Reset_Handler
                0x0000000008004898       0x50 ./Startup/startup_stm32f401ccux.o
                0x0000000008004898                Reset_Handler
 .text.Default_Handler
                0x00000000080048e8        0x2 ./Startup/startup_stm32f401ccux.o
                0x00000000080048e8                EXTI2_IRQHandler
                0x00000000080048e8                DebugMon_Handler
                0x00000000080048e8                SPI4_IRQHandler
                0x00000000080048e8                TIM1_CC_IRQHandler
                0x00000000080048e8                DMA2_Stream5_IRQHandler
                0x00000000080048e8                HardFault_Handler
                0x00000000080048e8                DMA1_Stream5_IRQHandler
                0x00000000080048e8                SysTick_Handler
                0x00000000080048e8                SDIO_IRQHandler
                0x00000000080048e8                TAMP_STAMP_IRQHandler
                0x00000000080048e8                PendSV_Handler
                0x00000000080048e8                NMI_Handler
                0x00000000080048e8                EXTI3_IRQHandler
                0x00000000080048e8                TIM1_UP_TIM10_IRQHandler
                0x00000000080048e8                I2C3_ER_IRQHandler
                0x00000000080048e8                EXTI18_OTG_FS_WKUP_IRQHandler
                0x00000000080048e8                EXTI0_IRQHandler
                0x00000000080048e8                I2C2_EV_IRQHandler
                0x00000000080048e8                DMA1_Stream2_IRQHandler
                0x00000000080048e8                UsageFault_Handler
                0x00000000080048e8                DMA2_Stream2_IRQHandler
                0x00000000080048e8                SPI1_IRQHandler
                0x00000000080048e8                TIM1_BRK_TIM9_IRQHandler
                0x00000000080048e8                DMA2_Stream3_IRQHandler
                0x00000000080048e8                USART6_IRQHandler
                0x00000000080048e8                DMA2_Stream0_IRQHandler
                0x00000000080048e8                TIM4_IRQHandler
                0x00000000080048e8                I2C1_EV_IRQHandler
                0x00000000080048e8                DMA1_Stream6_IRQHandler
                0x00000000080048e8                DMA1_Stream1_IRQHandler
                0x00000000080048e8                TIM3_IRQHandler
                0x00000000080048e8                RCC_IRQHandler
                0x00000000080048e8                Default_Handler
                0x00000000080048e8                EXTI15_10_IRQHandler
                0x00000000080048e8                ADC_IRQHandler
                0x00000000080048e8                DMA1_Stream7_IRQHandler
                0x00000000080048e8                TIM5_IRQHandler
                0x00000000080048e8                DMA2_Stream7_IRQHandler
                0x00000000080048e8                I2C3_EV_IRQHandler
                0x00000000080048e8                EXTI9_5_IRQHandler
                0x00000000080048e8                SPI2_IRQHandler
                0x00000000080048e8                MemManage_Handler
                0x00000000080048e8                DMA1_Stream0_IRQHandler
                0x00000000080048e8                SVC_Handler
                0x00000000080048e8                EXTI4_IRQHandler
                0x00000000080048e8                EXTI22_RTC_WKUP_IRQHandler
                0x00000000080048e8                TIM2_IRQHandler
                0x00000000080048e8                EXTI16_PVD_IRQHandler
                0x00000000080048e8                TIM1_TRG_COM_TIM11_IRQHandler
                0x00000000080048e8                EXTI1_IRQHandler
                0x00000000080048e8                EXTI17_RTC_Alarm_IRQHandler
                0x00000000080048e8                USART2_IRQHandler
                0x00000000080048e8                I2C2_ER_IRQHandler
                0x00000000080048e8                DMA2_Stream1_IRQHandler
                0x00000000080048e8                FLASH_IRQHandler
                0x00000000080048e8                DMA2_Stream4_IRQHandler
                0x00000000080048e8                BusFault_Handler
                0x00000000080048e8                USART1_IRQHandler
                0x00000000080048e8                OTG_FS_IRQHandler
                0x00000000080048e8                SPI3_IRQHandler
                0x00000000080048e8                DMA1_Stream4_IRQHandler
                0x00000000080048e8                I2C1_ER_IRQHandler
                0x00000000080048e8                DMA2_Stream6_IRQHandler
                0x00000000080048e8                DMA1_Stream3_IRQHandler
 *fill*         0x00000000080048ea        0x2 
 .text.__libc_init_array
                0x00000000080048ec       0x48 c:/st/stm32cubeide_1.12.0/stm32cubeide/plugins/com.st.stm32cube.ide.mcu.externaltools.gnu-tools-for-stm32.10.3-2021.10.win32_1.0.200.202301161003/tools/bin/../lib/gcc/arm-none-eabi/10.3.1/../../../../arm-none-eabi/lib/thumb/v7e-m+fp/hard\libc_nano.a(lib_a-init.o)
                0x00000000080048ec                __libc_init_array
 *(.glue_7)
 .glue_7        0x0000000008004934        0x0 linker stubs
 *(.glue_7t)
 .glue_7t       0x0000000008004934        0x0 linker stubs
 *(.eh_frame)
 .eh_frame      0x0000000008004934        0x0 c:/st/stm32cubeide_1.12.0/stm32cubeide/plugins/com.st.stm32cube.ide.mcu.externaltools.gnu-tools-for-stm32.10.3-2021.10.win32_1.0.200.202301161003/tools/bin/../lib/gcc/arm-none-eabi/10.3.1/thumb/v7e-m+fp/hard/crtbegin.o
 *(.init)
 .init          0x0000000008004934        0x4 c:/st/stm32cubeide_1.12.0/stm32cubeide/plugins/com.st.stm32cube.ide.mcu.externaltools.gnu-tools-for-stm32.10.3-2021.10.win32_1.0.200.202301161003/tools/bin/../lib/gcc/arm-none-eabi/10.3.1/thumb/v7e-m+fp/hard/crti.o
                0x0000000008004934                _init
 .init          0x0000000008004938        0x8 c:/st/stm32cubeide_1.12.0/stm32cubeide/plugins/com.st.stm32cube.ide.mcu.externaltools.gnu-tools-for-stm32.10.3-2021.10.win32_1.0.200.202301161003/tools/bin/../lib/gcc/arm-none-eabi/10.3.1/thumb/v7e-m+fp/hard/crtn.o
 *(.fini)
 .fini          0x0000000008004940        0x4 c:/st/stm32cubeide_1.12.0/stm32cubeide/plugins/com.st.stm32cube.ide.mcu.externaltools.gnu-tools-for-stm32.10.3-2021.10.win32_1.0.200.202301161003/tools/bin/../lib/gcc/arm-none-eabi/10.3.1/thumb/v7e-m+fp/hard/crti.o
                0x0000000008004940                _fini
 .fini          0x0000000008004944        0x8 c:/st/stm32cubeide_1.12.0/stm32cubeide/plugins/com.st.stm32cube.ide.mcu.externaltools.gnu-tools-for-stm32.10.3-2021.10.win32_1.0.200.202301161003/tools/bin/../lib/gcc/arm-none-eabi/10.3.1/thumb/v7e-m+fp/hard/crtn.o
                0x000000000800494c                . = ALIGN (0x4)
                0x000000000800494c                _etext = .

.vfp11_veneer   0x000000000800494c        0x0
 .vfp11_veneer  0x000000000800494c        0x0 linker stubs

.v4_bx          0x000000000800494c        0x0
 .v4_bx         0x000000000800494c        0x0 linker stubs

.iplt           0x000000000800494c        0x0
 .iplt          0x000000000800494c        0x0 c:/st/stm32cubeide_1.12.0/stm32cubeide/plugins/com.st.stm32cube.ide.mcu.externaltools.gnu-tools-for-stm32.10.3-2021.10.win32_1.0.200.202301161003/tools/bin/../lib/gcc/arm-none-eabi/10.3.1/thumb/v7e-m+fp/hard/crtbegin.o

.rel.dyn        0x000000000800494c        0x0
 .rel.iplt      0x000000000800494c        0x0 c:/st/stm32cubeide_1.12.0/stm32cubeide/plugins/com.st.stm32cube.ide.mcu.externaltools.gnu-tools-for-stm32.10.3-2021.10.win32_1.0.200.202301161003/tools/bin/../lib/gcc/arm-none-eabi/10.3.1/thumb/v7e-m+fp/hard/crtbegin.o

.rodata         0x000000000800494c        0x0
                0x000000000800494c                . = ALIGN (0x4)
 *(.rodata)
 *(.rodata*)
                0x000000000800494c                . = ALIGN (0x4)

.ARM.extab      0x000000000800494c        0x0
                0x000000000800494c                . = ALIGN (0x4)
 *(.ARM.extab* .gnu.linkonce.armextab.*)
                0x000000000800494c                . = ALIGN (0x4)

.ARM            0x000000000800494c        0x0
                0x000000000800494c                . = ALIGN (0x4)
                0x000000000800494c                __exidx_start = .
 *(.ARM.exidx*)
                0x000000000800494c                __exidx_end = .
                0x000000000800494c                . = ALIGN (0x4)

.preinit_array  0x000000000800494c        0x0
                0x000000000800494c                . = ALIGN (0x4)
                0x000000000800494c                PROVIDE (__preinit_array_start = .)
 *(.preinit_array*)
                0x000000000800494c                PROVIDE (__preinit_array_end = .)
                0x000000000800494c                . = ALIGN (0x4)

.init_array     0x000000000800494c        0x4
                0x000000000800494c                . = ALIGN (0x4)
                0x000000000800494c                PROVIDE (__init_array_start = .)
 *(SORT_BY_NAME(.init_array.*))
 *(.init_array*)
 .init_array    0x000000000800494c        0x4 c:/st/stm32cubeide_1.12.0/stm32cubeide/plugins/com.st.stm32cube.ide.mcu.externaltools.gnu-tools-for-stm32.10.3-2021.10.win32_1.0.200.202301161003/tools/bin/../lib/gcc/arm-none-eabi/10.3.1/thumb/v7e-m+fp/hard/crtbegin.o
                0x0000000008004950                PROVIDE (__init_array_end = .)
                0x0000000008004950                . = ALIGN (0x4)

.fini_array     0x0000000008004950        0x4
                0x0000000008004950                . = ALIGN (0x4)
                [!provide]                        PROVIDE (__fini_array_start = .)
 *(SORT_BY_NAME(.fini_array.*))
 *(.fini_array*)
 .fini_array    0x0000000008004950        0x4 c:/st/stm32cubeide_1.12.0/stm32cubeide/plugins/com.st.stm32cube.ide.mcu.externaltools.gnu-tools-for-stm32.10.3-2021.10.win32_1.0.200.202301161003/tools/bin/../lib/gcc/arm-none-eabi/10.3.1/thumb/v7e-m+fp/hard/crtbegin.o
                [!provide]                        PROVIDE (__fini_array_end = .)
                0x0000000008004954                . = ALIGN (0x4)
                0x0000000008004954                _sidata = LOADADDR (.data)

.data           0x0000000020000000        0x0 load address 0x0000000008004954
                0x0000000020000000                . = ALIGN (0x4)
                0x0000000020000000                _sdata = .
 *(.data)
 *(.data*)
 *(.RamFunc)
 *(.RamFunc*)
                0x0000000020000000                . = ALIGN (0x4)
                0x0000000020000000                _edata = .

.igot.plt       0x0000000020000000        0x0 load address 0x0000000008004954
 .igot.plt      0x0000000020000000        0x0 c:/st/stm32cubeide_1.12.0/stm32cubeide/plugins/com.st.stm32cube.ide.mcu.externaltools.gnu-tools-for-stm32.10.3-2021.10.win32_1.0.200.202301161003/tools/bin/../lib/gcc/arm-none-eabi/10.3.1/thumb/v7e-m+fp/hard/crtbegin.o
                0x0000000020000000                . = ALIGN (0x4)

.bss            0x0000000020000000       0x1c load address 0x0000000008004954
                0x0000000020000000                _sbss = .
                0x0000000020000000                __bss_start__ = _sbss
 *(.bss)
 .bss           0x0000000020000000       0x1c c:/st/stm32cubeide_1.12.0/stm32cubeide/plugins/com.st.stm32cube.ide.mcu.externaltools.gnu-tools-for-stm32.10.3-2021.10.win32_1.0.200.202301161003/tools/bin/../lib/gcc/arm-none-eabi/10.3.1/thumb/v7e-m+fp/hard/crtbegin.o
 *(.bss*)
 *(COMMON)
                0x000000002000001c                . = ALIGN (0x4)
                0x000000002000001c                _ebss = .
                0x000000002000001c                __bss_end__ = _ebss

._user_heap_stack
                0x000000002000001c      0x604 load address 0x0000000008004954
                0x0000000020000020                . = ALIGN (0x8)
 *fill*         0x000000002000001c        0x4 
                [!provide]                        PROVIDE (end = .)
                0x0000000020000020                PROVIDE (_end = .)
                0x0000000020000220                . = (. + _Min_Heap_Size)
 *fill*         0x0000000020000020      0x200 
                0x0000000020000620                . = (. + _Min_Stack_Size)
 *fill*         0x0000000020000220      0x400 
                0x0000000020000620                . = ALIGN (0x8)

/DISCARD/
 libc.a(*)
 libm.a(*)
 libgcc.a(*)

.ARM.attributes
                0x0000000000000000       0x30
 *(.ARM.attributes)
 .ARM.attributes
                0x0000000000000000       0x1e c:/st/stm32cubeide_1.12.0/stm32cubeide/plugins/com.st.stm32cube.ide.mcu.externaltools.gnu-tools-for-stm32.10.3-2021.10.win32_1.0.200.202301161003/tools/bin/../lib/gcc/arm-none-eabi/10.3.1/thumb/v7e-m+fp/hard/crti.o
 .ARM.attributes
                0x000000000000001e       0x34 c:/st/stm32cubeide_1.12.0/stm32cubeide/plugins/com.st.stm32cube.ide.mcu.externaltools.gnu-tools-for-stm32.10.3-2021.10.win32_1.0.200.202301161003/tools/bin/../lib/gcc/arm-none-eabi/10.3.1/thumb/v7e-m+fp/hard/crtbegin.o
 .ARM.attributes
                0x0000000000000052       0x34 ./Src/MCAL/GPIO/GPIO_PRG.o
 .ARM.attributes
                0x0000000000000086       0x34 ./Src/MCAL/RCC/RCC_PRG.o
 .ARM.attributes
                0x00000000000000ba       0x34 ./Src/main.o
 .ARM.attributes
                0x00000000000000ee       0x21 ./Startup/startup_stm32f401ccux.o
 .ARM.attributes
                0x000000000000010f       0x34 c:/st/stm32cubeide_1.12.0/stm32cubeide/plugins/com.st.stm32cube.ide.mcu.externaltools.gnu-tools-for-stm32.10.3-2021.10.win32_1.0.200.202301161003/tools/bin/../lib/gcc/arm-none-eabi/10.3.1/../../../../arm-none-eabi/lib/thumb/v7e-m+fp/hard\libc_nano.a(lib_a-init.o)
 .ARM.attributes
                0x0000000000000143       0x1e c:/st/stm32cubeide_1.12.0/stm32cubeide/plugins/com.st.stm32cube.ide.mcu.externaltools.gnu-tools-for-stm32.10.3-2021.10.win32_1.0.200.202301161003/tools/bin/../lib/gcc/arm-none-eabi/10.3.1/thumb/v7e-m+fp/hard/crtn.o
OUTPUT(2-GPIO-Driver.elf elf32-littlearm)
LOAD linker stubs
LOAD c:/st/stm32cubeide_1.12.0/stm32cubeide/plugins/com.st.stm32cube.ide.mcu.externaltools.gnu-tools-for-stm32.10.3-2021.10.win32_1.0.200.202301161003/tools/bin/../lib/gcc/arm-none-eabi/10.3.1/../../../../arm-none-eabi/lib/thumb/v7e-m+fp/hard\libc.a
LOAD c:/st/stm32cubeide_1.12.0/stm32cubeide/plugins/com.st.stm32cube.ide.mcu.externaltools.gnu-tools-for-stm32.10.3-2021.10.win32_1.0.200.202301161003/tools/bin/../lib/gcc/arm-none-eabi/10.3.1/../../../../arm-none-eabi/lib/thumb/v7e-m+fp/hard\libm.a
LOAD c:/st/stm32cubeide_1.12.0/stm32cubeide/plugins/com.st.stm32cube.ide.mcu.externaltools.gnu-tools-for-stm32.10.3-2021.10.win32_1.0.200.202301161003/tools/bin/../lib/gcc/arm-none-eabi/10.3.1/thumb/v7e-m+fp/hard\libgcc.a

.debug_info     0x0000000000000000     0x1033
 .debug_info    0x0000000000000000      0x5ff ./Src/MCAL/GPIO/GPIO_PRG.o
 .debug_info    0x00000000000005ff      0x731 ./Src/MCAL/RCC/RCC_PRG.o
 .debug_info    0x0000000000000d30      0x2e1 ./Src/main.o
 .debug_info    0x0000000000001011       0x22 ./Startup/startup_stm32f401ccux.o

.debug_abbrev   0x0000000000000000      0x2ae
 .debug_abbrev  0x0000000000000000      0x122 ./Src/MCAL/GPIO/GPIO_PRG.o
 .debug_abbrev  0x0000000000000122       0xc8 ./Src/MCAL/RCC/RCC_PRG.o
 .debug_abbrev  0x00000000000001ea       0xb2 ./Src/main.o
 .debug_abbrev  0x000000000000029c       0x12 ./Startup/startup_stm32f401ccux.o

.debug_aranges  0x0000000000000000      0x120
 .debug_aranges
                0x0000000000000000       0x60 ./Src/MCAL/GPIO/GPIO_PRG.o
 .debug_aranges
                0x0000000000000060       0x78 ./Src/MCAL/RCC/RCC_PRG.o
 .debug_aranges
                0x00000000000000d8       0x20 ./Src/main.o
 .debug_aranges
                0x00000000000000f8       0x28 ./Startup/startup_stm32f401ccux.o

.debug_ranges   0x0000000000000000       0xe8
 .debug_ranges  0x0000000000000000       0x50 ./Src/MCAL/GPIO/GPIO_PRG.o
 .debug_ranges  0x0000000000000050       0x68 ./Src/MCAL/RCC/RCC_PRG.o
 .debug_ranges  0x00000000000000b8       0x10 ./Src/main.o
 .debug_ranges  0x00000000000000c8       0x20 ./Startup/startup_stm32f401ccux.o

.debug_macro    0x0000000000000000      0x9a3
 .debug_macro   0x0000000000000000      0x1c5 ./Src/MCAL/GPIO/GPIO_PRG.o
 .debug_macro   0x00000000000001c5      0x1c3 ./Src/MCAL/RCC/RCC_PRG.o
 .debug_macro   0x0000000000000388      0x208 ./Src/main.o
 .debug_macro   0x0000000000000590       0x8e ./Src/main.o
 .debug_macro   0x000000000000061e       0x51 ./Src/main.o
 .debug_macro   0x000000000000066f      0x103 ./Src/main.o
 .debug_macro   0x0000000000000772      0x1df ./Src/main.o
 .debug_macro   0x0000000000000951       0x52 ./Src/main.o

.debug_line     0x0000000000000000     0x1ae6
 .debug_line    0x0000000000000000      0xc48 ./Src/MCAL/GPIO/GPIO_PRG.o
 .debug_line    0x0000000000000c48      0x73e ./Src/MCAL/RCC/RCC_PRG.o
 .debug_line    0x0000000000001386      0x6dc ./Src/main.o
 .debug_line    0x0000000000001a62       0x84 ./Startup/startup_stm32f401ccux.o

.debug_str      0x0000000000000000     0x885b
 .debug_str     0x0000000000000000     0x7797 ./Src/MCAL/GPIO/GPIO_PRG.o
                                       0x7915 (size before relaxing)
 .debug_str     0x0000000000007797      0x722 ./Src/MCAL/RCC/RCC_PRG.o
                                       0x7a7c (size before relaxing)
 .debug_str     0x0000000000007eb9      0x971 ./Src/main.o
                                       0x8186 (size before relaxing)
 .debug_str     0x000000000000882a       0x31 ./Startup/startup_stm32f401ccux.o
                                         0x62 (size before relaxing)

.comment        0x0000000000000000       0x50
 .comment       0x0000000000000000       0x50 ./Src/MCAL/GPIO/GPIO_PRG.o
                                         0x51 (size before relaxing)
 .comment       0x0000000000000050       0x51 ./Src/MCAL/RCC/RCC_PRG.o
 .comment       0x0000000000000050       0x51 ./Src/main.o

.debug_frame    0x0000000000000000      0x3c0
 .debug_frame   0x0000000000000000      0x178 ./Src/MCAL/GPIO/GPIO_PRG.o
 .debug_frame   0x0000000000000178      0x1f0 ./Src/MCAL/RCC/RCC_PRG.o
 .debug_frame   0x0000000000000368       0x2c ./Src/main.o
 .debug_frame   0x0000000000000394       0x2c c:/st/stm32cubeide_1.12.0/stm32cubeide/plugins/com.st.stm32cube.ide.mcu.externaltools.gnu-tools-for-stm32.10.3-2021.10.win32_1.0.200.202301161003/tools/bin/../lib/gcc/arm-none-eabi/10.3.1/../../../../arm-none-eabi/lib/thumb/v7e-m+fp/hard\libc_nano.a(lib_a-init.o)
