../Src/MCAL/EXTI/EXTI_PRG.c:13:6:EXTI0_IRQHandler	8	static
../Src/MCAL/EXTI/EXTI_PRG.c:19:6:EXTI1_IRQHandler	8	static
../Src/MCAL/EXTI/EXTI_PRG.c:29:6:MEXTI_vInit	0	static
../Src/MCAL/EXTI/EXTI_PRG.c:34:6:MEXTI_vSetInterruptMask	0	static
../Src/MCAL/EXTI/EXTI_PRG.c:52:6:MEXTI_vSetRisingTrigger	0	static
../Src/MCAL/EXTI/EXTI_PRG.c:61:6:MEXTI_vSetFallingTrigger	0	static
../Src/MCAL/EXTI/EXTI_PRG.c:71:6:MEXTI_vSetSoftwareTrigger	0	static
../Src/MCAL/EXTI/EXTI_PRG.c:77:6:MEXTI_vClearInterruptTrigger	0	static
../Src/MCAL/EXTI/EXTI_PRG.c:81:6:MEXTI_vSetEXTI_LineOnPort	8	static
../Src/MCAL/EXTI/EXTI_PRG.c:87:6:MEXTI_vSetCallBack	0	static
