Archive member included to satisfy reference by file (symbol)

c:/st/stm32cubeide_1.12.0/stm32cubeide/plugins/com.st.stm32cube.ide.mcu.externaltools.gnu-tools-for-stm32.10.3-2021.10.win32_1.0.200.202301161003/tools/bin/../lib/gcc/arm-none-eabi/10.3.1/../../../../arm-none-eabi/lib/thumb/v7e-m+fp/hard\libc_nano.a(lib_a-errno.o)
                              ./Src/syscalls.o (__errno)
c:/st/stm32cubeide_1.12.0/stm32cubeide/plugins/com.st.stm32cube.ide.mcu.externaltools.gnu-tools-for-stm32.10.3-2021.10.win32_1.0.200.202301161003/tools/bin/../lib/gcc/arm-none-eabi/10.3.1/../../../../arm-none-eabi/lib/thumb/v7e-m+fp/hard\libc_nano.a(lib_a-exit.o)
                              c:/st/stm32cubeide_1.12.0/stm32cubeide/plugins/com.st.stm32cube.ide.mcu.externaltools.gnu-tools-for-stm32.10.3-2021.10.win32_1.0.200.202301161003/tools/bin/../lib/gcc/arm-none-eabi/10.3.1/../../../../arm-none-eabi/lib/thumb/v7e-m+fp/hard/crt0.o (exit)
c:/st/stm32cubeide_1.12.0/stm32cubeide/plugins/com.st.stm32cube.ide.mcu.externaltools.gnu-tools-for-stm32.10.3-2021.10.win32_1.0.200.202301161003/tools/bin/../lib/gcc/arm-none-eabi/10.3.1/../../../../arm-none-eabi/lib/thumb/v7e-m+fp/hard\libc_nano.a(lib_a-impure.o)
                              c:/st/stm32cubeide_1.12.0/stm32cubeide/plugins/com.st.stm32cube.ide.mcu.externaltools.gnu-tools-for-stm32.10.3-2021.10.win32_1.0.200.202301161003/tools/bin/../lib/gcc/arm-none-eabi/10.3.1/../../../../arm-none-eabi/lib/thumb/v7e-m+fp/hard\libc_nano.a(lib_a-exit.o) (_global_impure_ptr)
c:/st/stm32cubeide_1.12.0/stm32cubeide/plugins/com.st.stm32cube.ide.mcu.externaltools.gnu-tools-for-stm32.10.3-2021.10.win32_1.0.200.202301161003/tools/bin/../lib/gcc/arm-none-eabi/10.3.1/../../../../arm-none-eabi/lib/thumb/v7e-m+fp/hard\libc_nano.a(lib_a-init.o)
                              c:/st/stm32cubeide_1.12.0/stm32cubeide/plugins/com.st.stm32cube.ide.mcu.externaltools.gnu-tools-for-stm32.10.3-2021.10.win32_1.0.200.202301161003/tools/bin/../lib/gcc/arm-none-eabi/10.3.1/../../../../arm-none-eabi/lib/thumb/v7e-m+fp/hard/crt0.o (__libc_init_array)
c:/st/stm32cubeide_1.12.0/stm32cubeide/plugins/com.st.stm32cube.ide.mcu.externaltools.gnu-tools-for-stm32.10.3-2021.10.win32_1.0.200.202301161003/tools/bin/../lib/gcc/arm-none-eabi/10.3.1/../../../../arm-none-eabi/lib/thumb/v7e-m+fp/hard\libc_nano.a(lib_a-memset.o)
                              c:/st/stm32cubeide_1.12.0/stm32cubeide/plugins/com.st.stm32cube.ide.mcu.externaltools.gnu-tools-for-stm32.10.3-2021.10.win32_1.0.200.202301161003/tools/bin/../lib/gcc/arm-none-eabi/10.3.1/../../../../arm-none-eabi/lib/thumb/v7e-m+fp/hard/crt0.o (memset)

Discarded input sections

 .text          0x0000000000000000        0x0 c:/st/stm32cubeide_1.12.0/stm32cubeide/plugins/com.st.stm32cube.ide.mcu.externaltools.gnu-tools-for-stm32.10.3-2021.10.win32_1.0.200.202301161003/tools/bin/../lib/gcc/arm-none-eabi/10.3.1/thumb/v7e-m+fp/hard/crti.o
 .data          0x0000000000000000        0x0 c:/st/stm32cubeide_1.12.0/stm32cubeide/plugins/com.st.stm32cube.ide.mcu.externaltools.gnu-tools-for-stm32.10.3-2021.10.win32_1.0.200.202301161003/tools/bin/../lib/gcc/arm-none-eabi/10.3.1/thumb/v7e-m+fp/hard/crti.o
 .bss           0x0000000000000000        0x0 c:/st/stm32cubeide_1.12.0/stm32cubeide/plugins/com.st.stm32cube.ide.mcu.externaltools.gnu-tools-for-stm32.10.3-2021.10.win32_1.0.200.202301161003/tools/bin/../lib/gcc/arm-none-eabi/10.3.1/thumb/v7e-m+fp/hard/crti.o
 .data          0x0000000000000000        0x4 c:/st/stm32cubeide_1.12.0/stm32cubeide/plugins/com.st.stm32cube.ide.mcu.externaltools.gnu-tools-for-stm32.10.3-2021.10.win32_1.0.200.202301161003/tools/bin/../lib/gcc/arm-none-eabi/10.3.1/thumb/v7e-m+fp/hard/crtbegin.o
 .rodata        0x0000000000000000       0x24 c:/st/stm32cubeide_1.12.0/stm32cubeide/plugins/com.st.stm32cube.ide.mcu.externaltools.gnu-tools-for-stm32.10.3-2021.10.win32_1.0.200.202301161003/tools/bin/../lib/gcc/arm-none-eabi/10.3.1/thumb/v7e-m+fp/hard/crtbegin.o
 .text          0x0000000000000000       0x7c c:/st/stm32cubeide_1.12.0/stm32cubeide/plugins/com.st.stm32cube.ide.mcu.externaltools.gnu-tools-for-stm32.10.3-2021.10.win32_1.0.200.202301161003/tools/bin/../lib/gcc/arm-none-eabi/10.3.1/../../../../arm-none-eabi/lib/thumb/v7e-m+fp/hard/crt0.o
 .data          0x0000000000000000        0x0 c:/st/stm32cubeide_1.12.0/stm32cubeide/plugins/com.st.stm32cube.ide.mcu.externaltools.gnu-tools-for-stm32.10.3-2021.10.win32_1.0.200.202301161003/tools/bin/../lib/gcc/arm-none-eabi/10.3.1/../../../../arm-none-eabi/lib/thumb/v7e-m+fp/hard/crt0.o
 .bss           0x0000000000000000        0x0 c:/st/stm32cubeide_1.12.0/stm32cubeide/plugins/com.st.stm32cube.ide.mcu.externaltools.gnu-tools-for-stm32.10.3-2021.10.win32_1.0.200.202301161003/tools/bin/../lib/gcc/arm-none-eabi/10.3.1/../../../../arm-none-eabi/lib/thumb/v7e-m+fp/hard/crt0.o
[...]
Memory Configuration

Name             Origin             Length             Attributes
RAM              0x0000000020000000 0x0000000000010000 xrw
FLASH            0x0000000008000000 0x0000000000040000 xr
*default*        0x0000000000000000 0xffffffffffffffff

Linker script and memory map

LOAD c:/st/stm32cubeide_1.12.0/stm32cubeide/plugins/com.st.stm32cube.ide.mcu.externaltools.gnu-tools-for-stm32.10.3-2021.10.win32_1.0.200.202301161003/tools/bin/../lib/gcc/arm-none-eabi/10.3.1/thumb/v7e-m+fp/hard/crti.o
LOAD c:/st/stm32cubeide_1.12.0/stm32cubeide/plugins/com.st.stm32cube.ide.mcu.externaltools.gnu-tools-for-stm32.10.3-2021.10.win32_1.0.200.202301161003/tools/bin/../lib/gcc/arm-none-eabi/10.3.1/thumb/v7e-m+fp/hard/crtbegin.o
LOAD c:/st/stm32cubeide_1.12.0/stm32cubeide/plugins/com.st.stm32cube.ide.mcu.externaltools.gnu-tools-for-stm32.10.3-2021.10.win32_1.0.200.202301161003/tools/bin/../lib/gcc/arm-none-eabi/10.3.1/../../../../arm-none-eabi/lib/thumb/v7e-m+fp/hard/crt0.o
LOAD ./Src/HAL/LEDMatrix/LEDMatrix_CFG.o
LOAD ./Src/HAL/LEDMatrix/LEDMatrix_PRG.o
LOAD ./Src/HAL/Segment/Segment.o
LOAD ./Src/Kernel/Kernel_PRG.o
LOAD ./Src/MCAL/EXTI/EXTI_PRG.o
LOAD ./Src/MCAL/GPIO/GPIO_PRG.o
LOAD ./Src/MCAL/NVIC/NVIC_PRG.o
LOAD ./Src/MCAL/RCC/RCC_PRG.o
LOAD ./Src/MCAL/SysTick/SysTick_PRG.o
LOAD ./Src/Services/S2P/S2P_CFG.o
LOAD ./Src/Services/S2P/S2P_PRG.o
LOAD ./Src/main.o
LOAD ./Src/syscalls.o
LOAD ./Src/sysmem.o
LOAD ./Startup/startup_stm32f401ccux.o
START GROUP
LOAD c:/st/stm32cubeide_1.12.0/stm32cubeide/plugins/com.st.stm32cube.ide.mcu.externaltools.gnu-tools-for-stm32.10.3-2021.10.win32_1.0.200.202301161003/tools/bin/../lib/gcc/arm-none-eabi/10.3.1/../../../../arm-none-eabi/lib/thumb/v7e-m+fp/hard\libc_nano.a
LOAD c:/st/stm32cubeide_1.12.0/stm32cubeide/plugins/com.st.stm32cube.ide.mcu.externaltools.gnu-tools-for-stm32.10.3-2021.10.win32_1.0.200.202301161003/tools/bin/../lib/gcc/arm-none-eabi/10.3.1/../../../../arm-none-eabi/lib/thumb/v7e-m+fp/hard\libm.a
END GROUP
START GROUP
LOAD c:/st/stm32cubeide_1.12.0/stm32cubeide/plugins/com.st.stm32cube.ide.mcu.externaltools.gnu-tools-for-stm32.10.3-2021.10.win32_1.0.200.202301161003/tools/bin/../lib/gcc/arm-none-eabi/10.3.1/thumb/v7e-m+fp/hard\libgcc.a
LOAD c:/st/stm32cubeide_1.12.0/stm32cubeide/plugins/com.st.stm32cube.ide.mcu.externaltools.gnu-tools-for-stm32.10.3-2021.10.win32_1.0.200.202301161003/tools/bin/../lib/gcc/arm-none-eabi/10.3.1/../../../../arm-none-eabi/lib/thumb/v7e-m+fp/hard\libc_nano.a
END GROUP
START GROUP
LOAD c:/st/stm32cubeide_1.12.0/stm32cubeide/plugins/com.st.stm32cube.ide.mcu.externaltools.gnu-tools-for-stm32.10.3-2021.10.win32_1.0.200.202301161003/tools/bin/../lib/gcc/arm-none-eabi/10.3.1/thumb/v7e-m+fp/hard\libgcc.a
LOAD c:/st/stm32cubeide_1.12.0/stm32cubeide/plugins/com.st.stm32cube.ide.mcu.externaltools.gnu-tools-for-stm32.10.3-2021.10.win32_1.0.200.202301161003/tools/bin/../lib/gcc/arm-none-eabi/10.3.1/../../../../arm-none-eabi/lib/thumb/v7e-m+fp/hard\libc_nano.a
LOAD c:/st/stm32cubeide_1.12.0/stm32cubeide/plugins/com.st.stm32cube.ide.mcu.externaltools.gnu-tools-for-stm32.10.3-2021.10.win32_1.0.200.202301161003/tools/bin/../lib/gcc/arm-none-eabi/10.3.1/../../../../arm-none-eabi/lib/thumb/v7e-m+fp/hard\libnosys.a
END GROUP
START GROUP
LOAD c:/st/stm32cubeide_1.12.0/stm32cubeide/plugins/com.st.stm32cube.ide.mcu.externaltools.gnu-tools-for-stm32.10.3-2021.10.win32_1.0.200.202301161003/tools/bin/../lib/gcc/arm-none-eabi/10.3.1/thumb/v7e-m+fp/hard\libgcc.a
LOAD c:/st/stm32cubeide_1.12.0/stm32cubeide/plugins/com.st.stm32cube.ide.mcu.externaltools.gnu-tools-for-stm32.10.3-2021.10.win32_1.0.200.202301161003/tools/bin/../lib/gcc/arm-none-eabi/10.3.1/../../../../arm-none-eabi/lib/thumb/v7e-m+fp/hard\libc_nano.a
LOAD c:/st/stm32cubeide_1.12.0/stm32cubeide/plugins/com.st.stm32cube.ide.mcu.externaltools.gnu-tools-for-stm32.10.3-2021.10.win32_1.0.200.202301161003/tools/bin/../lib/gcc/arm-none-eabi/10.3.1/../../../../arm-none-eabi/lib/thumb/v7e-m+fp/hard\libnosys.a
END GROUP
LOAD c:/st/stm32cubeide_1.12.0/stm32cubeide/plugins/com.st.stm32cube.ide.mcu.externaltools.gnu-tools-for-stm32.10.3-2021.10.win32_1.0.200.202301161003/tools/bin/../lib/gcc/arm-none-eabi/10.3.1/thumb/v7e-m+fp/hard/crtend.o
LOAD c:/st/stm32cubeide_1.12.0/stm32cubeide/plugins/com.st.stm32cube.ide.mcu.externaltools.gnu-tools-for-stm32.10.3-2021.10.win32_1.0.200.202301161003/tools/bin/../lib/gcc/arm-none-eabi/10.3.1/thumb/v7e-m+fp/hard/crtn.o
                0x0000000020010000                _estack = (ORIGIN (RAM) + LENGTH (RAM))
                0x0000000000000200                _Min_Heap_Size = 0x200
                0x0000000000000400                _Min_Stack_Size = 0x400

.isr_vector     0x0000000008000000      0x194
                0x0000000008000000                . = ALIGN (0x4)
 *(.isr_vector)
 .isr_vector    0x0000000008000000      0x194 ./Startup/startup_stm32f401ccux.o
                0x0000000008000000                g_pfnVectors
                0x0000000008000194                . = ALIGN (0x4)

.text           0x0000000008000194     0x136c
                0x0000000008000194                . = ALIGN (0x4)
 *(.text)
 .text          0x0000000008000194       0x40 c:/st/stm32cubeide_1.12.0/stm32cubeide/plugins/com.st.stm32cube.ide.mcu.externaltools.gnu-tools-for-stm32.10.3-2021.10.win32_1.0.200.202301161003/tools/bin/../lib/gcc/arm-none-eabi/10.3.1/thumb/v7e-m+fp/hard/crtbegin.o
 *(.text*)
 .text.SSD_Init
                0x00000000080001d4       0x6c ./Src/HAL/Segment/Segment.o
                0x00000000080001d4                SSD_Init
 .text.SSD_Print_MLX
                0x0000000008000240      0x294 ./Src/HAL/Segment/Segment.o
                0x0000000008000240                SSD_Print_MLX
 .text.Kernel_vInit
                0x00000000080004d4       0x1c ./Src/Kernel/Kernel_PRG.o
                0x00000000080004d4                Kernel_vInit
 .text.Kernel_Scheduler
                0x00000000080004f0       0x98 ./Src/Kernel/Kernel_PRG.o
                0x00000000080004f0                Kernel_Scheduler
 .text.Kernel_vCreateTask
                0x0000000008000588       0x80 ./Src/Kernel/Kernel_PRG.o
                0x0000000008000588                Kernel_vCreateTask
 .text.EXTI0_IRQHandler
                0x0000000008000608       0x24 ./Src/MCAL/EXTI/EXTI_PRG.o
                0x0000000008000608                EXTI0_IRQHandler
 .text.EXTI1_IRQHandler
                0x000000000800062c       0x24 ./Src/MCAL/EXTI/EXTI_PRG.o
                0x000000000800062c                EXTI1_IRQHandler
 .text.MGPIO_Init
                0x0000000008000650       0x9a ./Src/MCAL/GPIO/GPIO_PRG.o
                0x0000000008000650                MGPIO_Init
 *fill*         0x00000000080006ea        0x2 
 .text.MGPIO_vSetPinType
                0x00000000080006ec      0x17c ./Src/MCAL/GPIO/GPIO_PRG.o
                0x00000000080006ec                MGPIO_vSetPinType
 .text.MGPIO_vSetOutputPinType
                0x0000000008000868      0x168 ./Src/MCAL/GPIO/GPIO_PRG.o
                0x0000000008000868                MGPIO_vSetOutputPinType
 .text.MGPIO_vSetOutputPinSpeed
                0x00000000080009d0      0x17c ./Src/MCAL/GPIO/GPIO_PRG.o
                0x00000000080009d0                MGPIO_vSetOutputPinSpeed
 .text.MGPIO_vSetInputPinPullUpDown
                0x0000000008000b4c      0x17c ./Src/MCAL/GPIO/GPIO_PRG.o
                0x0000000008000b4c                MGPIO_vSetInputPinPullUpDown
 .text.MGPIO_vSetOutputPinValueBSR
                0x0000000008000cc8      0x1d0 ./Src/MCAL/GPIO/GPIO_PRG.o
                0x0000000008000cc8                MGPIO_vSetOutputPinValueBSR
 .text.MGPIO_vSetPinLockSTS
                0x0000000008000e98      0x164 ./Src/MCAL/GPIO/GPIO_PRG.o
                0x0000000008000e98                MGPIO_vSetPinLockSTS
 .text.MGPIO_vSetPinAlternativeFunction
                0x0000000008000ffc      0x290 ./Src/MCAL/GPIO/GPIO_PRG.o
                0x0000000008000ffc                MGPIO_vSetPinAlternativeFunction
 .text.RCC_AHB1EnableCLK
                0x000000000800128c       0x30 ./Src/MCAL/RCC/RCC_PRG.o
                0x000000000800128c                RCC_AHB1EnableCLK
 .text.SysTick_Handler
                0x00000000080012bc       0x38 ./Src/MCAL/SysTick/SysTick_PRG.o
                0x00000000080012bc                SysTick_Handler
 .text.MSTK_vInit
                0x00000000080012f4       0x2c ./Src/MCAL/SysTick/SysTick_PRG.o
                0x00000000080012f4                MSTK_vInit
 .text.MSTK_vSetIntervalPeriodic
                0x0000000008001320       0x48 ./Src/MCAL/SysTick/SysTick_PRG.o
                0x0000000008001320                MSTK_vSetIntervalPeriodic
 .text.Task_Increamental
                0x0000000008001368       0x2c ./Src/main.o
                0x0000000008001368                Task_Increamental
 .text.Task_Transversal
                0x0000000008001394       0x38 ./Src/main.o
                0x0000000008001394                Task_Transversal
 .text.Task_print
                0x00000000080013cc       0x38 ./Src/main.o
                0x00000000080013cc                Task_print
 .text.main     0x0000000008001404       0x48 ./Src/main.o
                0x0000000008001404                main
 .text.Reset_Handler
                0x000000000800144c       0x50 ./Startup/startup_stm32f401ccux.o
                0x000000000800144c                Reset_Handler
 .text.Default_Handler
                0x000000000800149c        0x2 ./Startup/startup_stm32f401ccux.o
                0x000000000800149c                EXTI2_IRQHandler
                0x000000000800149c                DebugMon_Handler
                0x000000000800149c                SPI4_IRQHandler
                0x000000000800149c                TIM1_CC_IRQHandler
                0x000000000800149c                DMA2_Stream5_IRQHandler
                0x000000000800149c                HardFault_Handler
                0x000000000800149c                DMA1_Stream5_IRQHandler
                0x000000000800149c                SDIO_IRQHandler
                0x000000000800149c                TAMP_STAMP_IRQHandler
                0x000000000800149c                PendSV_Handler
                0x000000000800149c                NMI_Handler
                0x000000000800149c                EXTI3_IRQHandler
                0x000000000800149c                TIM1_UP_TIM10_IRQHandler
                0x000000000800149c                I2C3_ER_IRQHandler
                0x000000000800149c                EXTI18_OTG_FS_WKUP_IRQHandler
                0x000000000800149c                I2C2_EV_IRQHandler
                0x000000000800149c                DMA1_Stream2_IRQHandler
                0x000000000800149c                UsageFault_Handler
                0x000000000800149c                DMA2_Stream2_IRQHandler
                0x000000000800149c                SPI1_IRQHandler
                0x000000000800149c                TIM1_BRK_TIM9_IRQHandler
                0x000000000800149c                DMA2_Stream3_IRQHandler
                0x000000000800149c                USART6_IRQHandler
                0x000000000800149c                DMA2_Stream0_IRQHandler
                0x000000000800149c                TIM4_IRQHandler
                0x000000000800149c                I2C1_EV_IRQHandler
                0x000000000800149c                DMA1_Stream6_IRQHandler
                0x000000000800149c                DMA1_Stream1_IRQHandler
                0x000000000800149c                TIM3_IRQHandler
                0x000000000800149c                RCC_IRQHandler
                0x000000000800149c                Default_Handler
                0x000000000800149c                EXTI15_10_IRQHandler
                0x000000000800149c                ADC_IRQHandler
                0x000000000800149c                DMA1_Stream7_IRQHandler
                0x000000000800149c                TIM5_IRQHandler
                0x000000000800149c                DMA2_Stream7_IRQHandler
                0x000000000800149c                I2C3_EV_IRQHandler
                0x000000000800149c                EXTI9_5_IRQHandler
                0x000000000800149c                SPI2_IRQHandler
                0x000000000800149c                MemManage_Handler
                0x000000000800149c                DMA1_Stream0_IRQHandler
                0x000000000800149c                SVC_Handler
                0x000000000800149c                EXTI4_IRQHandler
                0x000000000800149c                EXTI22_RTC_WKUP_IRQHandler
                0x000000000800149c                TIM2_IRQHandler
                0x000000000800149c                EXTI16_PVD_IRQHandler
                0x000000000800149c                TIM1_TRG_COM_TIM11_IRQHandler
                0x000000000800149c                EXTI17_RTC_Alarm_IRQHandler
                0x000000000800149c                USART2_IRQHandler
                0x000000000800149c                I2C2_ER_IRQHandler
                0x000000000800149c                DMA2_Stream1_IRQHandler
                0x000000000800149c                FLASH_IRQHandler
                0x000000000800149c                DMA2_Stream4_IRQHandler
                0x000000000800149c                BusFault_Handler
                0x000000000800149c                USART1_IRQHandler
                0x000000000800149c                OTG_FS_IRQHandler
                0x000000000800149c                SPI3_IRQHandler
                0x000000000800149c                DMA1_Stream4_IRQHandler
                0x000000000800149c                I2C1_ER_IRQHandler
                0x000000000800149c                DMA2_Stream6_IRQHandler
                0x000000000800149c                DMA1_Stream3_IRQHandler
 *fill*         0x000000000800149e        0x2 
 .text.__libc_init_array
                0x00000000080014a0       0x48 c:/st/stm32cubeide_1.12.0/stm32cubeide/plugins/com.st.stm32cube.ide.mcu.externaltools.gnu-tools-for-stm32.10.3-2021.10.win32_1.0.200.202301161003/tools/bin/../lib/gcc/arm-none-eabi/10.3.1/../../../../arm-none-eabi/lib/thumb/v7e-m+fp/hard\libc_nano.a(lib_a-init.o)
                0x00000000080014a0                __libc_init_array
 *(.glue_7)
 .glue_7        0x00000000080014e8        0x0 linker stubs
 *(.glue_7t)
 .glue_7t       0x00000000080014e8        0x0 linker stubs
 *(.eh_frame)
 .eh_frame      0x00000000080014e8        0x0 c:/st/stm32cubeide_1.12.0/stm32cubeide/plugins/com.st.stm32cube.ide.mcu.externaltools.gnu-tools-for-stm32.10.3-2021.10.win32_1.0.200.202301161003/tools/bin/../lib/gcc/arm-none-eabi/10.3.1/thumb/v7e-m+fp/hard/crtbegin.o
 *(.init)
 .init          0x00000000080014e8        0x4 c:/st/stm32cubeide_1.12.0/stm32cubeide/plugins/com.st.stm32cube.ide.mcu.externaltools.gnu-tools-for-stm32.10.3-2021.10.win32_1.0.200.202301161003/tools/bin/../lib/gcc/arm-none-eabi/10.3.1/thumb/v7e-m+fp/hard/crti.o
                0x00000000080014e8                _init
 .init          0x00000000080014ec        0x8 c:/st/stm32cubeide_1.12.0/stm32cubeide/plugins/com.st.stm32cube.ide.mcu.externaltools.gnu-tools-for-stm32.10.3-2021.10.win32_1.0.200.202301161003/tools/bin/../lib/gcc/arm-none-eabi/10.3.1/thumb/v7e-m+fp/hard/crtn.o
 *(.fini)
 .fini          0x00000000080014f4        0x4 c:/st/stm32cubeide_1.12.0/stm32cubeide/plugins/com.st.stm32cube.ide.mcu.externaltools.gnu-tools-for-stm32.10.3-2021.10.win32_1.0.200.202301161003/tools/bin/../lib/gcc/arm-none-eabi/10.3.1/thumb/v7e-m+fp/hard/crti.o
                0x00000000080014f4                _fini
 .fini          0x00000000080014f8        0x8 c:/st/stm32cubeide_1.12.0/stm32cubeide/plugins/com.st.stm32cube.ide.mcu.externaltools.gnu-tools-for-stm32.10.3-2021.10.win32_1.0.200.202301161003/tools/bin/../lib/gcc/arm-none-eabi/10.3.1/thumb/v7e-m+fp/hard/crtn.o
                0x0000000008001500                . = ALIGN (0x4)
                0x0000000008001500                _etext = .

.vfp11_veneer   0x0000000008001500        0x0
 .vfp11_veneer  0x0000000008001500        0x0 linker stubs

.v4_bx          0x0000000008001500        0x0
 .v4_bx         0x0000000008001500        0x0 linker stubs

.iplt           0x0000000008001500        0x0
 .iplt          0x0000000008001500        0x0 c:/st/stm32cubeide_1.12.0/stm32cubeide/plugins/com.st.stm32cube.ide.mcu.externaltools.gnu-tools-for-stm32.10.3-2021.10.win32_1.0.200.202301161003/tools/bin/../lib/gcc/arm-none-eabi/10.3.1/thumb/v7e-m+fp/hard/crtbegin.o

.rodata         0x0000000008001500        0xc
                0x0000000008001500                . = ALIGN (0x4)
 *(.rodata)
 .rodata        0x0000000008001500        0xa ./Src/HAL/Segment/Segment.o
 *(.rodata*)
                0x000000000800150c                . = ALIGN (0x4)
 *fill*         0x000000000800150a        0x2 

.rel.dyn        0x000000000800150c        0x0
 .rel.iplt      0x000000000800150c        0x0 c:/st/stm32cubeide_1.12.0/stm32cubeide/plugins/com.st.stm32cube.ide.mcu.externaltools.gnu-tools-for-stm32.10.3-2021.10.win32_1.0.200.202301161003/tools/bin/../lib/gcc/arm-none-eabi/10.3.1/thumb/v7e-m+fp/hard/crtbegin.o

.ARM.extab      0x000000000800150c        0x0
                0x000000000800150c                . = ALIGN (0x4)
 *(.ARM.extab* .gnu.linkonce.armextab.*)
                0x000000000800150c                . = ALIGN (0x4)

.ARM            0x000000000800150c        0x0
                0x000000000800150c                . = ALIGN (0x4)
                0x000000000800150c                __exidx_start = .
 *(.ARM.exidx*)
                0x000000000800150c                __exidx_end = .
                0x000000000800150c                . = ALIGN (0x4)

.preinit_array  0x000000000800150c        0x0
                0x000000000800150c                . = ALIGN (0x4)
                0x000000000800150c                PROVIDE (__preinit_array_start = .)
 *(.preinit_array*)
                0x000000000800150c                PROVIDE (__preinit_array_end = .)
                0x000000000800150c                . = ALIGN (0x4)

.init_array     0x000000000800150c        0x4
                0x000000000800150c                . = ALIGN (0x4)
                0x000000000800150c                PROVIDE (__init_array_start = .)
 *(SORT_BY_NAME(.init_array.*))
 *(.init_array*)
 .init_array    0x000000000800150c        0x4 c:/st/stm32cubeide_1.12.0/stm32cubeide/plugins/com.st.stm32cube.ide.mcu.externaltools.gnu-tools-for-stm32.10.3-2021.10.win32_1.0.200.202301161003/tools/bin/../lib/gcc/arm-none-eabi/10.3.1/thumb/v7e-m+fp/hard/crtbegin.o
                0x0000000008001510                PROVIDE (__init_array_end = .)
                0x0000000008001510                . = ALIGN (0x4)

.fini_array     0x0000000008001510        0x4
                0x0000000008001510                . = ALIGN (0x4)
                [!provide]                        PROVIDE (__fini_array_start = .)
 *(SORT_BY_NAME(.fini_array.*))
 *(.fini_array*)
 .fini_array    0x0000000008001510        0x4 c:/st/stm32cubeide_1.12.0/stm32cubeide/plugins/com.st.stm32cube.ide.mcu.externaltools.gnu-tools-for-stm32.10.3-2021.10.win32_1.0.200.202301161003/tools/bin/../lib/gcc/arm-none-eabi/10.3.1/thumb/v7e-m+fp/hard/crtbegin.o
                [!provide]                        PROVIDE (__fini_array_end = .)
                0x0000000008001514                . = ALIGN (0x4)
                0x0000000008001514                _sidata = LOADADDR (.data)

.data           0x0000000020000000       0x78 load address 0x0000000008001514
                0x0000000020000000                . = ALIGN (0x4)
                0x0000000020000000                _sdata = .
 *(.data)
 *(.data*)
 .data.SSD_PIN0
                0x0000000020000000        0x9 ./Src/HAL/Segment/Segment.o
                0x0000000020000000                SSD_PIN0
 *fill*         0x0000000020000009        0x3 
 .data.SSD_PIN1
                0x000000002000000c        0x9 ./Src/HAL/Segment/Segment.o
                0x000000002000000c                SSD_PIN1
 *fill*         0x0000000020000015        0x3 
 .data.SSD_PIN2
                0x0000000020000018        0x9 ./Src/HAL/Segment/Segment.o
                0x0000000020000018                SSD_PIN2
 *fill*         0x0000000020000021        0x3 
 .data.SSD_PIN3
                0x0000000020000024        0x9 ./Src/HAL/Segment/Segment.o
                0x0000000020000024                SSD_PIN3
 *fill*         0x000000002000002d        0x3 
 .data.SSD_PIN4
                0x0000000020000030        0x9 ./Src/HAL/Segment/Segment.o
                0x0000000020000030                SSD_PIN4
 *fill*         0x0000000020000039        0x3 
 .data.SSD_PIN5
                0x000000002000003c        0x9 ./Src/HAL/Segment/Segment.o
                0x000000002000003c                SSD_PIN5
 *fill*         0x0000000020000045        0x3 
 .data.SSD_PIN6
                0x0000000020000048        0x9 ./Src/HAL/Segment/Segment.o
                0x0000000020000048                SSD_PIN6
 *fill*         0x0000000020000051        0x3 
 .data.SSD_s0   0x0000000020000054        0x9 ./Src/HAL/Segment/Segment.o
                0x0000000020000054                SSD_s0
 *fill*         0x000000002000005d        0x3 
 .data.SSD_s1   0x0000000020000060        0x9 ./Src/HAL/Segment/Segment.o
                0x0000000020000060                SSD_s1
 *fill*         0x0000000020000069        0x3 
 .data.SSD_p8   0x000000002000006c        0x9 ./Src/HAL/Segment/Segment.o
                0x000000002000006c                SSD_p8
 *(.RamFunc)
 *(.RamFunc*)
                0x0000000020000078                . = ALIGN (0x4)
 *fill*         0x0000000020000075        0x3 
                0x0000000020000078                _edata = .

.igot.plt       0x0000000020000078        0x0 load address 0x000000000800158c
 .igot.plt      0x0000000020000078        0x0 c:/st/stm32cubeide_1.12.0/stm32cubeide/plugins/com.st.stm32cube.ide.mcu.externaltools.gnu-tools-for-stm32.10.3-2021.10.win32_1.0.200.202301161003/tools/bin/../lib/gcc/arm-none-eabi/10.3.1/thumb/v7e-m+fp/hard/crtbegin.o
                0x0000000020000078                . = ALIGN (0x4)

.bss            0x0000000020000078       0xc4 load address 0x000000000800158c
                0x0000000020000078                _sbss = .
                0x0000000020000078                __bss_start__ = _sbss
 *(.bss)
 .bss           0x0000000020000078       0x1c c:/st/stm32cubeide_1.12.0/stm32cubeide/plugins/com.st.stm32cube.ide.mcu.externaltools.gnu-tools-for-stm32.10.3-2021.10.win32_1.0.200.202301161003/tools/bin/../lib/gcc/arm-none-eabi/10.3.1/thumb/v7e-m+fp/hard/crtbegin.o
 *(.bss*)
 .bss.SystemTasks
                0x0000000020000094       0x60 ./Src/Kernel/Kernel_PRG.o
                0x0000000020000094                SystemTasks
 .bss.Global_EXTICallBack
                0x00000000200000f4       0x40 ./Src/MCAL/EXTI/EXTI_PRG.o
                0x00000000200000f4                Global_EXTICallBack
 .bss.Global_SysTickCallback
                0x0000000020000134        0x4 ./Src/MCAL/SysTick/SysTick_PRG.o
                0x0000000020000134                Global_SysTickCallback
 .bss.Global_Interval
                0x0000000020000138        0x1 ./Src/MCAL/SysTick/SysTick_PRG.o
                0x0000000020000138                Global_Interval
 .bss.number    0x0000000020000139        0x1 ./Src/main.o
                0x0000000020000139                number
 .bss.SSD_digit.1
                0x000000002000013a        0x1 ./Src/main.o
 .bss.SSD_digit.0
                0x000000002000013b        0x1 ./Src/main.o
 *(COMMON)
                0x000000002000013c                . = ALIGN (0x4)
                0x000000002000013c                _ebss = .
                0x000000002000013c                __bss_end__ = _ebss

._user_heap_stack
                0x000000002000013c      0x604 load address 0x000000000800158c
                0x0000000020000140                . = ALIGN (0x8)
 *fill*         0x000000002000013c        0x4 
                [!provide]                        PROVIDE (end = .)
                0x0000000020000140                PROVIDE (_end = .)
                0x0000000020000340                . = (. + _Min_Heap_Size)
 *fill*         0x0000000020000140      0x200 
                0x0000000020000740                . = (. + _Min_Stack_Size)
 *fill*         0x0000000020000340      0x400 
                0x0000000020000740                . = ALIGN (0x8)

/DISCARD/
 libc.a(*)
 libm.a(*)
 libgcc.a(*)

.ARM.attributes
                0x0000000000000000       0x30
 *(.ARM.attributes)
 .ARM.attributes
                0x0000000000000000       0x1e c:/st/stm32cubeide_1.12.0/stm32cubeide/plugins/com.st.stm32cube.ide.mcu.externaltools.gnu-tools-for-stm32.10.3-2021.10.win32_1.0.200.202301161003/tools/bin/../lib/gcc/arm-none-eabi/10.3.1/thumb/v7e-m+fp/hard/crti.o
 .ARM.attributes
                0x000000000000001e       0x34 c:/st/stm32cubeide_1.12.0/stm32cubeide/plugins/com.st.stm32cube.ide.mcu.externaltools.gnu-tools-for-stm32.10.3-2021.10.win32_1.0.200.202301161003/tools/bin/../lib/gcc/arm-none-eabi/10.3.1/thumb/v7e-m+fp/hard/crtbegin.o
 .ARM.attributes
                0x0000000000000052       0x34 ./Src/HAL/Segment/Segment.o
 .ARM.attributes
                0x0000000000000086       0x34 ./Src/Kernel/Kernel_PRG.o
 .ARM.attributes
                0x00000000000000ba       0x34 ./Src/MCAL/EXTI/EXTI_PRG.o
 .ARM.attributes
                0x00000000000000ee       0x34 ./Src/MCAL/GPIO/GPIO_PRG.o
 .ARM.attributes
                0x0000000000000122       0x34 ./Src/MCAL/RCC/RCC_PRG.o
 .ARM.attributes
                0x0000000000000156       0x34 ./Src/MCAL/SysTick/SysTick_PRG.o
 .ARM.attributes
                0x000000000000018a       0x34 ./Src/main.o
 .ARM.attributes
                0x00000000000001be       0x21 ./Startup/startup_stm32f401ccux.o
 .ARM.attributes
                0x00000000000001df       0x34 c:/st/stm32cubeide_1.12.0/stm32cubeide/plugins/com.st.stm32cube.ide.mcu.externaltools.gnu-tools-for-stm32.10.3-2021.10.win32_1.0.200.202301161003/tools/bin/../lib/gcc/arm-none-eabi/10.3.1/../../../../arm-none-eabi/lib/thumb/v7e-m+fp/hard\libc_nano.a(lib_a-init.o)
 .ARM.attributes
                0x0000000000000213       0x1e c:/st/stm32cubeide_1.12.0/stm32cubeide/plugins/com.st.stm32cube.ide.mcu.externaltools.gnu-tools-for-stm32.10.3-2021.10.win32_1.0.200.202301161003/tools/bin/../lib/gcc/arm-none-eabi/10.3.1/thumb/v7e-m+fp/hard/crtn.o
OUTPUT(7-RTOS.elf elf32-littlearm)
LOAD linker stubs
LOAD c:/st/stm32cubeide_1.12.0/stm32cubeide/plugins/com.st.stm32cube.ide.mcu.externaltools.gnu-tools-for-stm32.10.3-2021.10.win32_1.0.200.202301161003/tools/bin/../lib/gcc/arm-none-eabi/10.3.1/../../../../arm-none-eabi/lib/thumb/v7e-m+fp/hard\libc.a
LOAD c:/st/stm32cubeide_1.12.0/stm32cubeide/plugins/com.st.stm32cube.ide.mcu.externaltools.gnu-tools-for-stm32.10.3-2021.10.win32_1.0.200.202301161003/tools/bin/../lib/gcc/arm-none-eabi/10.3.1/../../../../arm-none-eabi/lib/thumb/v7e-m+fp/hard\libm.a
LOAD c:/st/stm32cubeide_1.12.0/stm32cubeide/plugins/com.st.stm32cube.ide.mcu.externaltools.gnu-tools-for-stm32.10.3-2021.10.win32_1.0.200.202301161003/tools/bin/../lib/gcc/arm-none-eabi/10.3.1/thumb/v7e-m+fp/hard\libgcc.a

.debug_info     0x0000000000000000     0x212e
 .debug_info    0x0000000000000000      0x593 ./Src/HAL/Segment/Segment.o
 .debug_info    0x0000000000000593      0x2c1 ./Src/Kernel/Kernel_PRG.o
 .debug_info    0x0000000000000854      0x464 ./Src/MCAL/EXTI/EXTI_PRG.o
 .debug_info    0x0000000000000cb8      0x735 ./Src/MCAL/GPIO/GPIO_PRG.o
 .debug_info    0x00000000000013ed      0x7c1 ./Src/MCAL/RCC/RCC_PRG.o
 .debug_info    0x0000000000001bae      0x27d ./Src/MCAL/SysTick/SysTick_PRG.o
 .debug_info    0x0000000000001e2b      0x2e1 ./Src/main.o
 .debug_info    0x000000000000210c       0x22 ./Startup/startup_stm32f401ccux.o

.debug_abbrev   0x0000000000000000      0x89d
 .debug_abbrev  0x0000000000000000      0x143 ./Src/HAL/Segment/Segment.o
 .debug_abbrev  0x0000000000000143      0x16b ./Src/Kernel/Kernel_PRG.o
 .debug_abbrev  0x00000000000002ae      0x128 ./Src/MCAL/EXTI/EXTI_PRG.o
 .debug_abbrev  0x00000000000003d6      0x17a ./Src/MCAL/GPIO/GPIO_PRG.o
 .debug_abbrev  0x0000000000000550       0xd7 ./Src/MCAL/RCC/RCC_PRG.o
 .debug_abbrev  0x0000000000000627      0x114 ./Src/MCAL/SysTick/SysTick_PRG.o
 .debug_abbrev  0x000000000000073b      0x150 ./Src/main.o
 .debug_abbrev  0x000000000000088b       0x12 ./Startup/startup_stm32f401ccux.o

.debug_aranges  0x0000000000000000      0x288
 .debug_aranges
                0x0000000000000000       0x30 ./Src/HAL/Segment/Segment.o
 .debug_aranges
                0x0000000000000030       0x48 ./Src/Kernel/Kernel_PRG.o
 .debug_aranges
                0x0000000000000078       0x68 ./Src/MCAL/EXTI/EXTI_PRG.o
 .debug_aranges
                0x00000000000000e0       0x68 ./Src/MCAL/GPIO/GPIO_PRG.o
 .debug_aranges
                0x0000000000000148       0x80 ./Src/MCAL/RCC/RCC_PRG.o
 .debug_aranges
                0x00000000000001c8       0x60 ./Src/MCAL/SysTick/SysTick_PRG.o
 .debug_aranges
                0x0000000000000228       0x38 ./Src/main.o
 .debug_aranges
                0x0000000000000260       0x28 ./Startup/startup_stm32f401ccux.o

.debug_ranges   0x0000000000000000      0x210
 .debug_ranges  0x0000000000000000       0x20 ./Src/HAL/Segment/Segment.o
 .debug_ranges  0x0000000000000020       0x38 ./Src/Kernel/Kernel_PRG.o
 .debug_ranges  0x0000000000000058       0x58 ./Src/MCAL/EXTI/EXTI_PRG.o
 .debug_ranges  0x00000000000000b0       0x58 ./Src/MCAL/GPIO/GPIO_PRG.o
 .debug_ranges  0x0000000000000108       0x70 ./Src/MCAL/RCC/RCC_PRG.o
 .debug_ranges  0x0000000000000178       0x50 ./Src/MCAL/SysTick/SysTick_PRG.o
 .debug_ranges  0x00000000000001c8       0x28 ./Src/main.o
 .debug_ranges  0x00000000000001f0       0x20 ./Startup/startup_stm32f401ccux.o

.debug_macro    0x0000000000000000     0x115d
 .debug_macro   0x0000000000000000      0x1cf ./Src/HAL/Segment/Segment.o
 .debug_macro   0x00000000000001cf      0x1df ./Src/Kernel/Kernel_PRG.o
 .debug_macro   0x00000000000003ae       0x10 ./Src/Kernel/Kernel_PRG.o
 .debug_macro   0x00000000000003be      0x1d4 ./Src/MCAL/EXTI/EXTI_PRG.o
 .debug_macro   0x0000000000000592       0x10 ./Src/MCAL/EXTI/EXTI_PRG.o
 .debug_macro   0x00000000000005a2       0x11 ./Src/MCAL/EXTI/EXTI_PRG.o
 .debug_macro   0x00000000000005b3      0x1d8 ./Src/MCAL/GPIO/GPIO_PRG.o
 .debug_macro   0x000000000000078b      0x1c3 ./Src/MCAL/RCC/RCC_PRG.o
 .debug_macro   0x000000000000094e      0x1c2 ./Src/MCAL/SysTick/SysTick_PRG.o
 .debug_macro   0x0000000000000b10      0x23a ./Src/main.o
 .debug_macro   0x0000000000000d4a       0x8e ./Src/main.o
 .debug_macro   0x0000000000000dd8       0x51 ./Src/main.o
 .debug_macro   0x0000000000000e29      0x103 ./Src/main.o
 .debug_macro   0x0000000000000f2c      0x1df ./Src/main.o
 .debug_macro   0x000000000000110b       0x52 ./Src/main.o

.debug_line     0x0000000000000000     0x39c2
 .debug_line    0x0000000000000000      0x79d ./Src/HAL/Segment/Segment.o
 .debug_line    0x000000000000079d      0x70f ./Src/Kernel/Kernel_PRG.o
 .debug_line    0x0000000000000eac      0x77e ./Src/MCAL/EXTI/EXTI_PRG.o
 .debug_line    0x000000000000162a      0xcc1 ./Src/MCAL/GPIO/GPIO_PRG.o
 .debug_line    0x00000000000022eb      0x784 ./Src/MCAL/RCC/RCC_PRG.o
 .debug_line    0x0000000000002a6f      0x6e5 ./Src/MCAL/SysTick/SysTick_PRG.o
 .debug_line    0x0000000000003154      0x7ea ./Src/main.o
 .debug_line    0x000000000000393e       0x84 ./Startup/startup_stm32f401ccux.o

.debug_str      0x0000000000000000     0x927c
 .debug_str     0x0000000000000000     0x76b2 ./Src/HAL/Segment/Segment.o
                                       0x7878 (size before relaxing)
 .debug_str     0x00000000000076b2      0x286 ./Src/Kernel/Kernel_PRG.o
                                       0x75df (size before relaxing)
 .debug_str     0x0000000000007938      0x4d7 ./Src/MCAL/EXTI/EXTI_PRG.o
                                       0x781b (size before relaxing)
 .debug_str     0x0000000000007e0f      0x25d ./Src/MCAL/GPIO/GPIO_PRG.o
                                       0x7a55 (size before relaxing)
 .debug_str     0x000000000000806c      0x6b4 ./Src/MCAL/RCC/RCC_PRG.o
                                       0x7b48 (size before relaxing)
 .debug_str     0x0000000000008720      0x17b ./Src/MCAL/SysTick/SysTick_PRG.o
                                       0x7556 (size before relaxing)
 .debug_str     0x000000000000889b      0x9b0 ./Src/main.o
                                       0x81e0 (size before relaxing)
 .debug_str     0x000000000000924b       0x31 ./Startup/startup_stm32f401ccux.o
                                         0x5d (size before relaxing)

.comment        0x0000000000000000       0x50
 .comment       0x0000000000000000       0x50 ./Src/HAL/Segment/Segment.o
                                         0x51 (size before relaxing)
 .comment       0x0000000000000050       0x51 ./Src/Kernel/Kernel_PRG.o
 .comment       0x0000000000000050       0x51 ./Src/MCAL/EXTI/EXTI_PRG.o
 .comment       0x0000000000000050       0x51 ./Src/MCAL/GPIO/GPIO_PRG.o
 .comment       0x0000000000000050       0x51 ./Src/MCAL/RCC/RCC_PRG.o
 .comment       0x0000000000000050       0x51 ./Src/MCAL/SysTick/SysTick_PRG.o
 .comment       0x0000000000000050       0x51 ./Src/main.o

.debug_frame    0x0000000000000000      0x8a0
 .debug_frame   0x0000000000000000       0x78 ./Src/HAL/Segment/Segment.o
 .debug_frame   0x0000000000000078       0xf8 ./Src/Kernel/Kernel_PRG.o
 .debug_frame   0x0000000000000170      0x17c ./Src/MCAL/EXTI/EXTI_PRG.o
 .debug_frame   0x00000000000002ec      0x19c ./Src/MCAL/GPIO/GPIO_PRG.o
 .debug_frame   0x0000000000000488      0x21c ./Src/MCAL/RCC/RCC_PRG.o
 .debug_frame   0x00000000000006a4      0x14c ./Src/MCAL/SysTick/SysTick_PRG.o
 .debug_frame   0x00000000000007f0       0x84 ./Src/main.o
 .debug_frame   0x0000000000000874       0x2c c:/st/stm32cubeide_1.12.0/stm32cubeide/plugins/com.st.stm32cube.ide.mcu.externaltools.gnu-tools-for-stm32.10.3-2021.10.win32_1.0.200.202301161003/tools/bin/../lib/gcc/arm-none-eabi/10.3.1/../../../../arm-none-eabi/lib/thumb/v7e-m+fp/hard\libc_nano.a(lib_a-init.o)
