04:14:08 **** Incremental Build of configuration Debug for project 8-FreeRTOS ****
make -j8 all 
arm-none-eabi-gcc "../Src/main.c" -mcpu=cortex-m4 -std=gnu11 -g3 -DDEBUG -DSTM32F401CCUx -DSTM32 -DSTM32F4 -c -I"D:/IMT_ARM/STM32F104_BlackPill/8-FreeRTOS/Inc/MCAL" -I"D:/IMT_ARM/STM32F104_BlackPill/8-FreeRTOS/Inc/MCAL/EXTI" -I"D:/IMT_ARM/STM32F104_BlackPill/8-FreeRTOS/Inc/MCAL/Flash" -I"D:/IMT_ARM/STM32F104_BlackPill/8-FreeRTOS/Inc/MCAL/GPIO" -I"D:/IMT_ARM/STM32F104_BlackPill/8-FreeRTOS/Inc/MCAL/NVIC" -I"D:/IMT_ARM/STM32F104_BlackPill/8-FreeRTOS/Inc/MCAL/RCC" -I"D:/IMT_ARM/STM32F104_BlackPill/8-FreeRTOS/Inc/MCAL/SPI" -I"D:/IMT_ARM/STM32F104_BlackPill/8-FreeRTOS/Inc/MCAL/SysTick" -I"D:/IMT_ARM/STM32F104_BlackPill/8-FreeRTOS/Inc/MCAL/UART" -I../Inc -O0 -ffunction-sections -fdata-sections -Wall -fstack-usage -fcyclomatic-complexity -MMD -MP -MF"Src/main.d" -MT"Src/main.o" --specs=nano.specs -mfpu=fpv4-sp-d16 -mfloat-abi=softfp -mthumb -o "Src/main.o"
arm-none-eabi-gcc -o "8-FreeRTOS.elf" @"objects.list"   -mcpu=cortex-m4 -T"D:\IMT_ARM\STM32F104_BlackPill\8-FreeRTOS\STM32F401CCUX_FLASH.ld" --specs=nosys.specs -Wl,-Map="8-FreeRTOS.map" -Wl,--gc-sections -static --specs=nano.specs -mfpu=fpv4-sp-d16 -mfloat-abi=softfp -mthumb -Wl,--start-group -lc -lm -Wl,--end-group
Finished building target: 8-FreeRTOS.elf
 
arm-none-eabi-size   8-FreeRTOS.elf 
arm-none-eabi-objdump -h -S  8-FreeRTOS.elf  > "8-FreeRTOS.list"
   text	   data	    bss	    dec	    hex	filename
  15804	     44	  22428	  38276	   9584	8-FreeRTOS.elf
Finished building: default.size.stdout
 
Finished building: 8-FreeRTOS.list
 

04:14:08 Build Finished. 0 errors, 0 warnings. (took 547ms)

