01:00:07 **** Incremental Build of configuration Release for project 8-FreeRTOS ****
make -j8 all 
arm-none-eabi-gcc "../Src/croutine.c" -mcpu=cortex-m4 -std=gnu11 -DSTM32F401CCUx -DSTM32 -DSTM32F4 -c -I../Inc -I"D:/IMT_ARM/STM32F104_BlackPill/8-FreeRTOS/Inc" -I"D:/IMT_ARM/STM32F104_BlackPill/8-FreeRTOS/Src" -I"D:/IMT_ARM/STM32F104_BlackPill/8-FreeRTOS/Inc/MCAL" -I"D:/IMT_ARM/STM32F104_BlackPill/8-FreeRTOS/Inc/MCAL/EXTI" -I"D:/IMT_ARM/STM32F104_BlackPill/8-FreeRTOS/Inc/MCAL/Flash" -I"D:/IMT_ARM/STM32F104_BlackPill/8-FreeRTOS/Inc/MCAL/GPIO" -I"D:/IMT_ARM/STM32F104_BlackPill/8-FreeRTOS/Inc/MCAL/NVIC" -I"D:/IMT_ARM/STM32F104_BlackPill/8-FreeRTOS/Inc/MCAL/RCC" -I"D:/IMT_ARM/STM32F104_BlackPill/8-FreeRTOS/Inc/MCAL/SPI" -I"D:/IMT_ARM/STM32F104_BlackPill/8-FreeRTOS/Inc/MCAL/SysTick" -I"D:/IMT_ARM/STM32F104_BlackPill/8-FreeRTOS/Inc/MCAL/UART" -Os -ffunction-sections -fdata-sections -Wall -fstack-usage -fcyclomatic-complexity -MMD -MP -MF"Src/croutine.d" -MT"Src/croutine.o" --specs=nano.specs -mfpu=fpv4-sp-d16 -mfloat-abi=hard -mthumb -o "Src/croutine.o"
arm-none-eabi-gcc "../Src/event_groups.c" -mcpu=cortex-m4 -std=gnu11 -DSTM32F401CCUx -DSTM32 -DSTM32F4 -c -I../Inc -I"D:/IMT_ARM/STM32F104_BlackPill/8-FreeRTOS/Inc" -I"D:/IMT_ARM/STM32F104_BlackPill/8-FreeRTOS/Src" -I"D:/IMT_ARM/STM32F104_BlackPill/8-FreeRTOS/Inc/MCAL" -I"D:/IMT_ARM/STM32F104_BlackPill/8-FreeRTOS/Inc/MCAL/EXTI" -I"D:/IMT_ARM/STM32F104_BlackPill/8-FreeRTOS/Inc/MCAL/Flash" -I"D:/IMT_ARM/STM32F104_BlackPill/8-FreeRTOS/Inc/MCAL/GPIO" -I"D:/IMT_ARM/STM32F104_BlackPill/8-FreeRTOS/Inc/MCAL/NVIC" -I"D:/IMT_ARM/STM32F104_BlackPill/8-FreeRTOS/Inc/MCAL/RCC" -I"D:/IMT_ARM/STM32F104_BlackPill/8-FreeRTOS/Inc/MCAL/SPI" -I"D:/IMT_ARM/STM32F104_BlackPill/8-FreeRTOS/Inc/MCAL/SysTick" -I"D:/IMT_ARM/STM32F104_BlackPill/8-FreeRTOS/Inc/MCAL/UART" -Os -ffunction-sections -fdata-sections -Wall -fstack-usage -fcyclomatic-complexity -MMD -MP -MF"Src/event_groups.d" -MT"Src/event_groups.o" --specs=nano.specs -mfpu=fpv4-sp-d16 -mfloat-abi=hard -mthumb -o "Src/event_groups.o"
arm-none-eabi-gcc "../Src/heap_4.c" -mcpu=cortex-m4 -std=gnu11 -DSTM32F401CCUx -DSTM32 -DSTM32F4 -c -I../Inc -I"D:/IMT_ARM/STM32F104_BlackPill/8-FreeRTOS/Inc" -I"D:/IMT_ARM/STM32F104_BlackPill/8-FreeRTOS/Src" -I"D:/IMT_ARM/STM32F104_BlackPill/8-FreeRTOS/Inc/MCAL" -I"D:/IMT_ARM/STM32F104_BlackPill/8-FreeRTOS/Inc/MCAL/EXTI" -I"D:/IMT_ARM/STM32F104_BlackPill/8-FreeRTOS/Inc/MCAL/Flash" -I"D:/IMT_ARM/STM32F104_BlackPill/8-FreeRTOS/Inc/MCAL/GPIO" -I"D:/IMT_ARM/STM32F104_BlackPill/8-FreeRTOS/Inc/MCAL/NVIC" -I"D:/IMT_ARM/STM32F104_BlackPill/8-FreeRTOS/Inc/MCAL/RCC" -I"D:/IMT_ARM/STM32F104_BlackPill/8-FreeRTOS/Inc/MCAL/SPI" -I"D:/IMT_ARM/STM32F104_BlackPill/8-FreeRTOS/Inc/MCAL/SysTick" -I"D:/IMT_ARM/STM32F104_BlackPill/8-FreeRTOS/Inc/MCAL/UART" -Os -ffunction-sections -fdata-sections -Wall -fstack-usage -fcyclomatic-complexity -MMD -MP -MF"Src/heap_4.d" -MT"Src/heap_4.o" --specs=nano.specs -mfpu=fpv4-sp-d16 -mfloat-abi=hard -mthumb -o "Src/heap_4.o"
arm-none-eabi-gcc "../Src/list.c" -mcpu=cortex-m4 -std=gnu11 -DSTM32F401CCUx -DSTM32 -DSTM32F4 -c -I../Inc -I"D:/IMT_ARM/STM32F104_BlackPill/8-FreeRTOS/Inc" -I"D:/IMT_ARM/STM32F104_BlackPill/8-FreeRTOS/Src" -I"D:/IMT_ARM/STM32F104_BlackPill/8-FreeRTOS/Inc/MCAL" -I"D:/IMT_ARM/STM32F104_BlackPill/8-FreeRTOS/Inc/MCAL/EXTI" -I"D:/IMT_ARM/STM32F104_BlackPill/8-FreeRTOS/Inc/MCAL/Flash" -I"D:/IMT_ARM/STM32F104_BlackPill/8-FreeRTOS/Inc/MCAL/GPIO" -I"D:/IMT_ARM/STM32F104_BlackPill/8-FreeRTOS/Inc/MCAL/NVIC" -I"D:/IMT_ARM/STM32F104_BlackPill/8-FreeRTOS/Inc/MCAL/RCC" -I"D:/IMT_ARM/STM32F104_BlackPill/8-FreeRTOS/Inc/MCAL/SPI" -I"D:/IMT_ARM/STM32F104_BlackPill/8-FreeRTOS/Inc/MCAL/SysTick" -I"D:/IMT_ARM/STM32F104_BlackPill/8-FreeRTOS/Inc/MCAL/UART" -Os -ffunction-sections -fdata-sections -Wall -fstack-usage -fcyclomatic-complexity -MMD -MP -MF"Src/list.d" -MT"Src/list.o" --specs=nano.specs -mfpu=fpv4-sp-d16 -mfloat-abi=hard -mthumb -o "Src/list.o"
arm-none-eabi-gcc "../Src/main.c" -mcpu=cortex-m4 -std=gnu11 -DSTM32F401CCUx -DSTM32 -DSTM32F4 -c -I../Inc -I"D:/IMT_ARM/STM32F104_BlackPill/8-FreeRTOS/Inc" -I"D:/IMT_ARM/STM32F104_BlackPill/8-FreeRTOS/Src" -I"D:/IMT_ARM/STM32F104_BlackPill/8-FreeRTOS/Inc/MCAL" -I"D:/IMT_ARM/STM32F104_BlackPill/8-FreeRTOS/Inc/MCAL/EXTI" -I"D:/IMT_ARM/STM32F104_BlackPill/8-FreeRTOS/Inc/MCAL/Flash" -I"D:/IMT_ARM/STM32F104_BlackPill/8-FreeRTOS/Inc/MCAL/GPIO" -I"D:/IMT_ARM/STM32F104_BlackPill/8-FreeRTOS/Inc/MCAL/NVIC" -I"D:/IMT_ARM/STM32F104_BlackPill/8-FreeRTOS/Inc/MCAL/RCC" -I"D:/IMT_ARM/STM32F104_BlackPill/8-FreeRTOS/Inc/MCAL/SPI" -I"D:/IMT_ARM/STM32F104_BlackPill/8-FreeRTOS/Inc/MCAL/SysTick" -I"D:/IMT_ARM/STM32F104_BlackPill/8-FreeRTOS/Inc/MCAL/UART" -Os -ffunction-sections -fdata-sections -Wall -fstack-usage -fcyclomatic-complexity -MMD -MP -MF"Src/main.d" -MT"Src/main.o" --specs=nano.specs -mfpu=fpv4-sp-d16 -mfloat-abi=hard -mthumb -o "Src/main.o"
arm-none-eabi-gcc "../Src/port.c" -mcpu=cortex-m4 -std=gnu11 -DSTM32F401CCUx -DSTM32 -DSTM32F4 -c -I../Inc -I"D:/IMT_ARM/STM32F104_BlackPill/8-FreeRTOS/Inc" -I"D:/IMT_ARM/STM32F104_BlackPill/8-FreeRTOS/Src" -I"D:/IMT_ARM/STM32F104_BlackPill/8-FreeRTOS/Inc/MCAL" -I"D:/IMT_ARM/STM32F104_BlackPill/8-FreeRTOS/Inc/MCAL/EXTI" -I"D:/IMT_ARM/STM32F104_BlackPill/8-FreeRTOS/Inc/MCAL/Flash" -I"D:/IMT_ARM/STM32F104_BlackPill/8-FreeRTOS/Inc/MCAL/GPIO" -I"D:/IMT_ARM/STM32F104_BlackPill/8-FreeRTOS/Inc/MCAL/NVIC" -I"D:/IMT_ARM/STM32F104_BlackPill/8-FreeRTOS/Inc/MCAL/RCC" -I"D:/IMT_ARM/STM32F104_BlackPill/8-FreeRTOS/Inc/MCAL/SPI" -I"D:/IMT_ARM/STM32F104_BlackPill/8-FreeRTOS/Inc/MCAL/SysTick" -I"D:/IMT_ARM/STM32F104_BlackPill/8-FreeRTOS/Inc/MCAL/UART" -Os -ffunction-sections -fdata-sections -Wall -fstack-usage -fcyclomatic-complexity -MMD -MP -MF"Src/port.d" -MT"Src/port.o" --specs=nano.specs -mfpu=fpv4-sp-d16 -mfloat-abi=hard -mthumb -o "Src/port.o"
arm-none-eabi-gcc "../Src/queue.c" -mcpu=cortex-m4 -std=gnu11 -DSTM32F401CCUx -DSTM32 -DSTM32F4 -c -I../Inc -I"D:/IMT_ARM/STM32F104_BlackPill/8-FreeRTOS/Inc" -I"D:/IMT_ARM/STM32F104_BlackPill/8-FreeRTOS/Src" -I"D:/IMT_ARM/STM32F104_BlackPill/8-FreeRTOS/Inc/MCAL" -I"D:/IMT_ARM/STM32F104_BlackPill/8-FreeRTOS/Inc/MCAL/EXTI" -I"D:/IMT_ARM/STM32F104_BlackPill/8-FreeRTOS/Inc/MCAL/Flash" -I"D:/IMT_ARM/STM32F104_BlackPill/8-FreeRTOS/Inc/MCAL/GPIO" -I"D:/IMT_ARM/STM32F104_BlackPill/8-FreeRTOS/Inc/MCAL/NVIC" -I"D:/IMT_ARM/STM32F104_BlackPill/8-FreeRTOS/Inc/MCAL/RCC" -I"D:/IMT_ARM/STM32F104_BlackPill/8-FreeRTOS/Inc/MCAL/SPI" -I"D:/IMT_ARM/STM32F104_BlackPill/8-FreeRTOS/Inc/MCAL/SysTick" -I"D:/IMT_ARM/STM32F104_BlackPill/8-FreeRTOS/Inc/MCAL/UART" -Os -ffunction-sections -fdata-sections -Wall -fstack-usage -fcyclomatic-complexity -MMD -MP -MF"Src/queue.d" -MT"Src/queue.o" --specs=nano.specs -mfpu=fpv4-sp-d16 -mfloat-abi=hard -mthumb -o "Src/queue.o"
arm-none-eabi-gcc "../Src/stream_buffer.c" -mcpu=cortex-m4 -std=gnu11 -DSTM32F401CCUx -DSTM32 -DSTM32F4 -c -I../Inc -I"D:/IMT_ARM/STM32F104_BlackPill/8-FreeRTOS/Inc" -I"D:/IMT_ARM/STM32F104_BlackPill/8-FreeRTOS/Src" -I"D:/IMT_ARM/STM32F104_BlackPill/8-FreeRTOS/Inc/MCAL" -I"D:/IMT_ARM/STM32F104_BlackPill/8-FreeRTOS/Inc/MCAL/EXTI" -I"D:/IMT_ARM/STM32F104_BlackPill/8-FreeRTOS/Inc/MCAL/Flash" -I"D:/IMT_ARM/STM32F104_BlackPill/8-FreeRTOS/Inc/MCAL/GPIO" -I"D:/IMT_ARM/STM32F104_BlackPill/8-FreeRTOS/Inc/MCAL/NVIC" -I"D:/IMT_ARM/STM32F104_BlackPill/8-FreeRTOS/Inc/MCAL/RCC" -I"D:/IMT_ARM/STM32F104_BlackPill/8-FreeRTOS/Inc/MCAL/SPI" -I"D:/IMT_ARM/STM32F104_BlackPill/8-FreeRTOS/Inc/MCAL/SysTick" -I"D:/IMT_ARM/STM32F104_BlackPill/8-FreeRTOS/Inc/MCAL/UART" -Os -ffunction-sections -fdata-sections -Wall -fstack-usage -fcyclomatic-complexity -MMD -MP -MF"Src/stream_buffer.d" -MT"Src/stream_buffer.o" --specs=nano.specs -mfpu=fpv4-sp-d16 -mfloat-abi=hard -mthumb -o "Src/stream_buffer.o"
arm-none-eabi-gcc "../Src/syscalls.c" -mcpu=cortex-m4 -std=gnu11 -DSTM32F401CCUx -DSTM32 -DSTM32F4 -c -I../Inc -I"D:/IMT_ARM/STM32F104_BlackPill/8-FreeRTOS/Inc" -I"D:/IMT_ARM/STM32F104_BlackPill/8-FreeRTOS/Src" -I"D:/IMT_ARM/STM32F104_BlackPill/8-FreeRTOS/Inc/MCAL" -I"D:/IMT_ARM/STM32F104_BlackPill/8-FreeRTOS/Inc/MCAL/EXTI" -I"D:/IMT_ARM/STM32F104_BlackPill/8-FreeRTOS/Inc/MCAL/Flash" -I"D:/IMT_ARM/STM32F104_BlackPill/8-FreeRTOS/Inc/MCAL/GPIO" -I"D:/IMT_ARM/STM32F104_BlackPill/8-FreeRTOS/Inc/MCAL/NVIC" -I"D:/IMT_ARM/STM32F104_BlackPill/8-FreeRTOS/Inc/MCAL/RCC" -I"D:/IMT_ARM/STM32F104_BlackPill/8-FreeRTOS/Inc/MCAL/SPI" -I"D:/IMT_ARM/STM32F104_BlackPill/8-FreeRTOS/Inc/MCAL/SysTick" -I"D:/IMT_ARM/STM32F104_BlackPill/8-FreeRTOS/Inc/MCAL/UART" -Os -ffunction-sections -fdata-sections -Wall -fstack-usage -fcyclomatic-complexity -MMD -MP -MF"Src/syscalls.d" -MT"Src/syscalls.o" --specs=nano.specs -mfpu=fpv4-sp-d16 -mfloat-abi=hard -mthumb -o "Src/syscalls.o"
arm-none-eabi-gcc "../Src/sysmem.c" -mcpu=cortex-m4 -std=gnu11 -DSTM32F401CCUx -DSTM32 -DSTM32F4 -c -I../Inc -I"D:/IMT_ARM/STM32F104_BlackPill/8-FreeRTOS/Inc" -I"D:/IMT_ARM/STM32F104_BlackPill/8-FreeRTOS/Src" -I"D:/IMT_ARM/STM32F104_BlackPill/8-FreeRTOS/Inc/MCAL" -I"D:/IMT_ARM/STM32F104_BlackPill/8-FreeRTOS/Inc/MCAL/EXTI" -I"D:/IMT_ARM/STM32F104_BlackPill/8-FreeRTOS/Inc/MCAL/Flash" -I"D:/IMT_ARM/STM32F104_BlackPill/8-FreeRTOS/Inc/MCAL/GPIO" -I"D:/IMT_ARM/STM32F104_BlackPill/8-FreeRTOS/Inc/MCAL/NVIC" -I"D:/IMT_ARM/STM32F104_BlackPill/8-FreeRTOS/Inc/MCAL/RCC" -I"D:/IMT_ARM/STM32F104_BlackPill/8-FreeRTOS/Inc/MCAL/SPI" -I"D:/IMT_ARM/STM32F104_BlackPill/8-FreeRTOS/Inc/MCAL/SysTick" -I"D:/IMT_ARM/STM32F104_BlackPill/8-FreeRTOS/Inc/MCAL/UART" -Os -ffunction-sections -fdata-sections -Wall -fstack-usage -fcyclomatic-complexity -MMD -MP -MF"Src/sysmem.d" -MT"Src/sysmem.o" --specs=nano.specs -mfpu=fpv4-sp-d16 -mfloat-abi=hard -mthumb -o "Src/sysmem.o"
arm-none-eabi-gcc "../Src/tasks.c" -mcpu=cortex-m4 -std=gnu11 -DSTM32F401CCUx -DSTM32 -DSTM32F4 -c -I../Inc -I"D:/IMT_ARM/STM32F104_BlackPill/8-FreeRTOS/Inc" -I"D:/IMT_ARM/STM32F104_BlackPill/8-FreeRTOS/Src" -I"D:/IMT_ARM/STM32F104_BlackPill/8-FreeRTOS/Inc/MCAL" -I"D:/IMT_ARM/STM32F104_BlackPill/8-FreeRTOS/Inc/MCAL/EXTI" -I"D:/IMT_ARM/STM32F104_BlackPill/8-FreeRTOS/Inc/MCAL/Flash" -I"D:/IMT_ARM/STM32F104_BlackPill/8-FreeRTOS/Inc/MCAL/GPIO" -I"D:/IMT_ARM/STM32F104_BlackPill/8-FreeRTOS/Inc/MCAL/NVIC" -I"D:/IMT_ARM/STM32F104_BlackPill/8-FreeRTOS/Inc/MCAL/RCC" -I"D:/IMT_ARM/STM32F104_BlackPill/8-FreeRTOS/Inc/MCAL/SPI" -I"D:/IMT_ARM/STM32F104_BlackPill/8-FreeRTOS/Inc/MCAL/SysTick" -I"D:/IMT_ARM/STM32F104_BlackPill/8-FreeRTOS/Inc/MCAL/UART" -Os -ffunction-sections -fdata-sections -Wall -fstack-usage -fcyclomatic-complexity -MMD -MP -MF"Src/tasks.d" -MT"Src/tasks.o" --specs=nano.specs -mfpu=fpv4-sp-d16 -mfloat-abi=hard -mthumb -o "Src/tasks.o"
arm-none-eabi-gcc "../Src/timers.c" -mcpu=cortex-m4 -std=gnu11 -DSTM32F401CCUx -DSTM32 -DSTM32F4 -c -I../Inc -I"D:/IMT_ARM/STM32F104_BlackPill/8-FreeRTOS/Inc" -I"D:/IMT_ARM/STM32F104_BlackPill/8-FreeRTOS/Src" -I"D:/IMT_ARM/STM32F104_BlackPill/8-FreeRTOS/Inc/MCAL" -I"D:/IMT_ARM/STM32F104_BlackPill/8-FreeRTOS/Inc/MCAL/EXTI" -I"D:/IMT_ARM/STM32F104_BlackPill/8-FreeRTOS/Inc/MCAL/Flash" -I"D:/IMT_ARM/STM32F104_BlackPill/8-FreeRTOS/Inc/MCAL/GPIO" -I"D:/IMT_ARM/STM32F104_BlackPill/8-FreeRTOS/Inc/MCAL/NVIC" -I"D:/IMT_ARM/STM32F104_BlackPill/8-FreeRTOS/Inc/MCAL/RCC" -I"D:/IMT_ARM/STM32F104_BlackPill/8-FreeRTOS/Inc/MCAL/SPI" -I"D:/IMT_ARM/STM32F104_BlackPill/8-FreeRTOS/Inc/MCAL/SysTick" -I"D:/IMT_ARM/STM32F104_BlackPill/8-FreeRTOS/Inc/MCAL/UART" -Os -ffunction-sections -fdata-sections -Wall -fstack-usage -fcyclomatic-complexity -MMD -MP -MF"Src/timers.d" -MT"Src/timers.o" --specs=nano.specs -mfpu=fpv4-sp-d16 -mfloat-abi=hard -mthumb -o "Src/timers.o"
arm-none-eabi-gcc "../Inc/MCAL/UART/UART_PRG.c" -mcpu=cortex-m4 -std=gnu11 -DSTM32F401CCUx -DSTM32 -DSTM32F4 -c -I../Inc -I"D:/IMT_ARM/STM32F104_BlackPill/8-FreeRTOS/Inc" -I"D:/IMT_ARM/STM32F104_BlackPill/8-FreeRTOS/Src" -I"D:/IMT_ARM/STM32F104_BlackPill/8-FreeRTOS/Inc/MCAL" -I"D:/IMT_ARM/STM32F104_BlackPill/8-FreeRTOS/Inc/MCAL/EXTI" -I"D:/IMT_ARM/STM32F104_BlackPill/8-FreeRTOS/Inc/MCAL/Flash" -I"D:/IMT_ARM/STM32F104_BlackPill/8-FreeRTOS/Inc/MCAL/GPIO" -I"D:/IMT_ARM/STM32F104_BlackPill/8-FreeRTOS/Inc/MCAL/NVIC" -I"D:/IMT_ARM/STM32F104_BlackPill/8-FreeRTOS/Inc/MCAL/RCC" -I"D:/IMT_ARM/STM32F104_BlackPill/8-FreeRTOS/Inc/MCAL/SPI" -I"D:/IMT_ARM/STM32F104_BlackPill/8-FreeRTOS/Inc/MCAL/SysTick" -I"D:/IMT_ARM/STM32F104_BlackPill/8-FreeRTOS/Inc/MCAL/UART" -Os -ffunction-sections -fdata-sections -Wall -fstack-usage -fcyclomatic-complexity -MMD -MP -MF"Inc/MCAL/UART/UART_PRG.d" -MT"Inc/MCAL/UART/UART_PRG.o" --specs=nano.specs -mfpu=fpv4-sp-d16 -mfloat-abi=hard -mthumb -o "Inc/MCAL/UART/UART_PRG.o"
arm-none-eabi-gcc "../Inc/MCAL/SysTick/SysTick_PRG.c" -mcpu=cortex-m4 -std=gnu11 -DSTM32F401CCUx -DSTM32 -DSTM32F4 -c -I../Inc -I"D:/IMT_ARM/STM32F104_BlackPill/8-FreeRTOS/Inc" -I"D:/IMT_ARM/STM32F104_BlackPill/8-FreeRTOS/Src" -I"D:/IMT_ARM/STM32F104_BlackPill/8-FreeRTOS/Inc/MCAL" -I"D:/IMT_ARM/STM32F104_BlackPill/8-FreeRTOS/Inc/MCAL/EXTI" -I"D:/IMT_ARM/STM32F104_BlackPill/8-FreeRTOS/Inc/MCAL/Flash" -I"D:/IMT_ARM/STM32F104_BlackPill/8-FreeRTOS/Inc/MCAL/GPIO" -I"D:/IMT_ARM/STM32F104_BlackPill/8-FreeRTOS/Inc/MCAL/NVIC" -I"D:/IMT_ARM/STM32F104_BlackPill/8-FreeRTOS/Inc/MCAL/RCC" -I"D:/IMT_ARM/STM32F104_BlackPill/8-FreeRTOS/Inc/MCAL/SPI" -I"D:/IMT_ARM/STM32F104_BlackPill/8-FreeRTOS/Inc/MCAL/SysTick" -I"D:/IMT_ARM/STM32F104_BlackPill/8-FreeRTOS/Inc/MCAL/UART" -Os -ffunction-sections -fdata-sections -Wall -fstack-usage -fcyclomatic-complexity -MMD -MP -MF"Inc/MCAL/SysTick/SysTick_PRG.d" -MT"Inc/MCAL/SysTick/SysTick_PRG.o" --specs=nano.specs -mfpu=fpv4-sp-d16 -mfloat-abi=hard -mthumb -o "Inc/MCAL/SysTick/SysTick_PRG.o"
arm-none-eabi-gcc "../Inc/MCAL/SPI/SPI_prg.c" -mcpu=cortex-m4 -std=gnu11 -DSTM32F401CCUx -DSTM32 -DSTM32F4 -c -I../Inc -I"D:/IMT_ARM/STM32F104_BlackPill/8-FreeRTOS/Inc" -I"D:/IMT_ARM/STM32F104_BlackPill/8-FreeRTOS/Src" -I"D:/IMT_ARM/STM32F104_BlackPill/8-FreeRTOS/Inc/MCAL" -I"D:/IMT_ARM/STM32F104_BlackPill/8-FreeRTOS/Inc/MCAL/EXTI" -I"D:/IMT_ARM/STM32F104_BlackPill/8-FreeRTOS/Inc/MCAL/Flash" -I"D:/IMT_ARM/STM32F104_BlackPill/8-FreeRTOS/Inc/MCAL/GPIO" -I"D:/IMT_ARM/STM32F104_BlackPill/8-FreeRTOS/Inc/MCAL/NVIC" -I"D:/IMT_ARM/STM32F104_BlackPill/8-FreeRTOS/Inc/MCAL/RCC" -I"D:/IMT_ARM/STM32F104_BlackPill/8-FreeRTOS/Inc/MCAL/SPI" -I"D:/IMT_ARM/STM32F104_BlackPill/8-FreeRTOS/Inc/MCAL/SysTick" -I"D:/IMT_ARM/STM32F104_BlackPill/8-FreeRTOS/Inc/MCAL/UART" -Os -ffunction-sections -fdata-sections -Wall -fstack-usage -fcyclomatic-complexity -MMD -MP -MF"Inc/MCAL/SPI/SPI_prg.d" -MT"Inc/MCAL/SPI/SPI_prg.o" --specs=nano.specs -mfpu=fpv4-sp-d16 -mfloat-abi=hard -mthumb -o "Inc/MCAL/SPI/SPI_prg.o"
arm-none-eabi-gcc "../Inc/MCAL/RCC/RCC_PRG.c" -mcpu=cortex-m4 -std=gnu11 -DSTM32F401CCUx -DSTM32 -DSTM32F4 -c -I../Inc -I"D:/IMT_ARM/STM32F104_BlackPill/8-FreeRTOS/Inc" -I"D:/IMT_ARM/STM32F104_BlackPill/8-FreeRTOS/Src" -I"D:/IMT_ARM/STM32F104_BlackPill/8-FreeRTOS/Inc/MCAL" -I"D:/IMT_ARM/STM32F104_BlackPill/8-FreeRTOS/Inc/MCAL/EXTI" -I"D:/IMT_ARM/STM32F104_BlackPill/8-FreeRTOS/Inc/MCAL/Flash" -I"D:/IMT_ARM/STM32F104_BlackPill/8-FreeRTOS/Inc/MCAL/GPIO" -I"D:/IMT_ARM/STM32F104_BlackPill/8-FreeRTOS/Inc/MCAL/NVIC" -I"D:/IMT_ARM/STM32F104_BlackPill/8-FreeRTOS/Inc/MCAL/RCC" -I"D:/IMT_ARM/STM32F104_BlackPill/8-FreeRTOS/Inc/MCAL/SPI" -I"D:/IMT_ARM/STM32F104_BlackPill/8-FreeRTOS/Inc/MCAL/SysTick" -I"D:/IMT_ARM/STM32F104_BlackPill/8-FreeRTOS/Inc/MCAL/UART" -Os -ffunction-sections -fdata-sections -Wall -fstack-usage -fcyclomatic-complexity -MMD -MP -MF"Inc/MCAL/RCC/RCC_PRG.d" -MT"Inc/MCAL/RCC/RCC_PRG.o" --specs=nano.specs -mfpu=fpv4-sp-d16 -mfloat-abi=hard -mthumb -o "Inc/MCAL/RCC/RCC_PRG.o"
arm-none-eabi-gcc "../Inc/MCAL/NVIC/NVIC_PRG.c" -mcpu=cortex-m4 -std=gnu11 -DSTM32F401CCUx -DSTM32 -DSTM32F4 -c -I../Inc -I"D:/IMT_ARM/STM32F104_BlackPill/8-FreeRTOS/Inc" -I"D:/IMT_ARM/STM32F104_BlackPill/8-FreeRTOS/Src" -I"D:/IMT_ARM/STM32F104_BlackPill/8-FreeRTOS/Inc/MCAL" -I"D:/IMT_ARM/STM32F104_BlackPill/8-FreeRTOS/Inc/MCAL/EXTI" -I"D:/IMT_ARM/STM32F104_BlackPill/8-FreeRTOS/Inc/MCAL/Flash" -I"D:/IMT_ARM/STM32F104_BlackPill/8-FreeRTOS/Inc/MCAL/GPIO" -I"D:/IMT_ARM/STM32F104_BlackPill/8-FreeRTOS/Inc/MCAL/NVIC" -I"D:/IMT_ARM/STM32F104_BlackPill/8-FreeRTOS/Inc/MCAL/RCC" -I"D:/IMT_ARM/STM32F104_BlackPill/8-FreeRTOS/Inc/MCAL/SPI" -I"D:/IMT_ARM/STM32F104_BlackPill/8-FreeRTOS/Inc/MCAL/SysTick" -I"D:/IMT_ARM/STM32F104_BlackPill/8-FreeRTOS/Inc/MCAL/UART" -Os -ffunction-sections -fdata-sections -Wall -fstack-usage -fcyclomatic-complexity -MMD -MP -MF"Inc/MCAL/NVIC/NVIC_PRG.d" -MT"Inc/MCAL/NVIC/NVIC_PRG.o" --specs=nano.specs -mfpu=fpv4-sp-d16 -mfloat-abi=hard -mthumb -o "Inc/MCAL/NVIC/NVIC_PRG.o"
arm-none-eabi-gcc "../Inc/MCAL/GPIO/GPIO_PRG.c" -mcpu=cortex-m4 -std=gnu11 -DSTM32F401CCUx -DSTM32 -DSTM32F4 -c -I../Inc -I"D:/IMT_ARM/STM32F104_BlackPill/8-FreeRTOS/Inc" -I"D:/IMT_ARM/STM32F104_BlackPill/8-FreeRTOS/Src" -I"D:/IMT_ARM/STM32F104_BlackPill/8-FreeRTOS/Inc/MCAL" -I"D:/IMT_ARM/STM32F104_BlackPill/8-FreeRTOS/Inc/MCAL/EXTI" -I"D:/IMT_ARM/STM32F104_BlackPill/8-FreeRTOS/Inc/MCAL/Flash" -I"D:/IMT_ARM/STM32F104_BlackPill/8-FreeRTOS/Inc/MCAL/GPIO" -I"D:/IMT_ARM/STM32F104_BlackPill/8-FreeRTOS/Inc/MCAL/NVIC" -I"D:/IMT_ARM/STM32F104_BlackPill/8-FreeRTOS/Inc/MCAL/RCC" -I"D:/IMT_ARM/STM32F104_BlackPill/8-FreeRTOS/Inc/MCAL/SPI" -I"D:/IMT_ARM/STM32F104_BlackPill/8-FreeRTOS/Inc/MCAL/SysTick" -I"D:/IMT_ARM/STM32F104_BlackPill/8-FreeRTOS/Inc/MCAL/UART" -Os -ffunction-sections -fdata-sections -Wall -fstack-usage -fcyclomatic-complexity -MMD -MP -MF"Inc/MCAL/GPIO/GPIO_PRG.d" -MT"Inc/MCAL/GPIO/GPIO_PRG.o" --specs=nano.specs -mfpu=fpv4-sp-d16 -mfloat-abi=hard -mthumb -o "Inc/MCAL/GPIO/GPIO_PRG.o"
arm-none-eabi-gcc "../Inc/MCAL/Flash/FMI_PRG.c" -mcpu=cortex-m4 -std=gnu11 -DSTM32F401CCUx -DSTM32 -DSTM32F4 -c -I../Inc -I"D:/IMT_ARM/STM32F104_BlackPill/8-FreeRTOS/Inc" -I"D:/IMT_ARM/STM32F104_BlackPill/8-FreeRTOS/Src" -I"D:/IMT_ARM/STM32F104_BlackPill/8-FreeRTOS/Inc/MCAL" -I"D:/IMT_ARM/STM32F104_BlackPill/8-FreeRTOS/Inc/MCAL/EXTI" -I"D:/IMT_ARM/STM32F104_BlackPill/8-FreeRTOS/Inc/MCAL/Flash" -I"D:/IMT_ARM/STM32F104_BlackPill/8-FreeRTOS/Inc/MCAL/GPIO" -I"D:/IMT_ARM/STM32F104_BlackPill/8-FreeRTOS/Inc/MCAL/NVIC" -I"D:/IMT_ARM/STM32F104_BlackPill/8-FreeRTOS/Inc/MCAL/RCC" -I"D:/IMT_ARM/STM32F104_BlackPill/8-FreeRTOS/Inc/MCAL/SPI" -I"D:/IMT_ARM/STM32F104_BlackPill/8-FreeRTOS/Inc/MCAL/SysTick" -I"D:/IMT_ARM/STM32F104_BlackPill/8-FreeRTOS/Inc/MCAL/UART" -Os -ffunction-sections -fdata-sections -Wall -fstack-usage -fcyclomatic-complexity -MMD -MP -MF"Inc/MCAL/Flash/FMI_PRG.d" -MT"Inc/MCAL/Flash/FMI_PRG.o" --specs=nano.specs -mfpu=fpv4-sp-d16 -mfloat-abi=hard -mthumb -o "Inc/MCAL/Flash/FMI_PRG.o"
arm-none-eabi-gcc "../Inc/MCAL/EXTI/EXTI_PRG.c" -mcpu=cortex-m4 -std=gnu11 -DSTM32F401CCUx -DSTM32 -DSTM32F4 -c -I../Inc -I"D:/IMT_ARM/STM32F104_BlackPill/8-FreeRTOS/Inc" -I"D:/IMT_ARM/STM32F104_BlackPill/8-FreeRTOS/Src" -I"D:/IMT_ARM/STM32F104_BlackPill/8-FreeRTOS/Inc/MCAL" -I"D:/IMT_ARM/STM32F104_BlackPill/8-FreeRTOS/Inc/MCAL/EXTI" -I"D:/IMT_ARM/STM32F104_BlackPill/8-FreeRTOS/Inc/MCAL/Flash" -I"D:/IMT_ARM/STM32F104_BlackPill/8-FreeRTOS/Inc/MCAL/GPIO" -I"D:/IMT_ARM/STM32F104_BlackPill/8-FreeRTOS/Inc/MCAL/NVIC" -I"D:/IMT_ARM/STM32F104_BlackPill/8-FreeRTOS/Inc/MCAL/RCC" -I"D:/IMT_ARM/STM32F104_BlackPill/8-FreeRTOS/Inc/MCAL/SPI" -I"D:/IMT_ARM/STM32F104_BlackPill/8-FreeRTOS/Inc/MCAL/SysTick" -I"D:/IMT_ARM/STM32F104_BlackPill/8-FreeRTOS/Inc/MCAL/UART" -Os -ffunction-sections -fdata-sections -Wall -fstack-usage -fcyclomatic-complexity -MMD -MP -MF"Inc/MCAL/EXTI/EXTI_PRG.d" -MT"Inc/MCAL/EXTI/EXTI_PRG.o" --specs=nano.specs -mfpu=fpv4-sp-d16 -mfloat-abi=hard -mthumb -o "Inc/MCAL/EXTI/EXTI_PRG.o"
../Inc/MCAL/NVIC/NVIC_PRG.c: In function 'NVIC_eReadInterruptActive':
../Inc/MCAL/NVIC/NVIC_PRG.c:33:9: warning: implicit declaration of function 'READ_BIT' [-Wimplicit-function-declaration]
   33 |  return READ_BIT(NVIC->NVIC_ICPR[copy_eInterrupt / 32],(copy_eInterrupt % 32));
      |         ^~~~~~~~
arm-none-eabi-gcc -o "8-FreeRTOS.elf" @"objects.list"   -mcpu=cortex-m4 -T"D:\IMT_ARM\STM32F104_BlackPill\8-FreeRTOS\STM32F401CCUX_FLASH.ld" --specs=nosys.specs -Wl,-Map="8-FreeRTOS.map" -Wl,--gc-sections -static --specs=nano.specs -mfpu=fpv4-sp-d16 -mfloat-abi=hard -mthumb -Wl,--start-group -lc -lm -Wl,--end-group
Finished building target: 8-FreeRTOS.elf
 
arm-none-eabi-size   8-FreeRTOS.elf 
arm-none-eabi-objdump -h -S  8-FreeRTOS.elf  > "8-FreeRTOS.list"
   text	   data	    bss	    dec	    hex	filename
    744	      8	   1640	   2392	    958	8-FreeRTOS.elf
Finished building: default.size.stdout
 
Finished building: 8-FreeRTOS.list
 
01:00:14 **** Incremental Build of configuration Debug for project 8-FreeRTOS ****
make -j8 all 
arm-none-eabi-size   8-FreeRTOS.elf 
   text	   data	    bss	    dec	    hex	filename
    784	      8	   1640	   2432	    980	8-FreeRTOS.elf
Finished building: default.size.stdout
 
01:01:14 **** Build of configuration Debug for project Test_test ****
make -j8 all 
arm-none-eabi-gcc -mcpu=cortex-m4 -g3 -DDEBUG -c -x assembler-with-cpp -MMD -MP -MF"Startup/startup_stm32f401ccux.d" -MT"Startup/startup_stm32f401ccux.o" --specs=nano.specs -mfpu=fpv4-sp-d16 -mfloat-abi=hard -mthumb -o "Startup/startup_stm32f401ccux.o" "../Startup/startup_stm32f401ccux.s"
arm-none-eabi-gcc "../Src/main.c" -mcpu=cortex-m4 -std=gnu11 -g3 -DDEBUG -DSTM32F401CCUx -DSTM32 -DSTM32F4 -c -I../Inc -O0 -ffunction-sections -fdata-sections -Wall -fstack-usage -fcyclomatic-complexity -MMD -MP -MF"Src/main.d" -MT"Src/main.o" --specs=nano.specs -mfpu=fpv4-sp-d16 -mfloat-abi=hard -mthumb -o "Src/main.o"
arm-none-eabi-gcc "../Src/syscalls.c" -mcpu=cortex-m4 -std=gnu11 -g3 -DDEBUG -DSTM32F401CCUx -DSTM32 -DSTM32F4 -c -I../Inc -O0 -ffunction-sections -fdata-sections -Wall -fstack-usage -fcyclomatic-complexity -MMD -MP -MF"Src/syscalls.d" -MT"Src/syscalls.o" --specs=nano.specs -mfpu=fpv4-sp-d16 -mfloat-abi=hard -mthumb -o "Src/syscalls.o"
arm-none-eabi-gcc "../Src/sysmem.c" -mcpu=cortex-m4 -std=gnu11 -g3 -DDEBUG -DSTM32F401CCUx -DSTM32 -DSTM32F4 -c -I../Inc -O0 -ffunction-sections -fdata-sections -Wall -fstack-usage -fcyclomatic-complexity -MMD -MP -MF"Src/sysmem.d" -MT"Src/sysmem.o" --specs=nano.specs -mfpu=fpv4-sp-d16 -mfloat-abi=hard -mthumb -o "Src/sysmem.o"
../Src/main.c:22:4: warning: #warning "FPU is not initialized, but the project is compiling for an FPU. Please initialize the FPU before use." [-Wcpp]
   22 |   #warning "FPU is not initialized, but the project is compiling for an FPU. Please initialize the FPU before use."
      |    ^~~~~~~
arm-none-eabi-gcc -o "Test_test.elf" @"objects.list"   -mcpu=cortex-m4 -T"D:\IMT_ARM\STM32F104_BlackPill\Test_test\STM32F401CCUX_FLASH.ld" --specs=nosys.specs -Wl,-Map="Test_test.map" -Wl,--gc-sections -static --specs=nano.specs -mfpu=fpv4-sp-d16 -mfloat-abi=hard -mthumb -Wl,--start-group -lc -lm -Wl,--end-group
Finished building target: Test_test.elf
 
arm-none-eabi-size   Test_test.elf 
arm-none-eabi-objdump -h -S  Test_test.elf  > "Test_test.list"
   text	   data	    bss	    dec	    hex	filename
    656	      8	   1568	   2232	    8b8	Test_test.elf
Finished building: default.size.stdout
 
Finished building: Test_test.list
 
01:01:19 **** Incremental Build of configuration Debug for project Test_test ****
make -j8 all 
arm-none-eabi-size   Test_test.elf 
   text	   data	    bss	    dec	    hex	filename
    656	      8	   1568	   2232	    8b8	Test_test.elf
Finished building: default.size.stdout
 
01:14:09 **** Incremental Build of configuration Debug for project Test_test ****
make -j8 all 
arm-none-eabi-size   Test_test.elf 
   text	   data	    bss	    dec	    hex	filename
    656	      8	   1568	   2232	    8b8	Test_test.elf
Finished building: default.size.stdout
 
01:14:35 **** Build of configuration Debug for project 12-TFT ****
make -j8 all 
arm-none-eabi-size   12-TFT.elf 
   text	   data	    bss	    dec	    hex	filename
   5304	  40992	   1640	  47936	   bb40	12-TFT.elf
Finished building: default.size.stdout
 
01:16:58 **** Incremental Build of configuration Debug for project 12-TFT ****
make -j8 all 
arm-none-eabi-size   12-TFT.elf 
   text	   data	    bss	    dec	    hex	filename
   5304	  40992	   1640	  47936	   bb40	12-TFT.elf
Finished building: default.size.stdout
 
02:04:46 **** Incremental Build of configuration Debug for project 8-FreeRTOS ****
make -j8 all 
arm-none-eabi-gcc "../Src/croutine.c" -mcpu=cortex-m4 -std=gnu11 -g3 -DDEBUG -DSTM32F401CCUx -DSTM32 -DSTM32F4 -c -I"D:/IMT_ARM/STM32F104_BlackPill/8-FreeRTOS/Inc/MCAL" -I"D:/IMT_ARM/STM32F104_BlackPill/8-FreeRTOS/Inc/MCAL/EXTI" -I"D:/IMT_ARM/STM32F104_BlackPill/8-FreeRTOS/Inc/MCAL/Flash" -I"D:/IMT_ARM/STM32F104_BlackPill/8-FreeRTOS/Inc/MCAL/GPIO" -I"D:/IMT_ARM/STM32F104_BlackPill/8-FreeRTOS/Inc/MCAL/NVIC" -I"D:/IMT_ARM/STM32F104_BlackPill/8-FreeRTOS/Inc/MCAL/RCC" -I"D:/IMT_ARM/STM32F104_BlackPill/8-FreeRTOS/Inc/MCAL/SPI" -I"D:/IMT_ARM/STM32F104_BlackPill/8-FreeRTOS/Inc/MCAL/SysTick" -I"D:/IMT_ARM/STM32F104_BlackPill/8-FreeRTOS/Inc/MCAL/UART" -I../Inc -O0 -ffunction-sections -fdata-sections -Wall -fstack-usage -fcyclomatic-complexity -MMD -MP -MF"Src/croutine.d" -MT"Src/croutine.o" --specs=nano.specs -mfpu=fpv4-sp-d16 -mfloat-abi=softfp -mthumb -o "Src/croutine.o"
arm-none-eabi-gcc "../Src/event_groups.c" -mcpu=cortex-m4 -std=gnu11 -g3 -DDEBUG -DSTM32F401CCUx -DSTM32 -DSTM32F4 -c -I"D:/IMT_ARM/STM32F104_BlackPill/8-FreeRTOS/Inc/MCAL" -I"D:/IMT_ARM/STM32F104_BlackPill/8-FreeRTOS/Inc/MCAL/EXTI" -I"D:/IMT_ARM/STM32F104_BlackPill/8-FreeRTOS/Inc/MCAL/Flash" -I"D:/IMT_ARM/STM32F104_BlackPill/8-FreeRTOS/Inc/MCAL/GPIO" -I"D:/IMT_ARM/STM32F104_BlackPill/8-FreeRTOS/Inc/MCAL/NVIC" -I"D:/IMT_ARM/STM32F104_BlackPill/8-FreeRTOS/Inc/MCAL/RCC" -I"D:/IMT_ARM/STM32F104_BlackPill/8-FreeRTOS/Inc/MCAL/SPI" -I"D:/IMT_ARM/STM32F104_BlackPill/8-FreeRTOS/Inc/MCAL/SysTick" -I"D:/IMT_ARM/STM32F104_BlackPill/8-FreeRTOS/Inc/MCAL/UART" -I../Inc -O0 -ffunction-sections -fdata-sections -Wall -fstack-usage -fcyclomatic-complexity -MMD -MP -MF"Src/event_groups.d" -MT"Src/event_groups.o" --specs=nano.specs -mfpu=fpv4-sp-d16 -mfloat-abi=softfp -mthumb -o "Src/event_groups.o"
arm-none-eabi-gcc "../Src/heap_4.c" -mcpu=cortex-m4 -std=gnu11 -g3 -DDEBUG -DSTM32F401CCUx -DSTM32 -DSTM32F4 -c -I"D:/IMT_ARM/STM32F104_BlackPill/8-FreeRTOS/Inc/MCAL" -I"D:/IMT_ARM/STM32F104_BlackPill/8-FreeRTOS/Inc/MCAL/EXTI" -I"D:/IMT_ARM/STM32F104_BlackPill/8-FreeRTOS/Inc/MCAL/Flash" -I"D:/IMT_ARM/STM32F104_BlackPill/8-FreeRTOS/Inc/MCAL/GPIO" -I"D:/IMT_ARM/STM32F104_BlackPill/8-FreeRTOS/Inc/MCAL/NVIC" -I"D:/IMT_ARM/STM32F104_BlackPill/8-FreeRTOS/Inc/MCAL/RCC" -I"D:/IMT_ARM/STM32F104_BlackPill/8-FreeRTOS/Inc/MCAL/SPI" -I"D:/IMT_ARM/STM32F104_BlackPill/8-FreeRTOS/Inc/MCAL/SysTick" -I"D:/IMT_ARM/STM32F104_BlackPill/8-FreeRTOS/Inc/MCAL/UART" -I../Inc -O0 -ffunction-sections -fdata-sections -Wall -fstack-usage -fcyclomatic-complexity -MMD -MP -MF"Src/heap_4.d" -MT"Src/heap_4.o" --specs=nano.specs -mfpu=fpv4-sp-d16 -mfloat-abi=softfp -mthumb -o "Src/heap_4.o"
arm-none-eabi-gcc "../Src/list.c" -mcpu=cortex-m4 -std=gnu11 -g3 -DDEBUG -DSTM32F401CCUx -DSTM32 -DSTM32F4 -c -I"D:/IMT_ARM/STM32F104_BlackPill/8-FreeRTOS/Inc/MCAL" -I"D:/IMT_ARM/STM32F104_BlackPill/8-FreeRTOS/Inc/MCAL/EXTI" -I"D:/IMT_ARM/STM32F104_BlackPill/8-FreeRTOS/Inc/MCAL/Flash" -I"D:/IMT_ARM/STM32F104_BlackPill/8-FreeRTOS/Inc/MCAL/GPIO" -I"D:/IMT_ARM/STM32F104_BlackPill/8-FreeRTOS/Inc/MCAL/NVIC" -I"D:/IMT_ARM/STM32F104_BlackPill/8-FreeRTOS/Inc/MCAL/RCC" -I"D:/IMT_ARM/STM32F104_BlackPill/8-FreeRTOS/Inc/MCAL/SPI" -I"D:/IMT_ARM/STM32F104_BlackPill/8-FreeRTOS/Inc/MCAL/SysTick" -I"D:/IMT_ARM/STM32F104_BlackPill/8-FreeRTOS/Inc/MCAL/UART" -I../Inc -O0 -ffunction-sections -fdata-sections -Wall -fstack-usage -fcyclomatic-complexity -MMD -MP -MF"Src/list.d" -MT"Src/list.o" --specs=nano.specs -mfpu=fpv4-sp-d16 -mfloat-abi=softfp -mthumb -o "Src/list.o"
arm-none-eabi-gcc "../Src/main.c" -mcpu=cortex-m4 -std=gnu11 -g3 -DDEBUG -DSTM32F401CCUx -DSTM32 -DSTM32F4 -c -I"D:/IMT_ARM/STM32F104_BlackPill/8-FreeRTOS/Inc/MCAL" -I"D:/IMT_ARM/STM32F104_BlackPill/8-FreeRTOS/Inc/MCAL/EXTI" -I"D:/IMT_ARM/STM32F104_BlackPill/8-FreeRTOS/Inc/MCAL/Flash" -I"D:/IMT_ARM/STM32F104_BlackPill/8-FreeRTOS/Inc/MCAL/GPIO" -I"D:/IMT_ARM/STM32F104_BlackPill/8-FreeRTOS/Inc/MCAL/NVIC" -I"D:/IMT_ARM/STM32F104_BlackPill/8-FreeRTOS/Inc/MCAL/RCC" -I"D:/IMT_ARM/STM32F104_BlackPill/8-FreeRTOS/Inc/MCAL/SPI" -I"D:/IMT_ARM/STM32F104_BlackPill/8-FreeRTOS/Inc/MCAL/SysTick" -I"D:/IMT_ARM/STM32F104_BlackPill/8-FreeRTOS/Inc/MCAL/UART" -I../Inc -O0 -ffunction-sections -fdata-sections -Wall -fstack-usage -fcyclomatic-complexity -MMD -MP -MF"Src/main.d" -MT"Src/main.o" --specs=nano.specs -mfpu=fpv4-sp-d16 -mfloat-abi=softfp -mthumb -o "Src/main.o"
arm-none-eabi-gcc "../Src/port.c" -mcpu=cortex-m4 -std=gnu11 -g3 -DDEBUG -DSTM32F401CCUx -DSTM32 -DSTM32F4 -c -I"D:/IMT_ARM/STM32F104_BlackPill/8-FreeRTOS/Inc/MCAL" -I"D:/IMT_ARM/STM32F104_BlackPill/8-FreeRTOS/Inc/MCAL/EXTI" -I"D:/IMT_ARM/STM32F104_BlackPill/8-FreeRTOS/Inc/MCAL/Flash" -I"D:/IMT_ARM/STM32F104_BlackPill/8-FreeRTOS/Inc/MCAL/GPIO" -I"D:/IMT_ARM/STM32F104_BlackPill/8-FreeRTOS/Inc/MCAL/NVIC" -I"D:/IMT_ARM/STM32F104_BlackPill/8-FreeRTOS/Inc/MCAL/RCC" -I"D:/IMT_ARM/STM32F104_BlackPill/8-FreeRTOS/Inc/MCAL/SPI" -I"D:/IMT_ARM/STM32F104_BlackPill/8-FreeRTOS/Inc/MCAL/SysTick" -I"D:/IMT_ARM/STM32F104_BlackPill/8-FreeRTOS/Inc/MCAL/UART" -I../Inc -O0 -ffunction-sections -fdata-sections -Wall -fstack-usage -fcyclomatic-complexity -MMD -MP -MF"Src/port.d" -MT"Src/port.o" --specs=nano.specs -mfpu=fpv4-sp-d16 -mfloat-abi=softfp -mthumb -o "Src/port.o"
arm-none-eabi-gcc "../Src/queue.c" -mcpu=cortex-m4 -std=gnu11 -g3 -DDEBUG -DSTM32F401CCUx -DSTM32 -DSTM32F4 -c -I"D:/IMT_ARM/STM32F104_BlackPill/8-FreeRTOS/Inc/MCAL" -I"D:/IMT_ARM/STM32F104_BlackPill/8-FreeRTOS/Inc/MCAL/EXTI" -I"D:/IMT_ARM/STM32F104_BlackPill/8-FreeRTOS/Inc/MCAL/Flash" -I"D:/IMT_ARM/STM32F104_BlackPill/8-FreeRTOS/Inc/MCAL/GPIO" -I"D:/IMT_ARM/STM32F104_BlackPill/8-FreeRTOS/Inc/MCAL/NVIC" -I"D:/IMT_ARM/STM32F104_BlackPill/8-FreeRTOS/Inc/MCAL/RCC" -I"D:/IMT_ARM/STM32F104_BlackPill/8-FreeRTOS/Inc/MCAL/SPI" -I"D:/IMT_ARM/STM32F104_BlackPill/8-FreeRTOS/Inc/MCAL/SysTick" -I"D:/IMT_ARM/STM32F104_BlackPill/8-FreeRTOS/Inc/MCAL/UART" -I../Inc -O0 -ffunction-sections -fdata-sections -Wall -fstack-usage -fcyclomatic-complexity -MMD -MP -MF"Src/queue.d" -MT"Src/queue.o" --specs=nano.specs -mfpu=fpv4-sp-d16 -mfloat-abi=softfp -mthumb -o "Src/queue.o"
arm-none-eabi-gcc "../Src/stream_buffer.c" -mcpu=cortex-m4 -std=gnu11 -g3 -DDEBUG -DSTM32F401CCUx -DSTM32 -DSTM32F4 -c -I"D:/IMT_ARM/STM32F104_BlackPill/8-FreeRTOS/Inc/MCAL" -I"D:/IMT_ARM/STM32F104_BlackPill/8-FreeRTOS/Inc/MCAL/EXTI" -I"D:/IMT_ARM/STM32F104_BlackPill/8-FreeRTOS/Inc/MCAL/Flash" -I"D:/IMT_ARM/STM32F104_BlackPill/8-FreeRTOS/Inc/MCAL/GPIO" -I"D:/IMT_ARM/STM32F104_BlackPill/8-FreeRTOS/Inc/MCAL/NVIC" -I"D:/IMT_ARM/STM32F104_BlackPill/8-FreeRTOS/Inc/MCAL/RCC" -I"D:/IMT_ARM/STM32F104_BlackPill/8-FreeRTOS/Inc/MCAL/SPI" -I"D:/IMT_ARM/STM32F104_BlackPill/8-FreeRTOS/Inc/MCAL/SysTick" -I"D:/IMT_ARM/STM32F104_BlackPill/8-FreeRTOS/Inc/MCAL/UART" -I../Inc -O0 -ffunction-sections -fdata-sections -Wall -fstack-usage -fcyclomatic-complexity -MMD -MP -MF"Src/stream_buffer.d" -MT"Src/stream_buffer.o" --specs=nano.specs -mfpu=fpv4-sp-d16 -mfloat-abi=softfp -mthumb -o "Src/stream_buffer.o"
arm-none-eabi-gcc "../Src/tasks.c" -mcpu=cortex-m4 -std=gnu11 -g3 -DDEBUG -DSTM32F401CCUx -DSTM32 -DSTM32F4 -c -I"D:/IMT_ARM/STM32F104_BlackPill/8-FreeRTOS/Inc/MCAL" -I"D:/IMT_ARM/STM32F104_BlackPill/8-FreeRTOS/Inc/MCAL/EXTI" -I"D:/IMT_ARM/STM32F104_BlackPill/8-FreeRTOS/Inc/MCAL/Flash" -I"D:/IMT_ARM/STM32F104_BlackPill/8-FreeRTOS/Inc/MCAL/GPIO" -I"D:/IMT_ARM/STM32F104_BlackPill/8-FreeRTOS/Inc/MCAL/NVIC" -I"D:/IMT_ARM/STM32F104_BlackPill/8-FreeRTOS/Inc/MCAL/RCC" -I"D:/IMT_ARM/STM32F104_BlackPill/8-FreeRTOS/Inc/MCAL/SPI" -I"D:/IMT_ARM/STM32F104_BlackPill/8-FreeRTOS/Inc/MCAL/SysTick" -I"D:/IMT_ARM/STM32F104_BlackPill/8-FreeRTOS/Inc/MCAL/UART" -I../Inc -O0 -ffunction-sections -fdata-sections -Wall -fstack-usage -fcyclomatic-complexity -MMD -MP -MF"Src/tasks.d" -MT"Src/tasks.o" --specs=nano.specs -mfpu=fpv4-sp-d16 -mfloat-abi=softfp -mthumb -o "Src/tasks.o"
arm-none-eabi-gcc "../Src/timers.c" -mcpu=cortex-m4 -std=gnu11 -g3 -DDEBUG -DSTM32F401CCUx -DSTM32 -DSTM32F4 -c -I"D:/IMT_ARM/STM32F104_BlackPill/8-FreeRTOS/Inc/MCAL" -I"D:/IMT_ARM/STM32F104_BlackPill/8-FreeRTOS/Inc/MCAL/EXTI" -I"D:/IMT_ARM/STM32F104_BlackPill/8-FreeRTOS/Inc/MCAL/Flash" -I"D:/IMT_ARM/STM32F104_BlackPill/8-FreeRTOS/Inc/MCAL/GPIO" -I"D:/IMT_ARM/STM32F104_BlackPill/8-FreeRTOS/Inc/MCAL/NVIC" -I"D:/IMT_ARM/STM32F104_BlackPill/8-FreeRTOS/Inc/MCAL/RCC" -I"D:/IMT_ARM/STM32F104_BlackPill/8-FreeRTOS/Inc/MCAL/SPI" -I"D:/IMT_ARM/STM32F104_BlackPill/8-FreeRTOS/Inc/MCAL/SysTick" -I"D:/IMT_ARM/STM32F104_BlackPill/8-FreeRTOS/Inc/MCAL/UART" -I../Inc -O0 -ffunction-sections -fdata-sections -Wall -fstack-usage -fcyclomatic-complexity -MMD -MP -MF"Src/timers.d" -MT"Src/timers.o" --specs=nano.specs -mfpu=fpv4-sp-d16 -mfloat-abi=softfp -mthumb -o "Src/timers.o"
arm-none-eabi-gcc -o "8-FreeRTOS.elf" @"objects.list"   -mcpu=cortex-m4 -T"D:\IMT_ARM\STM32F104_BlackPill\8-FreeRTOS\STM32F401CCUX_FLASH.ld" --specs=nosys.specs -Wl,-Map="8-FreeRTOS.map" -Wl,--gc-sections -static --specs=nano.specs -mfpu=fpv4-sp-d16 -mfloat-abi=softfp -mthumb -Wl,--start-group -lc -lm -Wl,--end-group
c:\st\stm32cubeide_1.12.1\stm32cubeide\plugins\com.st.stm32cube.ide.mcu.externaltools.gnu-tools-for-stm32.10.3-2021.10.win32_1.0.200.202301161003\tools\arm-none-eabi\bin\ld.exe: ./Src/tasks.o: in function `vTaskSwitchContext':
D:/IMT_ARM/STM32F104_BlackPill/8-FreeRTOS/Debug/../Src/tasks.c:3051: undefined reference to `vApplicationStackOverflowHook'
collect2.exe: error: ld returned 1 exit status
make: *** [makefile:71: 8-FreeRTOS.elf] Error 1
"make -j8 all" terminated with exit code 2. Build might be incomplete.
02:07:36 **** Incremental Build of configuration Debug for project 8-FreeRTOS ****
make -j8 all 
arm-none-eabi-gcc "../Src/croutine.c" -mcpu=cortex-m4 -std=gnu11 -g3 -DDEBUG -DSTM32F401CCUx -DSTM32 -DSTM32F4 -c -I"D:/IMT_ARM/STM32F104_BlackPill/8-FreeRTOS/Inc/MCAL" -I"D:/IMT_ARM/STM32F104_BlackPill/8-FreeRTOS/Inc/MCAL/EXTI" -I"D:/IMT_ARM/STM32F104_BlackPill/8-FreeRTOS/Inc/MCAL/Flash" -I"D:/IMT_ARM/STM32F104_BlackPill/8-FreeRTOS/Inc/MCAL/GPIO" -I"D:/IMT_ARM/STM32F104_BlackPill/8-FreeRTOS/Inc/MCAL/NVIC" -I"D:/IMT_ARM/STM32F104_BlackPill/8-FreeRTOS/Inc/MCAL/RCC" -I"D:/IMT_ARM/STM32F104_BlackPill/8-FreeRTOS/Inc/MCAL/SPI" -I"D:/IMT_ARM/STM32F104_BlackPill/8-FreeRTOS/Inc/MCAL/SysTick" -I"D:/IMT_ARM/STM32F104_BlackPill/8-FreeRTOS/Inc/MCAL/UART" -I../Inc -O0 -ffunction-sections -fdata-sections -Wall -fstack-usage -fcyclomatic-complexity -MMD -MP -MF"Src/croutine.d" -MT"Src/croutine.o" --specs=nano.specs -mfpu=fpv4-sp-d16 -mfloat-abi=softfp -mthumb -o "Src/croutine.o"
arm-none-eabi-gcc "../Src/event_groups.c" -mcpu=cortex-m4 -std=gnu11 -g3 -DDEBUG -DSTM32F401CCUx -DSTM32 -DSTM32F4 -c -I"D:/IMT_ARM/STM32F104_BlackPill/8-FreeRTOS/Inc/MCAL" -I"D:/IMT_ARM/STM32F104_BlackPill/8-FreeRTOS/Inc/MCAL/EXTI" -I"D:/IMT_ARM/STM32F104_BlackPill/8-FreeRTOS/Inc/MCAL/Flash" -I"D:/IMT_ARM/STM32F104_BlackPill/8-FreeRTOS/Inc/MCAL/GPIO" -I"D:/IMT_ARM/STM32F104_BlackPill/8-FreeRTOS/Inc/MCAL/NVIC" -I"D:/IMT_ARM/STM32F104_BlackPill/8-FreeRTOS/Inc/MCAL/RCC" -I"D:/IMT_ARM/STM32F104_BlackPill/8-FreeRTOS/Inc/MCAL/SPI" -I"D:/IMT_ARM/STM32F104_BlackPill/8-FreeRTOS/Inc/MCAL/SysTick" -I"D:/IMT_ARM/STM32F104_BlackPill/8-FreeRTOS/Inc/MCAL/UART" -I../Inc -O0 -ffunction-sections -fdata-sections -Wall -fstack-usage -fcyclomatic-complexity -MMD -MP -MF"Src/event_groups.d" -MT"Src/event_groups.o" --specs=nano.specs -mfpu=fpv4-sp-d16 -mfloat-abi=softfp -mthumb -o "Src/event_groups.o"
arm-none-eabi-gcc "../Src/heap_4.c" -mcpu=cortex-m4 -std=gnu11 -g3 -DDEBUG -DSTM32F401CCUx -DSTM32 -DSTM32F4 -c -I"D:/IMT_ARM/STM32F104_BlackPill/8-FreeRTOS/Inc/MCAL" -I"D:/IMT_ARM/STM32F104_BlackPill/8-FreeRTOS/Inc/MCAL/EXTI" -I"D:/IMT_ARM/STM32F104_BlackPill/8-FreeRTOS/Inc/MCAL/Flash" -I"D:/IMT_ARM/STM32F104_BlackPill/8-FreeRTOS/Inc/MCAL/GPIO" -I"D:/IMT_ARM/STM32F104_BlackPill/8-FreeRTOS/Inc/MCAL/NVIC" -I"D:/IMT_ARM/STM32F104_BlackPill/8-FreeRTOS/Inc/MCAL/RCC" -I"D:/IMT_ARM/STM32F104_BlackPill/8-FreeRTOS/Inc/MCAL/SPI" -I"D:/IMT_ARM/STM32F104_BlackPill/8-FreeRTOS/Inc/MCAL/SysTick" -I"D:/IMT_ARM/STM32F104_BlackPill/8-FreeRTOS/Inc/MCAL/UART" -I../Inc -O0 -ffunction-sections -fdata-sections -Wall -fstack-usage -fcyclomatic-complexity -MMD -MP -MF"Src/heap_4.d" -MT"Src/heap_4.o" --specs=nano.specs -mfpu=fpv4-sp-d16 -mfloat-abi=softfp -mthumb -o "Src/heap_4.o"
arm-none-eabi-gcc "../Src/list.c" -mcpu=cortex-m4 -std=gnu11 -g3 -DDEBUG -DSTM32F401CCUx -DSTM32 -DSTM32F4 -c -I"D:/IMT_ARM/STM32F104_BlackPill/8-FreeRTOS/Inc/MCAL" -I"D:/IMT_ARM/STM32F104_BlackPill/8-FreeRTOS/Inc/MCAL/EXTI" -I"D:/IMT_ARM/STM32F104_BlackPill/8-FreeRTOS/Inc/MCAL/Flash" -I"D:/IMT_ARM/STM32F104_BlackPill/8-FreeRTOS/Inc/MCAL/GPIO" -I"D:/IMT_ARM/STM32F104_BlackPill/8-FreeRTOS/Inc/MCAL/NVIC" -I"D:/IMT_ARM/STM32F104_BlackPill/8-FreeRTOS/Inc/MCAL/RCC" -I"D:/IMT_ARM/STM32F104_BlackPill/8-FreeRTOS/Inc/MCAL/SPI" -I"D:/IMT_ARM/STM32F104_BlackPill/8-FreeRTOS/Inc/MCAL/SysTick" -I"D:/IMT_ARM/STM32F104_BlackPill/8-FreeRTOS/Inc/MCAL/UART" -I../Inc -O0 -ffunction-sections -fdata-sections -Wall -fstack-usage -fcyclomatic-complexity -MMD -MP -MF"Src/list.d" -MT"Src/list.o" --specs=nano.specs -mfpu=fpv4-sp-d16 -mfloat-abi=softfp -mthumb -o "Src/list.o"
arm-none-eabi-gcc "../Src/main.c" -mcpu=cortex-m4 -std=gnu11 -g3 -DDEBUG -DSTM32F401CCUx -DSTM32 -DSTM32F4 -c -I"D:/IMT_ARM/STM32F104_BlackPill/8-FreeRTOS/Inc/MCAL" -I"D:/IMT_ARM/STM32F104_BlackPill/8-FreeRTOS/Inc/MCAL/EXTI" -I"D:/IMT_ARM/STM32F104_BlackPill/8-FreeRTOS/Inc/MCAL/Flash" -I"D:/IMT_ARM/STM32F104_BlackPill/8-FreeRTOS/Inc/MCAL/GPIO" -I"D:/IMT_ARM/STM32F104_BlackPill/8-FreeRTOS/Inc/MCAL/NVIC" -I"D:/IMT_ARM/STM32F104_BlackPill/8-FreeRTOS/Inc/MCAL/RCC" -I"D:/IMT_ARM/STM32F104_BlackPill/8-FreeRTOS/Inc/MCAL/SPI" -I"D:/IMT_ARM/STM32F104_BlackPill/8-FreeRTOS/Inc/MCAL/SysTick" -I"D:/IMT_ARM/STM32F104_BlackPill/8-FreeRTOS/Inc/MCAL/UART" -I../Inc -O0 -ffunction-sections -fdata-sections -Wall -fstack-usage -fcyclomatic-complexity -MMD -MP -MF"Src/main.d" -MT"Src/main.o" --specs=nano.specs -mfpu=fpv4-sp-d16 -mfloat-abi=softfp -mthumb -o "Src/main.o"
arm-none-eabi-gcc "../Src/port.c" -mcpu=cortex-m4 -std=gnu11 -g3 -DDEBUG -DSTM32F401CCUx -DSTM32 -DSTM32F4 -c -I"D:/IMT_ARM/STM32F104_BlackPill/8-FreeRTOS/Inc/MCAL" -I"D:/IMT_ARM/STM32F104_BlackPill/8-FreeRTOS/Inc/MCAL/EXTI" -I"D:/IMT_ARM/STM32F104_BlackPill/8-FreeRTOS/Inc/MCAL/Flash" -I"D:/IMT_ARM/STM32F104_BlackPill/8-FreeRTOS/Inc/MCAL/GPIO" -I"D:/IMT_ARM/STM32F104_BlackPill/8-FreeRTOS/Inc/MCAL/NVIC" -I"D:/IMT_ARM/STM32F104_BlackPill/8-FreeRTOS/Inc/MCAL/RCC" -I"D:/IMT_ARM/STM32F104_BlackPill/8-FreeRTOS/Inc/MCAL/SPI" -I"D:/IMT_ARM/STM32F104_BlackPill/8-FreeRTOS/Inc/MCAL/SysTick" -I"D:/IMT_ARM/STM32F104_BlackPill/8-FreeRTOS/Inc/MCAL/UART" -I../Inc -O0 -ffunction-sections -fdata-sections -Wall -fstack-usage -fcyclomatic-complexity -MMD -MP -MF"Src/port.d" -MT"Src/port.o" --specs=nano.specs -mfpu=fpv4-sp-d16 -mfloat-abi=softfp -mthumb -o "Src/port.o"
arm-none-eabi-gcc "../Src/queue.c" -mcpu=cortex-m4 -std=gnu11 -g3 -DDEBUG -DSTM32F401CCUx -DSTM32 -DSTM32F4 -c -I"D:/IMT_ARM/STM32F104_BlackPill/8-FreeRTOS/Inc/MCAL" -I"D:/IMT_ARM/STM32F104_BlackPill/8-FreeRTOS/Inc/MCAL/EXTI" -I"D:/IMT_ARM/STM32F104_BlackPill/8-FreeRTOS/Inc/MCAL/Flash" -I"D:/IMT_ARM/STM32F104_BlackPill/8-FreeRTOS/Inc/MCAL/GPIO" -I"D:/IMT_ARM/STM32F104_BlackPill/8-FreeRTOS/Inc/MCAL/NVIC" -I"D:/IMT_ARM/STM32F104_BlackPill/8-FreeRTOS/Inc/MCAL/RCC" -I"D:/IMT_ARM/STM32F104_BlackPill/8-FreeRTOS/Inc/MCAL/SPI" -I"D:/IMT_ARM/STM32F104_BlackPill/8-FreeRTOS/Inc/MCAL/SysTick" -I"D:/IMT_ARM/STM32F104_BlackPill/8-FreeRTOS/Inc/MCAL/UART" -I../Inc -O0 -ffunction-sections -fdata-sections -Wall -fstack-usage -fcyclomatic-complexity -MMD -MP -MF"Src/queue.d" -MT"Src/queue.o" --specs=nano.specs -mfpu=fpv4-sp-d16 -mfloat-abi=softfp -mthumb -o "Src/queue.o"
arm-none-eabi-gcc "../Src/stream_buffer.c" -mcpu=cortex-m4 -std=gnu11 -g3 -DDEBUG -DSTM32F401CCUx -DSTM32 -DSTM32F4 -c -I"D:/IMT_ARM/STM32F104_BlackPill/8-FreeRTOS/Inc/MCAL" -I"D:/IMT_ARM/STM32F104_BlackPill/8-FreeRTOS/Inc/MCAL/EXTI" -I"D:/IMT_ARM/STM32F104_BlackPill/8-FreeRTOS/Inc/MCAL/Flash" -I"D:/IMT_ARM/STM32F104_BlackPill/8-FreeRTOS/Inc/MCAL/GPIO" -I"D:/IMT_ARM/STM32F104_BlackPill/8-FreeRTOS/Inc/MCAL/NVIC" -I"D:/IMT_ARM/STM32F104_BlackPill/8-FreeRTOS/Inc/MCAL/RCC" -I"D:/IMT_ARM/STM32F104_BlackPill/8-FreeRTOS/Inc/MCAL/SPI" -I"D:/IMT_ARM/STM32F104_BlackPill/8-FreeRTOS/Inc/MCAL/SysTick" -I"D:/IMT_ARM/STM32F104_BlackPill/8-FreeRTOS/Inc/MCAL/UART" -I../Inc -O0 -ffunction-sections -fdata-sections -Wall -fstack-usage -fcyclomatic-complexity -MMD -MP -MF"Src/stream_buffer.d" -MT"Src/stream_buffer.o" --specs=nano.specs -mfpu=fpv4-sp-d16 -mfloat-abi=softfp -mthumb -o "Src/stream_buffer.o"
arm-none-eabi-gcc "../Src/tasks.c" -mcpu=cortex-m4 -std=gnu11 -g3 -DDEBUG -DSTM32F401CCUx -DSTM32 -DSTM32F4 -c -I"D:/IMT_ARM/STM32F104_BlackPill/8-FreeRTOS/Inc/MCAL" -I"D:/IMT_ARM/STM32F104_BlackPill/8-FreeRTOS/Inc/MCAL/EXTI" -I"D:/IMT_ARM/STM32F104_BlackPill/8-FreeRTOS/Inc/MCAL/Flash" -I"D:/IMT_ARM/STM32F104_BlackPill/8-FreeRTOS/Inc/MCAL/GPIO" -I"D:/IMT_ARM/STM32F104_BlackPill/8-FreeRTOS/Inc/MCAL/NVIC" -I"D:/IMT_ARM/STM32F104_BlackPill/8-FreeRTOS/Inc/MCAL/RCC" -I"D:/IMT_ARM/STM32F104_BlackPill/8-FreeRTOS/Inc/MCAL/SPI" -I"D:/IMT_ARM/STM32F104_BlackPill/8-FreeRTOS/Inc/MCAL/SysTick" -I"D:/IMT_ARM/STM32F104_BlackPill/8-FreeRTOS/Inc/MCAL/UART" -I../Inc -O0 -ffunction-sections -fdata-sections -Wall -fstack-usage -fcyclomatic-complexity -MMD -MP -MF"Src/tasks.d" -MT"Src/tasks.o" --specs=nano.specs -mfpu=fpv4-sp-d16 -mfloat-abi=softfp -mthumb -o "Src/tasks.o"
arm-none-eabi-gcc "../Src/timers.c" -mcpu=cortex-m4 -std=gnu11 -g3 -DDEBUG -DSTM32F401CCUx -DSTM32 -DSTM32F4 -c -I"D:/IMT_ARM/STM32F104_BlackPill/8-FreeRTOS/Inc/MCAL" -I"D:/IMT_ARM/STM32F104_BlackPill/8-FreeRTOS/Inc/MCAL/EXTI" -I"D:/IMT_ARM/STM32F104_BlackPill/8-FreeRTOS/Inc/MCAL/Flash" -I"D:/IMT_ARM/STM32F104_BlackPill/8-FreeRTOS/Inc/MCAL/GPIO" -I"D:/IMT_ARM/STM32F104_BlackPill/8-FreeRTOS/Inc/MCAL/NVIC" -I"D:/IMT_ARM/STM32F104_BlackPill/8-FreeRTOS/Inc/MCAL/RCC" -I"D:/IMT_ARM/STM32F104_BlackPill/8-FreeRTOS/Inc/MCAL/SPI" -I"D:/IMT_ARM/STM32F104_BlackPill/8-FreeRTOS/Inc/MCAL/SysTick" -I"D:/IMT_ARM/STM32F104_BlackPill/8-FreeRTOS/Inc/MCAL/UART" -I../Inc -O0 -ffunction-sections -fdata-sections -Wall -fstack-usage -fcyclomatic-complexity -MMD -MP -MF"Src/timers.d" -MT"Src/timers.o" --specs=nano.specs -mfpu=fpv4-sp-d16 -mfloat-abi=softfp -mthumb -o "Src/timers.o"
arm-none-eabi-gcc -o "8-FreeRTOS.elf" @"objects.list"   -mcpu=cortex-m4 -T"D:\IMT_ARM\STM32F104_BlackPill\8-FreeRTOS\STM32F401CCUX_FLASH.ld" --specs=nosys.specs -Wl,-Map="8-FreeRTOS.map" -Wl,--gc-sections -static --specs=nano.specs -mfpu=fpv4-sp-d16 -mfloat-abi=softfp -mthumb -Wl,--start-group -lc -lm -Wl,--end-group
Finished building target: 8-FreeRTOS.elf
 
arm-none-eabi-size   8-FreeRTOS.elf 
arm-none-eabi-objdump -h -S  8-FreeRTOS.elf  > "8-FreeRTOS.list"
   text	   data	    bss	    dec	    hex	filename
   8580	     44	  22404	  31028	   7934	8-FreeRTOS.elf
Finished building: default.size.stdout
 
Finished building: 8-FreeRTOS.list
 
02:10:40 **** Incremental Build of configuration Debug for project 8-FreeRTOS ****
make -j8 all 
arm-none-eabi-gcc "../Src/main.c" -mcpu=cortex-m4 -std=gnu11 -g3 -DDEBUG -DSTM32F401CCUx -DSTM32 -DSTM32F4 -c -I"D:/IMT_ARM/STM32F104_BlackPill/8-FreeRTOS/Inc/MCAL" -I"D:/IMT_ARM/STM32F104_BlackPill/8-FreeRTOS/Inc/MCAL/EXTI" -I"D:/IMT_ARM/STM32F104_BlackPill/8-FreeRTOS/Inc/MCAL/Flash" -I"D:/IMT_ARM/STM32F104_BlackPill/8-FreeRTOS/Inc/MCAL/GPIO" -I"D:/IMT_ARM/STM32F104_BlackPill/8-FreeRTOS/Inc/MCAL/NVIC" -I"D:/IMT_ARM/STM32F104_BlackPill/8-FreeRTOS/Inc/MCAL/RCC" -I"D:/IMT_ARM/STM32F104_BlackPill/8-FreeRTOS/Inc/MCAL/SPI" -I"D:/IMT_ARM/STM32F104_BlackPill/8-FreeRTOS/Inc/MCAL/SysTick" -I"D:/IMT_ARM/STM32F104_BlackPill/8-FreeRTOS/Inc/MCAL/UART" -I../Inc -O0 -ffunction-sections -fdata-sections -Wall -fstack-usage -fcyclomatic-complexity -MMD -MP -MF"Src/main.d" -MT"Src/main.o" --specs=nano.specs -mfpu=fpv4-sp-d16 -mfloat-abi=softfp -mthumb -o "Src/main.o"
../Src/main.c: In function 'main':
../Src/main.c:62:70: error: 'HIGH' undeclared (first use in this function)
   62 |   MGPIO_vSetOutputPinValue(pin_arr[1].PIN_Port,pin_arr[1].PIN_Number,HIGH);
      |                                                                      ^~~~
../Src/main.c:62:70: note: each undeclared identifier is reported only once for each function it appears in
make: *** [Src/subdir.mk:52: Src/main.o] Error 1
"make -j8 all" terminated with exit code 2. Build might be incomplete.
02:11:09 **** Incremental Build of configuration Debug for project 8-FreeRTOS ****
make -j8 all 
arm-none-eabi-gcc "../Src/main.c" -mcpu=cortex-m4 -std=gnu11 -g3 -DDEBUG -DSTM32F401CCUx -DSTM32 -DSTM32F4 -c -I"D:/IMT_ARM/STM32F104_BlackPill/8-FreeRTOS/Inc/MCAL" -I"D:/IMT_ARM/STM32F104_BlackPill/8-FreeRTOS/Inc/MCAL/EXTI" -I"D:/IMT_ARM/STM32F104_BlackPill/8-FreeRTOS/Inc/MCAL/Flash" -I"D:/IMT_ARM/STM32F104_BlackPill/8-FreeRTOS/Inc/MCAL/GPIO" -I"D:/IMT_ARM/STM32F104_BlackPill/8-FreeRTOS/Inc/MCAL/NVIC" -I"D:/IMT_ARM/STM32F104_BlackPill/8-FreeRTOS/Inc/MCAL/RCC" -I"D:/IMT_ARM/STM32F104_BlackPill/8-FreeRTOS/Inc/MCAL/SPI" -I"D:/IMT_ARM/STM32F104_BlackPill/8-FreeRTOS/Inc/MCAL/SysTick" -I"D:/IMT_ARM/STM32F104_BlackPill/8-FreeRTOS/Inc/MCAL/UART" -I../Inc -O0 -ffunction-sections -fdata-sections -Wall -fstack-usage -fcyclomatic-complexity -MMD -MP -MF"Src/main.d" -MT"Src/main.o" --specs=nano.specs -mfpu=fpv4-sp-d16 -mfloat-abi=softfp -mthumb -o "Src/main.o"
arm-none-eabi-gcc -o "8-FreeRTOS.elf" @"objects.list"   -mcpu=cortex-m4 -T"D:\IMT_ARM\STM32F104_BlackPill\8-FreeRTOS\STM32F401CCUX_FLASH.ld" --specs=nosys.specs -Wl,-Map="8-FreeRTOS.map" -Wl,--gc-sections -static --specs=nano.specs -mfpu=fpv4-sp-d16 -mfloat-abi=softfp -mthumb -Wl,--start-group -lc -lm -Wl,--end-group
Finished building target: 8-FreeRTOS.elf
 
arm-none-eabi-size   8-FreeRTOS.elf 
arm-none-eabi-objdump -h -S  8-FreeRTOS.elf  > "8-FreeRTOS.list"
   text	   data	    bss	    dec	    hex	filename
   8888	     44	  22404	  31336	   7a68	8-FreeRTOS.elf
Finished building: default.size.stdout
 
Finished building: 8-FreeRTOS.list
 
02:11:51 **** Incremental Build of configuration Debug for project 8-FreeRTOS ****
make -j8 all 
arm-none-eabi-gcc "../Src/main.c" -mcpu=cortex-m4 -std=gnu11 -g3 -DDEBUG -DSTM32F401CCUx -DSTM32 -DSTM32F4 -c -I"D:/IMT_ARM/STM32F104_BlackPill/8-FreeRTOS/Inc/MCAL" -I"D:/IMT_ARM/STM32F104_BlackPill/8-FreeRTOS/Inc/MCAL/EXTI" -I"D:/IMT_ARM/STM32F104_BlackPill/8-FreeRTOS/Inc/MCAL/Flash" -I"D:/IMT_ARM/STM32F104_BlackPill/8-FreeRTOS/Inc/MCAL/GPIO" -I"D:/IMT_ARM/STM32F104_BlackPill/8-FreeRTOS/Inc/MCAL/NVIC" -I"D:/IMT_ARM/STM32F104_BlackPill/8-FreeRTOS/Inc/MCAL/RCC" -I"D:/IMT_ARM/STM32F104_BlackPill/8-FreeRTOS/Inc/MCAL/SPI" -I"D:/IMT_ARM/STM32F104_BlackPill/8-FreeRTOS/Inc/MCAL/SysTick" -I"D:/IMT_ARM/STM32F104_BlackPill/8-FreeRTOS/Inc/MCAL/UART" -I../Inc -O0 -ffunction-sections -fdata-sections -Wall -fstack-usage -fcyclomatic-complexity -MMD -MP -MF"Src/main.d" -MT"Src/main.o" --specs=nano.specs -mfpu=fpv4-sp-d16 -mfloat-abi=softfp -mthumb -o "Src/main.o"
arm-none-eabi-gcc -o "8-FreeRTOS.elf" @"objects.list"   -mcpu=cortex-m4 -T"D:\IMT_ARM\STM32F104_BlackPill\8-FreeRTOS\STM32F401CCUX_FLASH.ld" --specs=nosys.specs -Wl,-Map="8-FreeRTOS.map" -Wl,--gc-sections -static --specs=nano.specs -mfpu=fpv4-sp-d16 -mfloat-abi=softfp -mthumb -Wl,--start-group -lc -lm -Wl,--end-group
Finished building target: 8-FreeRTOS.elf
 
arm-none-eabi-size   8-FreeRTOS.elf 
arm-none-eabi-objdump -h -S  8-FreeRTOS.elf  > "8-FreeRTOS.list"
   text	   data	    bss	    dec	    hex	filename
   8888	     44	  22404	  31336	   7a68	8-FreeRTOS.elf
Finished building: default.size.stdout
 
Finished building: 8-FreeRTOS.list
 
02:12:10 **** Incremental Build of configuration Debug for project 8-FreeRTOS ****
make -j8 all 
arm-none-eabi-gcc "../Src/main.c" -mcpu=cortex-m4 -std=gnu11 -g3 -DDEBUG -DSTM32F401CCUx -DSTM32 -DSTM32F4 -c -I"D:/IMT_ARM/STM32F104_BlackPill/8-FreeRTOS/Inc/MCAL" -I"D:/IMT_ARM/STM32F104_BlackPill/8-FreeRTOS/Inc/MCAL/EXTI" -I"D:/IMT_ARM/STM32F104_BlackPill/8-FreeRTOS/Inc/MCAL/Flash" -I"D:/IMT_ARM/STM32F104_BlackPill/8-FreeRTOS/Inc/MCAL/GPIO" -I"D:/IMT_ARM/STM32F104_BlackPill/8-FreeRTOS/Inc/MCAL/NVIC" -I"D:/IMT_ARM/STM32F104_BlackPill/8-FreeRTOS/Inc/MCAL/RCC" -I"D:/IMT_ARM/STM32F104_BlackPill/8-FreeRTOS/Inc/MCAL/SPI" -I"D:/IMT_ARM/STM32F104_BlackPill/8-FreeRTOS/Inc/MCAL/SysTick" -I"D:/IMT_ARM/STM32F104_BlackPill/8-FreeRTOS/Inc/MCAL/UART" -I../Inc -O0 -ffunction-sections -fdata-sections -Wall -fstack-usage -fcyclomatic-complexity -MMD -MP -MF"Src/main.d" -MT"Src/main.o" --specs=nano.specs -mfpu=fpv4-sp-d16 -mfloat-abi=softfp -mthumb -o "Src/main.o"
arm-none-eabi-gcc -o "8-FreeRTOS.elf" @"objects.list"   -mcpu=cortex-m4 -T"D:\IMT_ARM\STM32F104_BlackPill\8-FreeRTOS\STM32F401CCUX_FLASH.ld" --specs=nosys.specs -Wl,-Map="8-FreeRTOS.map" -Wl,--gc-sections -static --specs=nano.specs -mfpu=fpv4-sp-d16 -mfloat-abi=softfp -mthumb -Wl,--start-group -lc -lm -Wl,--end-group
Finished building target: 8-FreeRTOS.elf
 
arm-none-eabi-size   8-FreeRTOS.elf 
arm-none-eabi-objdump -h -S  8-FreeRTOS.elf  > "8-FreeRTOS.list"
   text	   data	    bss	    dec	    hex	filename
   8888	     44	  22404	  31336	   7a68	8-FreeRTOS.elf
Finished building: default.size.stdout
 
Finished building: 8-FreeRTOS.list
 
02:12:51 **** Incremental Build of configuration Debug for project 8-FreeRTOS ****
make -j8 all 
arm-none-eabi-gcc "../Src/main.c" -mcpu=cortex-m4 -std=gnu11 -g3 -DDEBUG -DSTM32F401CCUx -DSTM32 -DSTM32F4 -c -I"D:/IMT_ARM/STM32F104_BlackPill/8-FreeRTOS/Inc/MCAL" -I"D:/IMT_ARM/STM32F104_BlackPill/8-FreeRTOS/Inc/MCAL/EXTI" -I"D:/IMT_ARM/STM32F104_BlackPill/8-FreeRTOS/Inc/MCAL/Flash" -I"D:/IMT_ARM/STM32F104_BlackPill/8-FreeRTOS/Inc/MCAL/GPIO" -I"D:/IMT_ARM/STM32F104_BlackPill/8-FreeRTOS/Inc/MCAL/NVIC" -I"D:/IMT_ARM/STM32F104_BlackPill/8-FreeRTOS/Inc/MCAL/RCC" -I"D:/IMT_ARM/STM32F104_BlackPill/8-FreeRTOS/Inc/MCAL/SPI" -I"D:/IMT_ARM/STM32F104_BlackPill/8-FreeRTOS/Inc/MCAL/SysTick" -I"D:/IMT_ARM/STM32F104_BlackPill/8-FreeRTOS/Inc/MCAL/UART" -I../Inc -O0 -ffunction-sections -fdata-sections -Wall -fstack-usage -fcyclomatic-complexity -MMD -MP -MF"Src/main.d" -MT"Src/main.o" --specs=nano.specs -mfpu=fpv4-sp-d16 -mfloat-abi=softfp -mthumb -o "Src/main.o"
arm-none-eabi-gcc -o "8-FreeRTOS.elf" @"objects.list"   -mcpu=cortex-m4 -T"D:\IMT_ARM\STM32F104_BlackPill\8-FreeRTOS\STM32F401CCUX_FLASH.ld" --specs=nosys.specs -Wl,-Map="8-FreeRTOS.map" -Wl,--gc-sections -static --specs=nano.specs -mfpu=fpv4-sp-d16 -mfloat-abi=softfp -mthumb -Wl,--start-group -lc -lm -Wl,--end-group
Finished building target: 8-FreeRTOS.elf
 
arm-none-eabi-size   8-FreeRTOS.elf 
arm-none-eabi-objdump -h -S  8-FreeRTOS.elf  > "8-FreeRTOS.list"
   text	   data	    bss	    dec	    hex	filename
   8560	     44	  22404	  31008	   7920	8-FreeRTOS.elf
Finished building: default.size.stdout
 
Finished building: 8-FreeRTOS.list
 
02:14:19 **** Incremental Build of configuration Debug for project 8-FreeRTOS ****
make -j8 all 
arm-none-eabi-gcc "../Src/main.c" -mcpu=cortex-m4 -std=gnu11 -g3 -DDEBUG -DSTM32F401CCUx -DSTM32 -DSTM32F4 -c -I"D:/IMT_ARM/STM32F104_BlackPill/8-FreeRTOS/Inc/MCAL" -I"D:/IMT_ARM/STM32F104_BlackPill/8-FreeRTOS/Inc/MCAL/EXTI" -I"D:/IMT_ARM/STM32F104_BlackPill/8-FreeRTOS/Inc/MCAL/Flash" -I"D:/IMT_ARM/STM32F104_BlackPill/8-FreeRTOS/Inc/MCAL/GPIO" -I"D:/IMT_ARM/STM32F104_BlackPill/8-FreeRTOS/Inc/MCAL/NVIC" -I"D:/IMT_ARM/STM32F104_BlackPill/8-FreeRTOS/Inc/MCAL/RCC" -I"D:/IMT_ARM/STM32F104_BlackPill/8-FreeRTOS/Inc/MCAL/SPI" -I"D:/IMT_ARM/STM32F104_BlackPill/8-FreeRTOS/Inc/MCAL/SysTick" -I"D:/IMT_ARM/STM32F104_BlackPill/8-FreeRTOS/Inc/MCAL/UART" -I../Inc -O0 -ffunction-sections -fdata-sections -Wall -fstack-usage -fcyclomatic-complexity -MMD -MP -MF"Src/main.d" -MT"Src/main.o" --specs=nano.specs -mfpu=fpv4-sp-d16 -mfloat-abi=softfp -mthumb -o "Src/main.o"
arm-none-eabi-gcc -o "8-FreeRTOS.elf" @"objects.list"   -mcpu=cortex-m4 -T"D:\IMT_ARM\STM32F104_BlackPill\8-FreeRTOS\STM32F401CCUX_FLASH.ld" --specs=nosys.specs -Wl,-Map="8-FreeRTOS.map" -Wl,--gc-sections -static --specs=nano.specs -mfpu=fpv4-sp-d16 -mfloat-abi=softfp -mthumb -Wl,--start-group -lc -lm -Wl,--end-group
Finished building target: 8-FreeRTOS.elf
 
arm-none-eabi-size   8-FreeRTOS.elf 
arm-none-eabi-objdump -h -S  8-FreeRTOS.elf  > "8-FreeRTOS.list"
   text	   data	    bss	    dec	    hex	filename
   8952	     44	  22404	  31400	   7aa8	8-FreeRTOS.elf
Finished building: default.size.stdout
 
Finished building: 8-FreeRTOS.list
 
02:18:22 **** Incremental Build of configuration Debug for project 8-FreeRTOS ****
make -j8 all 
arm-none-eabi-gcc "../Src/croutine.c" -mcpu=cortex-m4 -std=gnu11 -g3 -DDEBUG -DSTM32F401CCUx -DSTM32 -DSTM32F4 -c -I"D:/IMT_ARM/STM32F104_BlackPill/8-FreeRTOS/Inc/MCAL" -I"D:/IMT_ARM/STM32F104_BlackPill/8-FreeRTOS/Inc/MCAL/EXTI" -I"D:/IMT_ARM/STM32F104_BlackPill/8-FreeRTOS/Inc/MCAL/Flash" -I"D:/IMT_ARM/STM32F104_BlackPill/8-FreeRTOS/Inc/MCAL/GPIO" -I"D:/IMT_ARM/STM32F104_BlackPill/8-FreeRTOS/Inc/MCAL/NVIC" -I"D:/IMT_ARM/STM32F104_BlackPill/8-FreeRTOS/Inc/MCAL/RCC" -I"D:/IMT_ARM/STM32F104_BlackPill/8-FreeRTOS/Inc/MCAL/SPI" -I"D:/IMT_ARM/STM32F104_BlackPill/8-FreeRTOS/Inc/MCAL/SysTick" -I"D:/IMT_ARM/STM32F104_BlackPill/8-FreeRTOS/Inc/MCAL/UART" -I../Inc -O0 -ffunction-sections -fdata-sections -Wall -fstack-usage -fcyclomatic-complexity -MMD -MP -MF"Src/croutine.d" -MT"Src/croutine.o" --specs=nano.specs -mfpu=fpv4-sp-d16 -mfloat-abi=softfp -mthumb -o "Src/croutine.o"
arm-none-eabi-gcc "../Src/event_groups.c" -mcpu=cortex-m4 -std=gnu11 -g3 -DDEBUG -DSTM32F401CCUx -DSTM32 -DSTM32F4 -c -I"D:/IMT_ARM/STM32F104_BlackPill/8-FreeRTOS/Inc/MCAL" -I"D:/IMT_ARM/STM32F104_BlackPill/8-FreeRTOS/Inc/MCAL/EXTI" -I"D:/IMT_ARM/STM32F104_BlackPill/8-FreeRTOS/Inc/MCAL/Flash" -I"D:/IMT_ARM/STM32F104_BlackPill/8-FreeRTOS/Inc/MCAL/GPIO" -I"D:/IMT_ARM/STM32F104_BlackPill/8-FreeRTOS/Inc/MCAL/NVIC" -I"D:/IMT_ARM/STM32F104_BlackPill/8-FreeRTOS/Inc/MCAL/RCC" -I"D:/IMT_ARM/STM32F104_BlackPill/8-FreeRTOS/Inc/MCAL/SPI" -I"D:/IMT_ARM/STM32F104_BlackPill/8-FreeRTOS/Inc/MCAL/SysTick" -I"D:/IMT_ARM/STM32F104_BlackPill/8-FreeRTOS/Inc/MCAL/UART" -I../Inc -O0 -ffunction-sections -fdata-sections -Wall -fstack-usage -fcyclomatic-complexity -MMD -MP -MF"Src/event_groups.d" -MT"Src/event_groups.o" --specs=nano.specs -mfpu=fpv4-sp-d16 -mfloat-abi=softfp -mthumb -o "Src/event_groups.o"
arm-none-eabi-gcc "../Src/heap_4.c" -mcpu=cortex-m4 -std=gnu11 -g3 -DDEBUG -DSTM32F401CCUx -DSTM32 -DSTM32F4 -c -I"D:/IMT_ARM/STM32F104_BlackPill/8-FreeRTOS/Inc/MCAL" -I"D:/IMT_ARM/STM32F104_BlackPill/8-FreeRTOS/Inc/MCAL/EXTI" -I"D:/IMT_ARM/STM32F104_BlackPill/8-FreeRTOS/Inc/MCAL/Flash" -I"D:/IMT_ARM/STM32F104_BlackPill/8-FreeRTOS/Inc/MCAL/GPIO" -I"D:/IMT_ARM/STM32F104_BlackPill/8-FreeRTOS/Inc/MCAL/NVIC" -I"D:/IMT_ARM/STM32F104_BlackPill/8-FreeRTOS/Inc/MCAL/RCC" -I"D:/IMT_ARM/STM32F104_BlackPill/8-FreeRTOS/Inc/MCAL/SPI" -I"D:/IMT_ARM/STM32F104_BlackPill/8-FreeRTOS/Inc/MCAL/SysTick" -I"D:/IMT_ARM/STM32F104_BlackPill/8-FreeRTOS/Inc/MCAL/UART" -I../Inc -O0 -ffunction-sections -fdata-sections -Wall -fstack-usage -fcyclomatic-complexity -MMD -MP -MF"Src/heap_4.d" -MT"Src/heap_4.o" --specs=nano.specs -mfpu=fpv4-sp-d16 -mfloat-abi=softfp -mthumb -o "Src/heap_4.o"
arm-none-eabi-gcc "../Src/list.c" -mcpu=cortex-m4 -std=gnu11 -g3 -DDEBUG -DSTM32F401CCUx -DSTM32 -DSTM32F4 -c -I"D:/IMT_ARM/STM32F104_BlackPill/8-FreeRTOS/Inc/MCAL" -I"D:/IMT_ARM/STM32F104_BlackPill/8-FreeRTOS/Inc/MCAL/EXTI" -I"D:/IMT_ARM/STM32F104_BlackPill/8-FreeRTOS/Inc/MCAL/Flash" -I"D:/IMT_ARM/STM32F104_BlackPill/8-FreeRTOS/Inc/MCAL/GPIO" -I"D:/IMT_ARM/STM32F104_BlackPill/8-FreeRTOS/Inc/MCAL/NVIC" -I"D:/IMT_ARM/STM32F104_BlackPill/8-FreeRTOS/Inc/MCAL/RCC" -I"D:/IMT_ARM/STM32F104_BlackPill/8-FreeRTOS/Inc/MCAL/SPI" -I"D:/IMT_ARM/STM32F104_BlackPill/8-FreeRTOS/Inc/MCAL/SysTick" -I"D:/IMT_ARM/STM32F104_BlackPill/8-FreeRTOS/Inc/MCAL/UART" -I../Inc -O0 -ffunction-sections -fdata-sections -Wall -fstack-usage -fcyclomatic-complexity -MMD -MP -MF"Src/list.d" -MT"Src/list.o" --specs=nano.specs -mfpu=fpv4-sp-d16 -mfloat-abi=softfp -mthumb -o "Src/list.o"
arm-none-eabi-gcc "../Src/main.c" -mcpu=cortex-m4 -std=gnu11 -g3 -DDEBUG -DSTM32F401CCUx -DSTM32 -DSTM32F4 -c -I"D:/IMT_ARM/STM32F104_BlackPill/8-FreeRTOS/Inc/MCAL" -I"D:/IMT_ARM/STM32F104_BlackPill/8-FreeRTOS/Inc/MCAL/EXTI" -I"D:/IMT_ARM/STM32F104_BlackPill/8-FreeRTOS/Inc/MCAL/Flash" -I"D:/IMT_ARM/STM32F104_BlackPill/8-FreeRTOS/Inc/MCAL/GPIO" -I"D:/IMT_ARM/STM32F104_BlackPill/8-FreeRTOS/Inc/MCAL/NVIC" -I"D:/IMT_ARM/STM32F104_BlackPill/8-FreeRTOS/Inc/MCAL/RCC" -I"D:/IMT_ARM/STM32F104_BlackPill/8-FreeRTOS/Inc/MCAL/SPI" -I"D:/IMT_ARM/STM32F104_BlackPill/8-FreeRTOS/Inc/MCAL/SysTick" -I"D:/IMT_ARM/STM32F104_BlackPill/8-FreeRTOS/Inc/MCAL/UART" -I../Inc -O0 -ffunction-sections -fdata-sections -Wall -fstack-usage -fcyclomatic-complexity -MMD -MP -MF"Src/main.d" -MT"Src/main.o" --specs=nano.specs -mfpu=fpv4-sp-d16 -mfloat-abi=softfp -mthumb -o "Src/main.o"
arm-none-eabi-gcc "../Src/port.c" -mcpu=cortex-m4 -std=gnu11 -g3 -DDEBUG -DSTM32F401CCUx -DSTM32 -DSTM32F4 -c -I"D:/IMT_ARM/STM32F104_BlackPill/8-FreeRTOS/Inc/MCAL" -I"D:/IMT_ARM/STM32F104_BlackPill/8-FreeRTOS/Inc/MCAL/EXTI" -I"D:/IMT_ARM/STM32F104_BlackPill/8-FreeRTOS/Inc/MCAL/Flash" -I"D:/IMT_ARM/STM32F104_BlackPill/8-FreeRTOS/Inc/MCAL/GPIO" -I"D:/IMT_ARM/STM32F104_BlackPill/8-FreeRTOS/Inc/MCAL/NVIC" -I"D:/IMT_ARM/STM32F104_BlackPill/8-FreeRTOS/Inc/MCAL/RCC" -I"D:/IMT_ARM/STM32F104_BlackPill/8-FreeRTOS/Inc/MCAL/SPI" -I"D:/IMT_ARM/STM32F104_BlackPill/8-FreeRTOS/Inc/MCAL/SysTick" -I"D:/IMT_ARM/STM32F104_BlackPill/8-FreeRTOS/Inc/MCAL/UART" -I../Inc -O0 -ffunction-sections -fdata-sections -Wall -fstack-usage -fcyclomatic-complexity -MMD -MP -MF"Src/port.d" -MT"Src/port.o" --specs=nano.specs -mfpu=fpv4-sp-d16 -mfloat-abi=softfp -mthumb -o "Src/port.o"
arm-none-eabi-gcc "../Src/queue.c" -mcpu=cortex-m4 -std=gnu11 -g3 -DDEBUG -DSTM32F401CCUx -DSTM32 -DSTM32F4 -c -I"D:/IMT_ARM/STM32F104_BlackPill/8-FreeRTOS/Inc/MCAL" -I"D:/IMT_ARM/STM32F104_BlackPill/8-FreeRTOS/Inc/MCAL/EXTI" -I"D:/IMT_ARM/STM32F104_BlackPill/8-FreeRTOS/Inc/MCAL/Flash" -I"D:/IMT_ARM/STM32F104_BlackPill/8-FreeRTOS/Inc/MCAL/GPIO" -I"D:/IMT_ARM/STM32F104_BlackPill/8-FreeRTOS/Inc/MCAL/NVIC" -I"D:/IMT_ARM/STM32F104_BlackPill/8-FreeRTOS/Inc/MCAL/RCC" -I"D:/IMT_ARM/STM32F104_BlackPill/8-FreeRTOS/Inc/MCAL/SPI" -I"D:/IMT_ARM/STM32F104_BlackPill/8-FreeRTOS/Inc/MCAL/SysTick" -I"D:/IMT_ARM/STM32F104_BlackPill/8-FreeRTOS/Inc/MCAL/UART" -I../Inc -O0 -ffunction-sections -fdata-sections -Wall -fstack-usage -fcyclomatic-complexity -MMD -MP -MF"Src/queue.d" -MT"Src/queue.o" --specs=nano.specs -mfpu=fpv4-sp-d16 -mfloat-abi=softfp -mthumb -o "Src/queue.o"
arm-none-eabi-gcc "../Src/stream_buffer.c" -mcpu=cortex-m4 -std=gnu11 -g3 -DDEBUG -DSTM32F401CCUx -DSTM32 -DSTM32F4 -c -I"D:/IMT_ARM/STM32F104_BlackPill/8-FreeRTOS/Inc/MCAL" -I"D:/IMT_ARM/STM32F104_BlackPill/8-FreeRTOS/Inc/MCAL/EXTI" -I"D:/IMT_ARM/STM32F104_BlackPill/8-FreeRTOS/Inc/MCAL/Flash" -I"D:/IMT_ARM/STM32F104_BlackPill/8-FreeRTOS/Inc/MCAL/GPIO" -I"D:/IMT_ARM/STM32F104_BlackPill/8-FreeRTOS/Inc/MCAL/NVIC" -I"D:/IMT_ARM/STM32F104_BlackPill/8-FreeRTOS/Inc/MCAL/RCC" -I"D:/IMT_ARM/STM32F104_BlackPill/8-FreeRTOS/Inc/MCAL/SPI" -I"D:/IMT_ARM/STM32F104_BlackPill/8-FreeRTOS/Inc/MCAL/SysTick" -I"D:/IMT_ARM/STM32F104_BlackPill/8-FreeRTOS/Inc/MCAL/UART" -I../Inc -O0 -ffunction-sections -fdata-sections -Wall -fstack-usage -fcyclomatic-complexity -MMD -MP -MF"Src/stream_buffer.d" -MT"Src/stream_buffer.o" --specs=nano.specs -mfpu=fpv4-sp-d16 -mfloat-abi=softfp -mthumb -o "Src/stream_buffer.o"
arm-none-eabi-gcc "../Src/tasks.c" -mcpu=cortex-m4 -std=gnu11 -g3 -DDEBUG -DSTM32F401CCUx -DSTM32 -DSTM32F4 -c -I"D:/IMT_ARM/STM32F104_BlackPill/8-FreeRTOS/Inc/MCAL" -I"D:/IMT_ARM/STM32F104_BlackPill/8-FreeRTOS/Inc/MCAL/EXTI" -I"D:/IMT_ARM/STM32F104_BlackPill/8-FreeRTOS/Inc/MCAL/Flash" -I"D:/IMT_ARM/STM32F104_BlackPill/8-FreeRTOS/Inc/MCAL/GPIO" -I"D:/IMT_ARM/STM32F104_BlackPill/8-FreeRTOS/Inc/MCAL/NVIC" -I"D:/IMT_ARM/STM32F104_BlackPill/8-FreeRTOS/Inc/MCAL/RCC" -I"D:/IMT_ARM/STM32F104_BlackPill/8-FreeRTOS/Inc/MCAL/SPI" -I"D:/IMT_ARM/STM32F104_BlackPill/8-FreeRTOS/Inc/MCAL/SysTick" -I"D:/IMT_ARM/STM32F104_BlackPill/8-FreeRTOS/Inc/MCAL/UART" -I../Inc -O0 -ffunction-sections -fdata-sections -Wall -fstack-usage -fcyclomatic-complexity -MMD -MP -MF"Src/tasks.d" -MT"Src/tasks.o" --specs=nano.specs -mfpu=fpv4-sp-d16 -mfloat-abi=softfp -mthumb -o "Src/tasks.o"
arm-none-eabi-gcc "../Src/timers.c" -mcpu=cortex-m4 -std=gnu11 -g3 -DDEBUG -DSTM32F401CCUx -DSTM32 -DSTM32F4 -c -I"D:/IMT_ARM/STM32F104_BlackPill/8-FreeRTOS/Inc/MCAL" -I"D:/IMT_ARM/STM32F104_BlackPill/8-FreeRTOS/Inc/MCAL/EXTI" -I"D:/IMT_ARM/STM32F104_BlackPill/8-FreeRTOS/Inc/MCAL/Flash" -I"D:/IMT_ARM/STM32F104_BlackPill/8-FreeRTOS/Inc/MCAL/GPIO" -I"D:/IMT_ARM/STM32F104_BlackPill/8-FreeRTOS/Inc/MCAL/NVIC" -I"D:/IMT_ARM/STM32F104_BlackPill/8-FreeRTOS/Inc/MCAL/RCC" -I"D:/IMT_ARM/STM32F104_BlackPill/8-FreeRTOS/Inc/MCAL/SPI" -I"D:/IMT_ARM/STM32F104_BlackPill/8-FreeRTOS/Inc/MCAL/SysTick" -I"D:/IMT_ARM/STM32F104_BlackPill/8-FreeRTOS/Inc/MCAL/UART" -I../Inc -O0 -ffunction-sections -fdata-sections -Wall -fstack-usage -fcyclomatic-complexity -MMD -MP -MF"Src/timers.d" -MT"Src/timers.o" --specs=nano.specs -mfpu=fpv4-sp-d16 -mfloat-abi=softfp -mthumb -o "Src/timers.o"
arm-none-eabi-gcc -o "8-FreeRTOS.elf" @"objects.list"   -mcpu=cortex-m4 -T"D:\IMT_ARM\STM32F104_BlackPill\8-FreeRTOS\STM32F401CCUX_FLASH.ld" --specs=nosys.specs -Wl,-Map="8-FreeRTOS.map" -Wl,--gc-sections -static --specs=nano.specs -mfpu=fpv4-sp-d16 -mfloat-abi=softfp -mthumb -Wl,--start-group -lc -lm -Wl,--end-group
Finished building target: 8-FreeRTOS.elf
 
arm-none-eabi-size   8-FreeRTOS.elf 
arm-none-eabi-objdump -h -S  8-FreeRTOS.elf  > "8-FreeRTOS.list"
   text	   data	    bss	    dec	    hex	filename
   8952	     44	  22404	  31400	   7aa8	8-FreeRTOS.elf
Finished building: default.size.stdout
 
Finished building: 8-FreeRTOS.list
 
02:20:56 **** Incremental Build of configuration Debug for project 8-FreeRTOS ****
make -j8 all 
arm-none-eabi-gcc "../Src/main.c" -mcpu=cortex-m4 -std=gnu11 -g3 -DDEBUG -DSTM32F401CCUx -DSTM32 -DSTM32F4 -c -I"D:/IMT_ARM/STM32F104_BlackPill/8-FreeRTOS/Inc/MCAL" -I"D:/IMT_ARM/STM32F104_BlackPill/8-FreeRTOS/Inc/MCAL/EXTI" -I"D:/IMT_ARM/STM32F104_BlackPill/8-FreeRTOS/Inc/MCAL/Flash" -I"D:/IMT_ARM/STM32F104_BlackPill/8-FreeRTOS/Inc/MCAL/GPIO" -I"D:/IMT_ARM/STM32F104_BlackPill/8-FreeRTOS/Inc/MCAL/NVIC" -I"D:/IMT_ARM/STM32F104_BlackPill/8-FreeRTOS/Inc/MCAL/RCC" -I"D:/IMT_ARM/STM32F104_BlackPill/8-FreeRTOS/Inc/MCAL/SPI" -I"D:/IMT_ARM/STM32F104_BlackPill/8-FreeRTOS/Inc/MCAL/SysTick" -I"D:/IMT_ARM/STM32F104_BlackPill/8-FreeRTOS/Inc/MCAL/UART" -I../Inc -O0 -ffunction-sections -fdata-sections -Wall -fstack-usage -fcyclomatic-complexity -MMD -MP -MF"Src/main.d" -MT"Src/main.o" --specs=nano.specs -mfpu=fpv4-sp-d16 -mfloat-abi=softfp -mthumb -o "Src/main.o"
arm-none-eabi-gcc -o "8-FreeRTOS.elf" @"objects.list"   -mcpu=cortex-m4 -T"D:\IMT_ARM\STM32F104_BlackPill\8-FreeRTOS\STM32F401CCUX_FLASH.ld" --specs=nosys.specs -Wl,-Map="8-FreeRTOS.map" -Wl,--gc-sections -static --specs=nano.specs -mfpu=fpv4-sp-d16 -mfloat-abi=softfp -mthumb -Wl,--start-group -lc -lm -Wl,--end-group
Finished building target: 8-FreeRTOS.elf
 
arm-none-eabi-size   8-FreeRTOS.elf 
arm-none-eabi-objdump -h -S  8-FreeRTOS.elf  > "8-FreeRTOS.list"
   text	   data	    bss	    dec	    hex	filename
   8952	     44	  22404	  31400	   7aa8	8-FreeRTOS.elf
Finished building: default.size.stdout
 
Finished building: 8-FreeRTOS.list
 
02:23:32 **** Incremental Build of configuration Debug for project 8-FreeRTOS ****
make -j8 all 
arm-none-eabi-gcc "../Src/croutine.c" -mcpu=cortex-m4 -std=gnu11 -g3 -DDEBUG -DSTM32F401CCUx -DSTM32 -DSTM32F4 -c -I"D:/IMT_ARM/STM32F104_BlackPill/8-FreeRTOS/Inc/MCAL" -I"D:/IMT_ARM/STM32F104_BlackPill/8-FreeRTOS/Inc/MCAL/EXTI" -I"D:/IMT_ARM/STM32F104_BlackPill/8-FreeRTOS/Inc/MCAL/Flash" -I"D:/IMT_ARM/STM32F104_BlackPill/8-FreeRTOS/Inc/MCAL/GPIO" -I"D:/IMT_ARM/STM32F104_BlackPill/8-FreeRTOS/Inc/MCAL/NVIC" -I"D:/IMT_ARM/STM32F104_BlackPill/8-FreeRTOS/Inc/MCAL/RCC" -I"D:/IMT_ARM/STM32F104_BlackPill/8-FreeRTOS/Inc/MCAL/SPI" -I"D:/IMT_ARM/STM32F104_BlackPill/8-FreeRTOS/Inc/MCAL/SysTick" -I"D:/IMT_ARM/STM32F104_BlackPill/8-FreeRTOS/Inc/MCAL/UART" -I../Inc -O0 -ffunction-sections -fdata-sections -Wall -fstack-usage -fcyclomatic-complexity -MMD -MP -MF"Src/croutine.d" -MT"Src/croutine.o" --specs=nano.specs -mfpu=fpv4-sp-d16 -mfloat-abi=softfp -mthumb -o "Src/croutine.o"
arm-none-eabi-gcc "../Src/event_groups.c" -mcpu=cortex-m4 -std=gnu11 -g3 -DDEBUG -DSTM32F401CCUx -DSTM32 -DSTM32F4 -c -I"D:/IMT_ARM/STM32F104_BlackPill/8-FreeRTOS/Inc/MCAL" -I"D:/IMT_ARM/STM32F104_BlackPill/8-FreeRTOS/Inc/MCAL/EXTI" -I"D:/IMT_ARM/STM32F104_BlackPill/8-FreeRTOS/Inc/MCAL/Flash" -I"D:/IMT_ARM/STM32F104_BlackPill/8-FreeRTOS/Inc/MCAL/GPIO" -I"D:/IMT_ARM/STM32F104_BlackPill/8-FreeRTOS/Inc/MCAL/NVIC" -I"D:/IMT_ARM/STM32F104_BlackPill/8-FreeRTOS/Inc/MCAL/RCC" -I"D:/IMT_ARM/STM32F104_BlackPill/8-FreeRTOS/Inc/MCAL/SPI" -I"D:/IMT_ARM/STM32F104_BlackPill/8-FreeRTOS/Inc/MCAL/SysTick" -I"D:/IMT_ARM/STM32F104_BlackPill/8-FreeRTOS/Inc/MCAL/UART" -I../Inc -O0 -ffunction-sections -fdata-sections -Wall -fstack-usage -fcyclomatic-complexity -MMD -MP -MF"Src/event_groups.d" -MT"Src/event_groups.o" --specs=nano.specs -mfpu=fpv4-sp-d16 -mfloat-abi=softfp -mthumb -o "Src/event_groups.o"
arm-none-eabi-gcc "../Src/heap_4.c" -mcpu=cortex-m4 -std=gnu11 -g3 -DDEBUG -DSTM32F401CCUx -DSTM32 -DSTM32F4 -c -I"D:/IMT_ARM/STM32F104_BlackPill/8-FreeRTOS/Inc/MCAL" -I"D:/IMT_ARM/STM32F104_BlackPill/8-FreeRTOS/Inc/MCAL/EXTI" -I"D:/IMT_ARM/STM32F104_BlackPill/8-FreeRTOS/Inc/MCAL/Flash" -I"D:/IMT_ARM/STM32F104_BlackPill/8-FreeRTOS/Inc/MCAL/GPIO" -I"D:/IMT_ARM/STM32F104_BlackPill/8-FreeRTOS/Inc/MCAL/NVIC" -I"D:/IMT_ARM/STM32F104_BlackPill/8-FreeRTOS/Inc/MCAL/RCC" -I"D:/IMT_ARM/STM32F104_BlackPill/8-FreeRTOS/Inc/MCAL/SPI" -I"D:/IMT_ARM/STM32F104_BlackPill/8-FreeRTOS/Inc/MCAL/SysTick" -I"D:/IMT_ARM/STM32F104_BlackPill/8-FreeRTOS/Inc/MCAL/UART" -I../Inc -O0 -ffunction-sections -fdata-sections -Wall -fstack-usage -fcyclomatic-complexity -MMD -MP -MF"Src/heap_4.d" -MT"Src/heap_4.o" --specs=nano.specs -mfpu=fpv4-sp-d16 -mfloat-abi=softfp -mthumb -o "Src/heap_4.o"
arm-none-eabi-gcc "../Src/list.c" -mcpu=cortex-m4 -std=gnu11 -g3 -DDEBUG -DSTM32F401CCUx -DSTM32 -DSTM32F4 -c -I"D:/IMT_ARM/STM32F104_BlackPill/8-FreeRTOS/Inc/MCAL" -I"D:/IMT_ARM/STM32F104_BlackPill/8-FreeRTOS/Inc/MCAL/EXTI" -I"D:/IMT_ARM/STM32F104_BlackPill/8-FreeRTOS/Inc/MCAL/Flash" -I"D:/IMT_ARM/STM32F104_BlackPill/8-FreeRTOS/Inc/MCAL/GPIO" -I"D:/IMT_ARM/STM32F104_BlackPill/8-FreeRTOS/Inc/MCAL/NVIC" -I"D:/IMT_ARM/STM32F104_BlackPill/8-FreeRTOS/Inc/MCAL/RCC" -I"D:/IMT_ARM/STM32F104_BlackPill/8-FreeRTOS/Inc/MCAL/SPI" -I"D:/IMT_ARM/STM32F104_BlackPill/8-FreeRTOS/Inc/MCAL/SysTick" -I"D:/IMT_ARM/STM32F104_BlackPill/8-FreeRTOS/Inc/MCAL/UART" -I../Inc -O0 -ffunction-sections -fdata-sections -Wall -fstack-usage -fcyclomatic-complexity -MMD -MP -MF"Src/list.d" -MT"Src/list.o" --specs=nano.specs -mfpu=fpv4-sp-d16 -mfloat-abi=softfp -mthumb -o "Src/list.o"
arm-none-eabi-gcc "../Src/main.c" -mcpu=cortex-m4 -std=gnu11 -g3 -DDEBUG -DSTM32F401CCUx -DSTM32 -DSTM32F4 -c -I"D:/IMT_ARM/STM32F104_BlackPill/8-FreeRTOS/Inc/MCAL" -I"D:/IMT_ARM/STM32F104_BlackPill/8-FreeRTOS/Inc/MCAL/EXTI" -I"D:/IMT_ARM/STM32F104_BlackPill/8-FreeRTOS/Inc/MCAL/Flash" -I"D:/IMT_ARM/STM32F104_BlackPill/8-FreeRTOS/Inc/MCAL/GPIO" -I"D:/IMT_ARM/STM32F104_BlackPill/8-FreeRTOS/Inc/MCAL/NVIC" -I"D:/IMT_ARM/STM32F104_BlackPill/8-FreeRTOS/Inc/MCAL/RCC" -I"D:/IMT_ARM/STM32F104_BlackPill/8-FreeRTOS/Inc/MCAL/SPI" -I"D:/IMT_ARM/STM32F104_BlackPill/8-FreeRTOS/Inc/MCAL/SysTick" -I"D:/IMT_ARM/STM32F104_BlackPill/8-FreeRTOS/Inc/MCAL/UART" -I../Inc -O0 -ffunction-sections -fdata-sections -Wall -fstack-usage -fcyclomatic-complexity -MMD -MP -MF"Src/main.d" -MT"Src/main.o" --specs=nano.specs -mfpu=fpv4-sp-d16 -mfloat-abi=softfp -mthumb -o "Src/main.o"
arm-none-eabi-gcc "../Src/port.c" -mcpu=cortex-m4 -std=gnu11 -g3 -DDEBUG -DSTM32F401CCUx -DSTM32 -DSTM32F4 -c -I"D:/IMT_ARM/STM32F104_BlackPill/8-FreeRTOS/Inc/MCAL" -I"D:/IMT_ARM/STM32F104_BlackPill/8-FreeRTOS/Inc/MCAL/EXTI" -I"D:/IMT_ARM/STM32F104_BlackPill/8-FreeRTOS/Inc/MCAL/Flash" -I"D:/IMT_ARM/STM32F104_BlackPill/8-FreeRTOS/Inc/MCAL/GPIO" -I"D:/IMT_ARM/STM32F104_BlackPill/8-FreeRTOS/Inc/MCAL/NVIC" -I"D:/IMT_ARM/STM32F104_BlackPill/8-FreeRTOS/Inc/MCAL/RCC" -I"D:/IMT_ARM/STM32F104_BlackPill/8-FreeRTOS/Inc/MCAL/SPI" -I"D:/IMT_ARM/STM32F104_BlackPill/8-FreeRTOS/Inc/MCAL/SysTick" -I"D:/IMT_ARM/STM32F104_BlackPill/8-FreeRTOS/Inc/MCAL/UART" -I../Inc -O0 -ffunction-sections -fdata-sections -Wall -fstack-usage -fcyclomatic-complexity -MMD -MP -MF"Src/port.d" -MT"Src/port.o" --specs=nano.specs -mfpu=fpv4-sp-d16 -mfloat-abi=softfp -mthumb -o "Src/port.o"
arm-none-eabi-gcc "../Src/queue.c" -mcpu=cortex-m4 -std=gnu11 -g3 -DDEBUG -DSTM32F401CCUx -DSTM32 -DSTM32F4 -c -I"D:/IMT_ARM/STM32F104_BlackPill/8-FreeRTOS/Inc/MCAL" -I"D:/IMT_ARM/STM32F104_BlackPill/8-FreeRTOS/Inc/MCAL/EXTI" -I"D:/IMT_ARM/STM32F104_BlackPill/8-FreeRTOS/Inc/MCAL/Flash" -I"D:/IMT_ARM/STM32F104_BlackPill/8-FreeRTOS/Inc/MCAL/GPIO" -I"D:/IMT_ARM/STM32F104_BlackPill/8-FreeRTOS/Inc/MCAL/NVIC" -I"D:/IMT_ARM/STM32F104_BlackPill/8-FreeRTOS/Inc/MCAL/RCC" -I"D:/IMT_ARM/STM32F104_BlackPill/8-FreeRTOS/Inc/MCAL/SPI" -I"D:/IMT_ARM/STM32F104_BlackPill/8-FreeRTOS/Inc/MCAL/SysTick" -I"D:/IMT_ARM/STM32F104_BlackPill/8-FreeRTOS/Inc/MCAL/UART" -I../Inc -O0 -ffunction-sections -fdata-sections -Wall -fstack-usage -fcyclomatic-complexity -MMD -MP -MF"Src/queue.d" -MT"Src/queue.o" --specs=nano.specs -mfpu=fpv4-sp-d16 -mfloat-abi=softfp -mthumb -o "Src/queue.o"
arm-none-eabi-gcc "../Src/stream_buffer.c" -mcpu=cortex-m4 -std=gnu11 -g3 -DDEBUG -DSTM32F401CCUx -DSTM32 -DSTM32F4 -c -I"D:/IMT_ARM/STM32F104_BlackPill/8-FreeRTOS/Inc/MCAL" -I"D:/IMT_ARM/STM32F104_BlackPill/8-FreeRTOS/Inc/MCAL/EXTI" -I"D:/IMT_ARM/STM32F104_BlackPill/8-FreeRTOS/Inc/MCAL/Flash" -I"D:/IMT_ARM/STM32F104_BlackPill/8-FreeRTOS/Inc/MCAL/GPIO" -I"D:/IMT_ARM/STM32F104_BlackPill/8-FreeRTOS/Inc/MCAL/NVIC" -I"D:/IMT_ARM/STM32F104_BlackPill/8-FreeRTOS/Inc/MCAL/RCC" -I"D:/IMT_ARM/STM32F104_BlackPill/8-FreeRTOS/Inc/MCAL/SPI" -I"D:/IMT_ARM/STM32F104_BlackPill/8-FreeRTOS/Inc/MCAL/SysTick" -I"D:/IMT_ARM/STM32F104_BlackPill/8-FreeRTOS/Inc/MCAL/UART" -I../Inc -O0 -ffunction-sections -fdata-sections -Wall -fstack-usage -fcyclomatic-complexity -MMD -MP -MF"Src/stream_buffer.d" -MT"Src/stream_buffer.o" --specs=nano.specs -mfpu=fpv4-sp-d16 -mfloat-abi=softfp -mthumb -o "Src/stream_buffer.o"
arm-none-eabi-gcc "../Src/tasks.c" -mcpu=cortex-m4 -std=gnu11 -g3 -DDEBUG -DSTM32F401CCUx -DSTM32 -DSTM32F4 -c -I"D:/IMT_ARM/STM32F104_BlackPill/8-FreeRTOS/Inc/MCAL" -I"D:/IMT_ARM/STM32F104_BlackPill/8-FreeRTOS/Inc/MCAL/EXTI" -I"D:/IMT_ARM/STM32F104_BlackPill/8-FreeRTOS/Inc/MCAL/Flash" -I"D:/IMT_ARM/STM32F104_BlackPill/8-FreeRTOS/Inc/MCAL/GPIO" -I"D:/IMT_ARM/STM32F104_BlackPill/8-FreeRTOS/Inc/MCAL/NVIC" -I"D:/IMT_ARM/STM32F104_BlackPill/8-FreeRTOS/Inc/MCAL/RCC" -I"D:/IMT_ARM/STM32F104_BlackPill/8-FreeRTOS/Inc/MCAL/SPI" -I"D:/IMT_ARM/STM32F104_BlackPill/8-FreeRTOS/Inc/MCAL/SysTick" -I"D:/IMT_ARM/STM32F104_BlackPill/8-FreeRTOS/Inc/MCAL/UART" -I../Inc -O0 -ffunction-sections -fdata-sections -Wall -fstack-usage -fcyclomatic-complexity -MMD -MP -MF"Src/tasks.d" -MT"Src/tasks.o" --specs=nano.specs -mfpu=fpv4-sp-d16 -mfloat-abi=softfp -mthumb -o "Src/tasks.o"
arm-none-eabi-gcc "../Src/timers.c" -mcpu=cortex-m4 -std=gnu11 -g3 -DDEBUG -DSTM32F401CCUx -DSTM32 -DSTM32F4 -c -I"D:/IMT_ARM/STM32F104_BlackPill/8-FreeRTOS/Inc/MCAL" -I"D:/IMT_ARM/STM32F104_BlackPill/8-FreeRTOS/Inc/MCAL/EXTI" -I"D:/IMT_ARM/STM32F104_BlackPill/8-FreeRTOS/Inc/MCAL/Flash" -I"D:/IMT_ARM/STM32F104_BlackPill/8-FreeRTOS/Inc/MCAL/GPIO" -I"D:/IMT_ARM/STM32F104_BlackPill/8-FreeRTOS/Inc/MCAL/NVIC" -I"D:/IMT_ARM/STM32F104_BlackPill/8-FreeRTOS/Inc/MCAL/RCC" -I"D:/IMT_ARM/STM32F104_BlackPill/8-FreeRTOS/Inc/MCAL/SPI" -I"D:/IMT_ARM/STM32F104_BlackPill/8-FreeRTOS/Inc/MCAL/SysTick" -I"D:/IMT_ARM/STM32F104_BlackPill/8-FreeRTOS/Inc/MCAL/UART" -I../Inc -O0 -ffunction-sections -fdata-sections -Wall -fstack-usage -fcyclomatic-complexity -MMD -MP -MF"Src/timers.d" -MT"Src/timers.o" --specs=nano.specs -mfpu=fpv4-sp-d16 -mfloat-abi=softfp -mthumb -o "Src/timers.o"
arm-none-eabi-gcc -o "8-FreeRTOS.elf" @"objects.list"   -mcpu=cortex-m4 -T"D:\IMT_ARM\STM32F104_BlackPill\8-FreeRTOS\STM32F401CCUX_FLASH.ld" --specs=nosys.specs -Wl,-Map="8-FreeRTOS.map" -Wl,--gc-sections -static --specs=nano.specs -mfpu=fpv4-sp-d16 -mfloat-abi=softfp -mthumb -Wl,--start-group -lc -lm -Wl,--end-group
c:\st\stm32cubeide_1.12.1\stm32cubeide\plugins\com.st.stm32cube.ide.mcu.externaltools.gnu-tools-for-stm32.10.3-2021.10.win32_1.0.200.202301161003\tools\arm-none-eabi\bin\ld.exe: ./Src/port.o: in function `SysTick_Handler':
D:/IMT_ARM/STM32F104_BlackPill/8-FreeRTOS/Debug/../Src/port.c:500: multiple definition of `SysTick_Handler'; ./Inc/MCAL/SysTick/SysTick_PRG.o:D:/IMT_ARM/STM32F104_BlackPill/8-FreeRTOS/Debug/../Inc/MCAL/SysTick/SysTick_PRG.c:12: first defined here
collect2.exe: error: ld returned 1 exit status
make: *** [makefile:71: 8-FreeRTOS.elf] Error 1
"make -j8 all" terminated with exit code 2. Build might be incomplete.
02:24:46 **** Incremental Build of configuration Debug for project 8-FreeRTOS ****
make -j8 all 
arm-none-eabi-gcc "../Inc/MCAL/SysTick/SysTick_PRG.c" -mcpu=cortex-m4 -std=gnu11 -g3 -DDEBUG -DSTM32F401CCUx -DSTM32 -DSTM32F4 -c -I"D:/IMT_ARM/STM32F104_BlackPill/8-FreeRTOS/Inc/MCAL" -I"D:/IMT_ARM/STM32F104_BlackPill/8-FreeRTOS/Inc/MCAL/EXTI" -I"D:/IMT_ARM/STM32F104_BlackPill/8-FreeRTOS/Inc/MCAL/Flash" -I"D:/IMT_ARM/STM32F104_BlackPill/8-FreeRTOS/Inc/MCAL/GPIO" -I"D:/IMT_ARM/STM32F104_BlackPill/8-FreeRTOS/Inc/MCAL/NVIC" -I"D:/IMT_ARM/STM32F104_BlackPill/8-FreeRTOS/Inc/MCAL/RCC" -I"D:/IMT_ARM/STM32F104_BlackPill/8-FreeRTOS/Inc/MCAL/SPI" -I"D:/IMT_ARM/STM32F104_BlackPill/8-FreeRTOS/Inc/MCAL/SysTick" -I"D:/IMT_ARM/STM32F104_BlackPill/8-FreeRTOS/Inc/MCAL/UART" -I../Inc -O0 -ffunction-sections -fdata-sections -Wall -fstack-usage -fcyclomatic-complexity -MMD -MP -MF"Inc/MCAL/SysTick/SysTick_PRG.d" -MT"Inc/MCAL/SysTick/SysTick_PRG.o" --specs=nano.specs -mfpu=fpv4-sp-d16 -mfloat-abi=softfp -mthumb -o "Inc/MCAL/SysTick/SysTick_PRG.o"
arm-none-eabi-gcc -o "8-FreeRTOS.elf" @"objects.list"   -mcpu=cortex-m4 -T"D:\IMT_ARM\STM32F104_BlackPill\8-FreeRTOS\STM32F401CCUX_FLASH.ld" --specs=nosys.specs -Wl,-Map="8-FreeRTOS.map" -Wl,--gc-sections -static --specs=nano.specs -mfpu=fpv4-sp-d16 -mfloat-abi=softfp -mthumb -Wl,--start-group -lc -lm -Wl,--end-group
Finished building target: 8-FreeRTOS.elf
 
arm-none-eabi-size   8-FreeRTOS.elf 
arm-none-eabi-objdump -h -S  8-FreeRTOS.elf  > "8-FreeRTOS.list"
   text	   data	    bss	    dec	    hex	filename
  13236	     44	  22420	  35700	   8b74	8-FreeRTOS.elf
Finished building: default.size.stdout
 
Finished building: 8-FreeRTOS.list
 
02:25:29 **** Incremental Build of configuration Debug for project 8-FreeRTOS ****
make -j8 all 
arm-none-eabi-gcc "../Src/main.c" -mcpu=cortex-m4 -std=gnu11 -g3 -DDEBUG -DSTM32F401CCUx -DSTM32 -DSTM32F4 -c -I"D:/IMT_ARM/STM32F104_BlackPill/8-FreeRTOS/Inc/MCAL" -I"D:/IMT_ARM/STM32F104_BlackPill/8-FreeRTOS/Inc/MCAL/EXTI" -I"D:/IMT_ARM/STM32F104_BlackPill/8-FreeRTOS/Inc/MCAL/Flash" -I"D:/IMT_ARM/STM32F104_BlackPill/8-FreeRTOS/Inc/MCAL/GPIO" -I"D:/IMT_ARM/STM32F104_BlackPill/8-FreeRTOS/Inc/MCAL/NVIC" -I"D:/IMT_ARM/STM32F104_BlackPill/8-FreeRTOS/Inc/MCAL/RCC" -I"D:/IMT_ARM/STM32F104_BlackPill/8-FreeRTOS/Inc/MCAL/SPI" -I"D:/IMT_ARM/STM32F104_BlackPill/8-FreeRTOS/Inc/MCAL/SysTick" -I"D:/IMT_ARM/STM32F104_BlackPill/8-FreeRTOS/Inc/MCAL/UART" -I../Inc -O0 -ffunction-sections -fdata-sections -Wall -fstack-usage -fcyclomatic-complexity -MMD -MP -MF"Src/main.d" -MT"Src/main.o" --specs=nano.specs -mfpu=fpv4-sp-d16 -mfloat-abi=softfp -mthumb -o "Src/main.o"
arm-none-eabi-gcc -o "8-FreeRTOS.elf" @"objects.list"   -mcpu=cortex-m4 -T"D:\IMT_ARM\STM32F104_BlackPill\8-FreeRTOS\STM32F401CCUX_FLASH.ld" --specs=nosys.specs -Wl,-Map="8-FreeRTOS.map" -Wl,--gc-sections -static --specs=nano.specs -mfpu=fpv4-sp-d16 -mfloat-abi=softfp -mthumb -Wl,--start-group -lc -lm -Wl,--end-group
Finished building target: 8-FreeRTOS.elf
 
arm-none-eabi-size   8-FreeRTOS.elf 
arm-none-eabi-objdump -h -S  8-FreeRTOS.elf  > "8-FreeRTOS.list"
   text	   data	    bss	    dec	    hex	filename
  13236	     44	  22420	  35700	   8b74	8-FreeRTOS.elf
Finished building: default.size.stdout
 
Finished building: 8-FreeRTOS.list
 
02:26:08 **** Incremental Build of configuration Debug for project 8-FreeRTOS ****
make -j8 all 
arm-none-eabi-gcc "../Src/main.c" -mcpu=cortex-m4 -std=gnu11 -g3 -DDEBUG -DSTM32F401CCUx -DSTM32 -DSTM32F4 -c -I"D:/IMT_ARM/STM32F104_BlackPill/8-FreeRTOS/Inc/MCAL" -I"D:/IMT_ARM/STM32F104_BlackPill/8-FreeRTOS/Inc/MCAL/EXTI" -I"D:/IMT_ARM/STM32F104_BlackPill/8-FreeRTOS/Inc/MCAL/Flash" -I"D:/IMT_ARM/STM32F104_BlackPill/8-FreeRTOS/Inc/MCAL/GPIO" -I"D:/IMT_ARM/STM32F104_BlackPill/8-FreeRTOS/Inc/MCAL/NVIC" -I"D:/IMT_ARM/STM32F104_BlackPill/8-FreeRTOS/Inc/MCAL/RCC" -I"D:/IMT_ARM/STM32F104_BlackPill/8-FreeRTOS/Inc/MCAL/SPI" -I"D:/IMT_ARM/STM32F104_BlackPill/8-FreeRTOS/Inc/MCAL/SysTick" -I"D:/IMT_ARM/STM32F104_BlackPill/8-FreeRTOS/Inc/MCAL/UART" -I../Inc -O0 -ffunction-sections -fdata-sections -Wall -fstack-usage -fcyclomatic-complexity -MMD -MP -MF"Src/main.d" -MT"Src/main.o" --specs=nano.specs -mfpu=fpv4-sp-d16 -mfloat-abi=softfp -mthumb -o "Src/main.o"
arm-none-eabi-gcc -o "8-FreeRTOS.elf" @"objects.list"   -mcpu=cortex-m4 -T"D:\IMT_ARM\STM32F104_BlackPill\8-FreeRTOS\STM32F401CCUX_FLASH.ld" --specs=nosys.specs -Wl,-Map="8-FreeRTOS.map" -Wl,--gc-sections -static --specs=nano.specs -mfpu=fpv4-sp-d16 -mfloat-abi=softfp -mthumb -Wl,--start-group -lc -lm -Wl,--end-group
Finished building target: 8-FreeRTOS.elf
 
arm-none-eabi-size   8-FreeRTOS.elf 
arm-none-eabi-objdump -h -S  8-FreeRTOS.elf  > "8-FreeRTOS.list"
   text	   data	    bss	    dec	    hex	filename
  12852	     44	  22420	  35316	   89f4	8-FreeRTOS.elf
Finished building: default.size.stdout
 
Finished building: 8-FreeRTOS.list
 
02:29:22 **** Incremental Build of configuration Debug for project 8-FreeRTOS ****
make -j8 all 
arm-none-eabi-gcc "../Src/croutine.c" -mcpu=cortex-m4 -std=gnu11 -g3 -DDEBUG -DSTM32F401CCUx -DSTM32 -DSTM32F4 -c -I"D:/IMT_ARM/STM32F104_BlackPill/8-FreeRTOS/Inc/MCAL" -I"D:/IMT_ARM/STM32F104_BlackPill/8-FreeRTOS/Inc/MCAL/EXTI" -I"D:/IMT_ARM/STM32F104_BlackPill/8-FreeRTOS/Inc/MCAL/Flash" -I"D:/IMT_ARM/STM32F104_BlackPill/8-FreeRTOS/Inc/MCAL/GPIO" -I"D:/IMT_ARM/STM32F104_BlackPill/8-FreeRTOS/Inc/MCAL/NVIC" -I"D:/IMT_ARM/STM32F104_BlackPill/8-FreeRTOS/Inc/MCAL/RCC" -I"D:/IMT_ARM/STM32F104_BlackPill/8-FreeRTOS/Inc/MCAL/SPI" -I"D:/IMT_ARM/STM32F104_BlackPill/8-FreeRTOS/Inc/MCAL/SysTick" -I"D:/IMT_ARM/STM32F104_BlackPill/8-FreeRTOS/Inc/MCAL/UART" -I../Inc -O0 -ffunction-sections -fdata-sections -Wall -fstack-usage -fcyclomatic-complexity -MMD -MP -MF"Src/croutine.d" -MT"Src/croutine.o" --specs=nano.specs -mfpu=fpv4-sp-d16 -mfloat-abi=softfp -mthumb -o "Src/croutine.o"
[...]
arm-none-eabi-gcc -o "8-FreeRTOS.elf" @"objects.list"   -mcpu=cortex-m4 -T"D:\IMT_ARM\STM32F104_BlackPill\8-FreeRTOS\STM32F401CCUX_FLASH.ld" --specs=nosys.specs -Wl,-Map="8-FreeRTOS.map" -Wl,--gc-sections -static --specs=nano.specs -mfpu=fpv4-sp-d16 -mfloat-abi=softfp -mthumb -Wl,--start-group -lc -lm -Wl,--end-group
Finished building target: 8-FreeRTOS.elf
 
arm-none-eabi-size   8-FreeRTOS.elf 
arm-none-eabi-objdump -h -S  8-FreeRTOS.elf  > "8-FreeRTOS.list"
   text	   data	    bss	    dec	    hex	filename
  15308	     44	  22428	  37780	   9394	8-FreeRTOS.elf
Finished building: default.size.stdout
 
Finished building: 8-FreeRTOS.list
 
04:04:36 **** Incremental Build of configuration Debug for project 8-FreeRTOS ****
make -j8 all 
arm-none-eabi-gcc "../Src/main.c" -mcpu=cortex-m4 -std=gnu11 -g3 -DDEBUG -DSTM32F401CCUx -DSTM32 -DSTM32F4 -c -I"D:/IMT_ARM/STM32F104_BlackPill/8-FreeRTOS/Inc/MCAL" -I"D:/IMT_ARM/STM32F104_BlackPill/8-FreeRTOS/Inc/MCAL/EXTI" -I"D:/IMT_ARM/STM32F104_BlackPill/8-FreeRTOS/Inc/MCAL/Flash" -I"D:/IMT_ARM/STM32F104_BlackPill/8-FreeRTOS/Inc/MCAL/GPIO" -I"D:/IMT_ARM/STM32F104_BlackPill/8-FreeRTOS/Inc/MCAL/NVIC" -I"D:/IMT_ARM/STM32F104_BlackPill/8-FreeRTOS/Inc/MCAL/RCC" -I"D:/IMT_ARM/STM32F104_BlackPill/8-FreeRTOS/Inc/MCAL/SPI" -I"D:/IMT_ARM/STM32F104_BlackPill/8-FreeRTOS/Inc/MCAL/SysTick" -I"D:/IMT_ARM/STM32F104_BlackPill/8-FreeRTOS/Inc/MCAL/UART" -I../Inc -O0 -ffunction-sections -fdata-sections -Wall -fstack-usage -fcyclomatic-complexity -MMD -MP -MF"Src/main.d" -MT"Src/main.o" --specs=nano.specs -mfpu=fpv4-sp-d16 -mfloat-abi=softfp -mthumb -o "Src/main.o"
arm-none-eabi-gcc -o "8-FreeRTOS.elf" @"objects.list"   -mcpu=cortex-m4 -T"D:\IMT_ARM\STM32F104_BlackPill\8-FreeRTOS\STM32F401CCUX_FLASH.ld" --specs=nosys.specs -Wl,-Map="8-FreeRTOS.map" -Wl,--gc-sections -static --specs=nano.specs -mfpu=fpv4-sp-d16 -mfloat-abi=softfp -mthumb -Wl,--start-group -lc -lm -Wl,--end-group
Finished building target: 8-FreeRTOS.elf
 
arm-none-eabi-size   8-FreeRTOS.elf 
arm-none-eabi-objdump -h -S  8-FreeRTOS.elf  > "8-FreeRTOS.list"
   text	   data	    bss	    dec	    hex	filename
  15308	     44	  22428	  37780	   9394	8-FreeRTOS.elf
Finished building: default.size.stdout
 
Finished building: 8-FreeRTOS.list
 
04:05:10 **** Incremental Build of configuration Debug for project 8-FreeRTOS ****
make -j8 all 
arm-none-eabi-gcc "../Src/main.c" -mcpu=cortex-m4 -std=gnu11 -g3 -DDEBUG -DSTM32F401CCUx -DSTM32 -DSTM32F4 -c -I"D:/IMT_ARM/STM32F104_BlackPill/8-FreeRTOS/Inc/MCAL" -I"D:/IMT_ARM/STM32F104_BlackPill/8-FreeRTOS/Inc/MCAL/EXTI" -I"D:/IMT_ARM/STM32F104_BlackPill/8-FreeRTOS/Inc/MCAL/Flash" -I"D:/IMT_ARM/STM32F104_BlackPill/8-FreeRTOS/Inc/MCAL/GPIO" -I"D:/IMT_ARM/STM32F104_BlackPill/8-FreeRTOS/Inc/MCAL/NVIC" -I"D:/IMT_ARM/STM32F104_BlackPill/8-FreeRTOS/Inc/MCAL/RCC" -I"D:/IMT_ARM/STM32F104_BlackPill/8-FreeRTOS/Inc/MCAL/SPI" -I"D:/IMT_ARM/STM32F104_BlackPill/8-FreeRTOS/Inc/MCAL/SysTick" -I"D:/IMT_ARM/STM32F104_BlackPill/8-FreeRTOS/Inc/MCAL/UART" -I../Inc -O0 -ffunction-sections -fdata-sections -Wall -fstack-usage -fcyclomatic-complexity -MMD -MP -MF"Src/main.d" -MT"Src/main.o" --specs=nano.specs -mfpu=fpv4-sp-d16 -mfloat-abi=softfp -mthumb -o "Src/main.o"
arm-none-eabi-gcc -o "8-FreeRTOS.elf" @"objects.list"   -mcpu=cortex-m4 -T"D:\IMT_ARM\STM32F104_BlackPill\8-FreeRTOS\STM32F401CCUX_FLASH.ld" --specs=nosys.specs -Wl,-Map="8-FreeRTOS.map" -Wl,--gc-sections -static --specs=nano.specs -mfpu=fpv4-sp-d16 -mfloat-abi=softfp -mthumb -Wl,--start-group -lc -lm -Wl,--end-group
Finished building target: 8-FreeRTOS.elf
 
arm-none-eabi-size   8-FreeRTOS.elf 
arm-none-eabi-objdump -h -S  8-FreeRTOS.elf  > "8-FreeRTOS.list"
   text	   data	    bss	    dec	    hex	filename
  15692	     44	  22428	  38164	   9514	8-FreeRTOS.elf
Finished building: default.size.stdout
 
Finished building: 8-FreeRTOS.list
 
04:05:35 **** Incremental Build of configuration Debug for project 8-FreeRTOS ****
make -j8 all 
arm-none-eabi-gcc "../Src/main.c" -mcpu=cortex-m4 -std=gnu11 -g3 -DDEBUG -DSTM32F401CCUx -DSTM32 -DSTM32F4 -c -I"D:/IMT_ARM/STM32F104_BlackPill/8-FreeRTOS/Inc/MCAL" -I"D:/IMT_ARM/STM32F104_BlackPill/8-FreeRTOS/Inc/MCAL/EXTI" -I"D:/IMT_ARM/STM32F104_BlackPill/8-FreeRTOS/Inc/MCAL/Flash" -I"D:/IMT_ARM/STM32F104_BlackPill/8-FreeRTOS/Inc/MCAL/GPIO" -I"D:/IMT_ARM/STM32F104_BlackPill/8-FreeRTOS/Inc/MCAL/NVIC" -I"D:/IMT_ARM/STM32F104_BlackPill/8-FreeRTOS/Inc/MCAL/RCC" -I"D:/IMT_ARM/STM32F104_BlackPill/8-FreeRTOS/Inc/MCAL/SPI" -I"D:/IMT_ARM/STM32F104_BlackPill/8-FreeRTOS/Inc/MCAL/SysTick" -I"D:/IMT_ARM/STM32F104_BlackPill/8-FreeRTOS/Inc/MCAL/UART" -I../Inc -O0 -ffunction-sections -fdata-sections -Wall -fstack-usage -fcyclomatic-complexity -MMD -MP -MF"Src/main.d" -MT"Src/main.o" --specs=nano.specs -mfpu=fpv4-sp-d16 -mfloat-abi=softfp -mthumb -o "Src/main.o"
arm-none-eabi-gcc -o "8-FreeRTOS.elf" @"objects.list"   -mcpu=cortex-m4 -T"D:\IMT_ARM\STM32F104_BlackPill\8-FreeRTOS\STM32F401CCUX_FLASH.ld" --specs=nosys.specs -Wl,-Map="8-FreeRTOS.map" -Wl,--gc-sections -static --specs=nano.specs -mfpu=fpv4-sp-d16 -mfloat-abi=softfp -mthumb -Wl,--start-group -lc -lm -Wl,--end-group
Finished building target: 8-FreeRTOS.elf
 
arm-none-eabi-size   8-FreeRTOS.elf 
arm-none-eabi-objdump -h -S  8-FreeRTOS.elf  > "8-FreeRTOS.list"
   text	   data	    bss	    dec	    hex	filename
  15692	     44	  22428	  38164	   9514	8-FreeRTOS.elf
Finished building: default.size.stdout
 
Finished building: 8-FreeRTOS.list
 
04:06:25 **** Incremental Build of configuration Debug for project 8-FreeRTOS ****
make -j8 all 
arm-none-eabi-gcc "../Src/main.c" -mcpu=cortex-m4 -std=gnu11 -g3 -DDEBUG -DSTM32F401CCUx -DSTM32 -DSTM32F4 -c -I"D:/IMT_ARM/STM32F104_BlackPill/8-FreeRTOS/Inc/MCAL" -I"D:/IMT_ARM/STM32F104_BlackPill/8-FreeRTOS/Inc/MCAL/EXTI" -I"D:/IMT_ARM/STM32F104_BlackPill/8-FreeRTOS/Inc/MCAL/Flash" -I"D:/IMT_ARM/STM32F104_BlackPill/8-FreeRTOS/Inc/MCAL/GPIO" -I"D:/IMT_ARM/STM32F104_BlackPill/8-FreeRTOS/Inc/MCAL/NVIC" -I"D:/IMT_ARM/STM32F104_BlackPill/8-FreeRTOS/Inc/MCAL/RCC" -I"D:/IMT_ARM/STM32F104_BlackPill/8-FreeRTOS/Inc/MCAL/SPI" -I"D:/IMT_ARM/STM32F104_BlackPill/8-FreeRTOS/Inc/MCAL/SysTick" -I"D:/IMT_ARM/STM32F104_BlackPill/8-FreeRTOS/Inc/MCAL/UART" -I../Inc -O0 -ffunction-sections -fdata-sections -Wall -fstack-usage -fcyclomatic-complexity -MMD -MP -MF"Src/main.d" -MT"Src/main.o" --specs=nano.specs -mfpu=fpv4-sp-d16 -mfloat-abi=softfp -mthumb -o "Src/main.o"
arm-none-eabi-gcc -o "8-FreeRTOS.elf" @"objects.list"   -mcpu=cortex-m4 -T"D:\IMT_ARM\STM32F104_BlackPill\8-FreeRTOS\STM32F401CCUX_FLASH.ld" --specs=nosys.specs -Wl,-Map="8-FreeRTOS.map" -Wl,--gc-sections -static --specs=nano.specs -mfpu=fpv4-sp-d16 -mfloat-abi=softfp -mthumb -Wl,--start-group -lc -lm -Wl,--end-group
Finished building target: 8-FreeRTOS.elf
 
arm-none-eabi-size   8-FreeRTOS.elf 
arm-none-eabi-objdump -h -S  8-FreeRTOS.elf  > "8-FreeRTOS.list"
   text	   data	    bss	    dec	    hex	filename
  15692	     44	  22428	  38164	   9514	8-FreeRTOS.elf
Finished building: default.size.stdout
 
Finished building: 8-FreeRTOS.list
 
04:07:15 **** Incremental Build of configuration Debug for project 8-FreeRTOS ****
make -j8 all 
arm-none-eabi-gcc "../Src/main.c" -mcpu=cortex-m4 -std=gnu11 -g3 -DDEBUG -DSTM32F401CCUx -DSTM32 -DSTM32F4 -c -I"D:/IMT_ARM/STM32F104_BlackPill/8-FreeRTOS/Inc/MCAL" -I"D:/IMT_ARM/STM32F104_BlackPill/8-FreeRTOS/Inc/MCAL/EXTI" -I"D:/IMT_ARM/STM32F104_BlackPill/8-FreeRTOS/Inc/MCAL/Flash" -I"D:/IMT_ARM/STM32F104_BlackPill/8-FreeRTOS/Inc/MCAL/GPIO" -I"D:/IMT_ARM/STM32F104_BlackPill/8-FreeRTOS/Inc/MCAL/NVIC" -I"D:/IMT_ARM/STM32F104_BlackPill/8-FreeRTOS/Inc/MCAL/RCC" -I"D:/IMT_ARM/STM32F104_BlackPill/8-FreeRTOS/Inc/MCAL/SPI" -I"D:/IMT_ARM/STM32F104_BlackPill/8-FreeRTOS/Inc/MCAL/SysTick" -I"D:/IMT_ARM/STM32F104_BlackPill/8-FreeRTOS/Inc/MCAL/UART" -I../Inc -O0 -ffunction-sections -fdata-sections -Wall -fstack-usage -fcyclomatic-complexity -MMD -MP -MF"Src/main.d" -MT"Src/main.o" --specs=nano.specs -mfpu=fpv4-sp-d16 -mfloat-abi=softfp -mthumb -o "Src/main.o"
arm-none-eabi-gcc -o "8-FreeRTOS.elf" @"objects.list"   -mcpu=cortex-m4 -T"D:\IMT_ARM\STM32F104_BlackPill\8-FreeRTOS\STM32F401CCUX_FLASH.ld" --specs=nosys.specs -Wl,-Map="8-FreeRTOS.map" -Wl,--gc-sections -static --specs=nano.specs -mfpu=fpv4-sp-d16 -mfloat-abi=softfp -mthumb -Wl,--start-group -lc -lm -Wl,--end-group
Finished building target: 8-FreeRTOS.elf
 
arm-none-eabi-size   8-FreeRTOS.elf 
arm-none-eabi-objdump -h -S  8-FreeRTOS.elf  > "8-FreeRTOS.list"
   text	   data	    bss	    dec	    hex	filename
  15692	     44	  22428	  38164	   9514	8-FreeRTOS.elf
Finished building: default.size.stdout
 
Finished building: 8-FreeRTOS.list
 
04:08:08 **** Incremental Build of configuration Debug for project 8-FreeRTOS ****
make -j8 all 
arm-none-eabi-gcc "../Src/main.c" -mcpu=cortex-m4 -std=gnu11 -g3 -DDEBUG -DSTM32F401CCUx -DSTM32 -DSTM32F4 -c -I"D:/IMT_ARM/STM32F104_BlackPill/8-FreeRTOS/Inc/MCAL" -I"D:/IMT_ARM/STM32F104_BlackPill/8-FreeRTOS/Inc/MCAL/EXTI" -I"D:/IMT_ARM/STM32F104_BlackPill/8-FreeRTOS/Inc/MCAL/Flash" -I"D:/IMT_ARM/STM32F104_BlackPill/8-FreeRTOS/Inc/MCAL/GPIO" -I"D:/IMT_ARM/STM32F104_BlackPill/8-FreeRTOS/Inc/MCAL/NVIC" -I"D:/IMT_ARM/STM32F104_BlackPill/8-FreeRTOS/Inc/MCAL/RCC" -I"D:/IMT_ARM/STM32F104_BlackPill/8-FreeRTOS/Inc/MCAL/SPI" -I"D:/IMT_ARM/STM32F104_BlackPill/8-FreeRTOS/Inc/MCAL/SysTick" -I"D:/IMT_ARM/STM32F104_BlackPill/8-FreeRTOS/Inc/MCAL/UART" -I../Inc -O0 -ffunction-sections -fdata-sections -Wall -fstack-usage -fcyclomatic-complexity -MMD -MP -MF"Src/main.d" -MT"Src/main.o" --specs=nano.specs -mfpu=fpv4-sp-d16 -mfloat-abi=softfp -mthumb -o "Src/main.o"
arm-none-eabi-gcc -o "8-FreeRTOS.elf" @"objects.list"   -mcpu=cortex-m4 -T"D:\IMT_ARM\STM32F104_BlackPill\8-FreeRTOS\STM32F401CCUX_FLASH.ld" --specs=nosys.specs -Wl,-Map="8-FreeRTOS.map" -Wl,--gc-sections -static --specs=nano.specs -mfpu=fpv4-sp-d16 -mfloat-abi=softfp -mthumb -Wl,--start-group -lc -lm -Wl,--end-group
Finished building target: 8-FreeRTOS.elf
 
arm-none-eabi-size   8-FreeRTOS.elf 
arm-none-eabi-objdump -h -S  8-FreeRTOS.elf  > "8-FreeRTOS.list"
   text	   data	    bss	    dec	    hex	filename
  15692	     44	  22428	  38164	   9514	8-FreeRTOS.elf
Finished building: default.size.stdout
 
Finished building: 8-FreeRTOS.list
 
04:09:08 **** Incremental Build of configuration Debug for project 8-FreeRTOS ****
make -j8 all 
arm-none-eabi-gcc "../Src/main.c" -mcpu=cortex-m4 -std=gnu11 -g3 -DDEBUG -DSTM32F401CCUx -DSTM32 -DSTM32F4 -c -I"D:/IMT_ARM/STM32F104_BlackPill/8-FreeRTOS/Inc/MCAL" -I"D:/IMT_ARM/STM32F104_BlackPill/8-FreeRTOS/Inc/MCAL/EXTI" -I"D:/IMT_ARM/STM32F104_BlackPill/8-FreeRTOS/Inc/MCAL/Flash" -I"D:/IMT_ARM/STM32F104_BlackPill/8-FreeRTOS/Inc/MCAL/GPIO" -I"D:/IMT_ARM/STM32F104_BlackPill/8-FreeRTOS/Inc/MCAL/NVIC" -I"D:/IMT_ARM/STM32F104_BlackPill/8-FreeRTOS/Inc/MCAL/RCC" -I"D:/IMT_ARM/STM32F104_BlackPill/8-FreeRTOS/Inc/MCAL/SPI" -I"D:/IMT_ARM/STM32F104_BlackPill/8-FreeRTOS/Inc/MCAL/SysTick" -I"D:/IMT_ARM/STM32F104_BlackPill/8-FreeRTOS/Inc/MCAL/UART" -I../Inc -O0 -ffunction-sections -fdata-sections -Wall -fstack-usage -fcyclomatic-complexity -MMD -MP -MF"Src/main.d" -MT"Src/main.o" --specs=nano.specs -mfpu=fpv4-sp-d16 -mfloat-abi=softfp -mthumb -o "Src/main.o"
arm-none-eabi-gcc -o "8-FreeRTOS.elf" @"objects.list"   -mcpu=cortex-m4 -T"D:\IMT_ARM\STM32F104_BlackPill\8-FreeRTOS\STM32F401CCUX_FLASH.ld" --specs=nosys.specs -Wl,-Map="8-FreeRTOS.map" -Wl,--gc-sections -static --specs=nano.specs -mfpu=fpv4-sp-d16 -mfloat-abi=softfp -mthumb -Wl,--start-group -lc -lm -Wl,--end-group
Finished building target: 8-FreeRTOS.elf
 
arm-none-eabi-size   8-FreeRTOS.elf 
arm-none-eabi-objdump -h -S  8-FreeRTOS.elf  > "8-FreeRTOS.list"
   text	   data	    bss	    dec	    hex	filename
  15708	     44	  22428	  38180	   9524	8-FreeRTOS.elf
Finished building: default.size.stdout
 
Finished building: 8-FreeRTOS.list
 
04:09:32 **** Incremental Build of configuration Debug for project 8-FreeRTOS ****
make -j8 all 
arm-none-eabi-gcc "../Src/main.c" -mcpu=cortex-m4 -std=gnu11 -g3 -DDEBUG -DSTM32F401CCUx -DSTM32 -DSTM32F4 -c -I"D:/IMT_ARM/STM32F104_BlackPill/8-FreeRTOS/Inc/MCAL" -I"D:/IMT_ARM/STM32F104_BlackPill/8-FreeRTOS/Inc/MCAL/EXTI" -I"D:/IMT_ARM/STM32F104_BlackPill/8-FreeRTOS/Inc/MCAL/Flash" -I"D:/IMT_ARM/STM32F104_BlackPill/8-FreeRTOS/Inc/MCAL/GPIO" -I"D:/IMT_ARM/STM32F104_BlackPill/8-FreeRTOS/Inc/MCAL/NVIC" -I"D:/IMT_ARM/STM32F104_BlackPill/8-FreeRTOS/Inc/MCAL/RCC" -I"D:/IMT_ARM/STM32F104_BlackPill/8-FreeRTOS/Inc/MCAL/SPI" -I"D:/IMT_ARM/STM32F104_BlackPill/8-FreeRTOS/Inc/MCAL/SysTick" -I"D:/IMT_ARM/STM32F104_BlackPill/8-FreeRTOS/Inc/MCAL/UART" -I../Inc -O0 -ffunction-sections -fdata-sections -Wall -fstack-usage -fcyclomatic-complexity -MMD -MP -MF"Src/main.d" -MT"Src/main.o" --specs=nano.specs -mfpu=fpv4-sp-d16 -mfloat-abi=softfp -mthumb -o "Src/main.o"
arm-none-eabi-gcc -o "8-FreeRTOS.elf" @"objects.list"   -mcpu=cortex-m4 -T"D:\IMT_ARM\STM32F104_BlackPill\8-FreeRTOS\STM32F401CCUX_FLASH.ld" --specs=nosys.specs -Wl,-Map="8-FreeRTOS.map" -Wl,--gc-sections -static --specs=nano.specs -mfpu=fpv4-sp-d16 -mfloat-abi=softfp -mthumb -Wl,--start-group -lc -lm -Wl,--end-group
Finished building target: 8-FreeRTOS.elf
 
arm-none-eabi-size   8-FreeRTOS.elf 
arm-none-eabi-objdump -h -S  8-FreeRTOS.elf  > "8-FreeRTOS.list"
   text	   data	    bss	    dec	    hex	filename
  15692	     44	  22428	  38164	   9514	8-FreeRTOS.elf
Finished building: default.size.stdout
 
Finished building: 8-FreeRTOS.list
 
04:12:27 **** Incremental Build of configuration Debug for project 8-FreeRTOS ****
make -j8 all 
arm-none-eabi-gcc "../Src/main.c" -mcpu=cortex-m4 -std=gnu11 -g3 -DDEBUG -DSTM32F401CCUx -DSTM32 -DSTM32F4 -c -I"D:/IMT_ARM/STM32F104_BlackPill/8-FreeRTOS/Inc/MCAL" -I"D:/IMT_ARM/STM32F104_BlackPill/8-FreeRTOS/Inc/MCAL/EXTI" -I"D:/IMT_ARM/STM32F104_BlackPill/8-FreeRTOS/Inc/MCAL/Flash" -I"D:/IMT_ARM/STM32F104_BlackPill/8-FreeRTOS/Inc/MCAL/GPIO" -I"D:/IMT_ARM/STM32F104_BlackPill/8-FreeRTOS/Inc/MCAL/NVIC" -I"D:/IMT_ARM/STM32F104_BlackPill/8-FreeRTOS/Inc/MCAL/RCC" -I"D:/IMT_ARM/STM32F104_BlackPill/8-FreeRTOS/Inc/MCAL/SPI" -I"D:/IMT_ARM/STM32F104_BlackPill/8-FreeRTOS/Inc/MCAL/SysTick" -I"D:/IMT_ARM/STM32F104_BlackPill/8-FreeRTOS/Inc/MCAL/UART" -I../Inc -O0 -ffunction-sections -fdata-sections -Wall -fstack-usage -fcyclomatic-complexity -MMD -MP -MF"Src/main.d" -MT"Src/main.o" --specs=nano.specs -mfpu=fpv4-sp-d16 -mfloat-abi=softfp -mthumb -o "Src/main.o"
arm-none-eabi-gcc -o "8-FreeRTOS.elf" @"objects.list"   -mcpu=cortex-m4 -T"D:\IMT_ARM\STM32F104_BlackPill\8-FreeRTOS\STM32F401CCUX_FLASH.ld" --specs=nosys.specs -Wl,-Map="8-FreeRTOS.map" -Wl,--gc-sections -static --specs=nano.specs -mfpu=fpv4-sp-d16 -mfloat-abi=softfp -mthumb -Wl,--start-group -lc -lm -Wl,--end-group
Finished building target: 8-FreeRTOS.elf
 
arm-none-eabi-size   8-FreeRTOS.elf 
arm-none-eabi-objdump -h -S  8-FreeRTOS.elf  > "8-FreeRTOS.list"
   text	   data	    bss	    dec	    hex	filename
  15692	     44	  22428	  38164	   9514	8-FreeRTOS.elf
Finished building: default.size.stdout
 
Finished building: 8-FreeRTOS.list
 
04:12:59 **** Incremental Build of configuration Debug for project 8-FreeRTOS ****
make -j8 all 
arm-none-eabi-gcc "../Src/main.c" -mcpu=cortex-m4 -std=gnu11 -g3 -DDEBUG -DSTM32F401CCUx -DSTM32 -DSTM32F4 -c -I"D:/IMT_ARM/STM32F104_BlackPill/8-FreeRTOS/Inc/MCAL" -I"D:/IMT_ARM/STM32F104_BlackPill/8-FreeRTOS/Inc/MCAL/EXTI" -I"D:/IMT_ARM/STM32F104_BlackPill/8-FreeRTOS/Inc/MCAL/Flash" -I"D:/IMT_ARM/STM32F104_BlackPill/8-FreeRTOS/Inc/MCAL/GPIO" -I"D:/IMT_ARM/STM32F104_BlackPill/8-FreeRTOS/Inc/MCAL/NVIC" -I"D:/IMT_ARM/STM32F104_BlackPill/8-FreeRTOS/Inc/MCAL/RCC" -I"D:/IMT_ARM/STM32F104_BlackPill/8-FreeRTOS/Inc/MCAL/SPI" -I"D:/IMT_ARM/STM32F104_BlackPill/8-FreeRTOS/Inc/MCAL/SysTick" -I"D:/IMT_ARM/STM32F104_BlackPill/8-FreeRTOS/Inc/MCAL/UART" -I../Inc -O0 -ffunction-sections -fdata-sections -Wall -fstack-usage -fcyclomatic-complexity -MMD -MP -MF"Src/main.d" -MT"Src/main.o" --specs=nano.specs -mfpu=fpv4-sp-d16 -mfloat-abi=softfp -mthumb -o "Src/main.o"
arm-none-eabi-gcc -o "8-FreeRTOS.elf" @"objects.list"   -mcpu=cortex-m4 -T"D:\IMT_ARM\STM32F104_BlackPill\8-FreeRTOS\STM32F401CCUX_FLASH.ld" --specs=nosys.specs -Wl,-Map="8-FreeRTOS.map" -Wl,--gc-sections -static --specs=nano.specs -mfpu=fpv4-sp-d16 -mfloat-abi=softfp -mthumb -Wl,--start-group -lc -lm -Wl,--end-group
Finished building target: 8-FreeRTOS.elf
 
arm-none-eabi-size   8-FreeRTOS.elf 
arm-none-eabi-objdump -h -S  8-FreeRTOS.elf  > "8-FreeRTOS.list"
   text	   data	    bss	    dec	    hex	filename
  15692	     44	  22428	  38164	   9514	8-FreeRTOS.elf
Finished building: default.size.stdout
 
Finished building: 8-FreeRTOS.list
 
04:13:31 **** Incremental Build of configuration Debug for project 8-FreeRTOS ****
make -j8 all 
arm-none-eabi-gcc "../Src/main.c" -mcpu=cortex-m4 -std=gnu11 -g3 -DDEBUG -DSTM32F401CCUx -DSTM32 -DSTM32F4 -c -I"D:/IMT_ARM/STM32F104_BlackPill/8-FreeRTOS/Inc/MCAL" -I"D:/IMT_ARM/STM32F104_BlackPill/8-FreeRTOS/Inc/MCAL/EXTI" -I"D:/IMT_ARM/STM32F104_BlackPill/8-FreeRTOS/Inc/MCAL/Flash" -I"D:/IMT_ARM/STM32F104_BlackPill/8-FreeRTOS/Inc/MCAL/GPIO" -I"D:/IMT_ARM/STM32F104_BlackPill/8-FreeRTOS/Inc/MCAL/NVIC" -I"D:/IMT_ARM/STM32F104_BlackPill/8-FreeRTOS/Inc/MCAL/RCC" -I"D:/IMT_ARM/STM32F104_BlackPill/8-FreeRTOS/Inc/MCAL/SPI" -I"D:/IMT_ARM/STM32F104_BlackPill/8-FreeRTOS/Inc/MCAL/SysTick" -I"D:/IMT_ARM/STM32F104_BlackPill/8-FreeRTOS/Inc/MCAL/UART" -I../Inc -O0 -ffunction-sections -fdata-sections -Wall -fstack-usage -fcyclomatic-complexity -MMD -MP -MF"Src/main.d" -MT"Src/main.o" --specs=nano.specs -mfpu=fpv4-sp-d16 -mfloat-abi=softfp -mthumb -o "Src/main.o"
arm-none-eabi-gcc -o "8-FreeRTOS.elf" @"objects.list"   -mcpu=cortex-m4 -T"D:\IMT_ARM\STM32F104_BlackPill\8-FreeRTOS\STM32F401CCUX_FLASH.ld" --specs=nosys.specs -Wl,-Map="8-FreeRTOS.map" -Wl,--gc-sections -static --specs=nano.specs -mfpu=fpv4-sp-d16 -mfloat-abi=softfp -mthumb -Wl,--start-group -lc -lm -Wl,--end-group
Finished building target: 8-FreeRTOS.elf
 
arm-none-eabi-size   8-FreeRTOS.elf 
arm-none-eabi-objdump -h -S  8-FreeRTOS.elf  > "8-FreeRTOS.list"
   text	   data	    bss	    dec	    hex	filename
  15692	     44	  22428	  38164	   9514	8-FreeRTOS.elf
Finished building: default.size.stdout
 
Finished building: 8-FreeRTOS.list
 
04:14:08 **** Incremental Build of configuration Debug for project 8-FreeRTOS ****
make -j8 all 
arm-none-eabi-gcc "../Src/main.c" -mcpu=cortex-m4 -std=gnu11 -g3 -DDEBUG -DSTM32F401CCUx -DSTM32 -DSTM32F4 -c -I"D:/IMT_ARM/STM32F104_BlackPill/8-FreeRTOS/Inc/MCAL" -I"D:/IMT_ARM/STM32F104_BlackPill/8-FreeRTOS/Inc/MCAL/EXTI" -I"D:/IMT_ARM/STM32F104_BlackPill/8-FreeRTOS/Inc/MCAL/Flash" -I"D:/IMT_ARM/STM32F104_BlackPill/8-FreeRTOS/Inc/MCAL/GPIO" -I"D:/IMT_ARM/STM32F104_BlackPill/8-FreeRTOS/Inc/MCAL/NVIC" -I"D:/IMT_ARM/STM32F104_BlackPill/8-FreeRTOS/Inc/MCAL/RCC" -I"D:/IMT_ARM/STM32F104_BlackPill/8-FreeRTOS/Inc/MCAL/SPI" -I"D:/IMT_ARM/STM32F104_BlackPill/8-FreeRTOS/Inc/MCAL/SysTick" -I"D:/IMT_ARM/STM32F104_BlackPill/8-FreeRTOS/Inc/MCAL/UART" -I../Inc -O0 -ffunction-sections -fdata-sections -Wall -fstack-usage -fcyclomatic-complexity -MMD -MP -MF"Src/main.d" -MT"Src/main.o" --specs=nano.specs -mfpu=fpv4-sp-d16 -mfloat-abi=softfp -mthumb -o "Src/main.o"
arm-none-eabi-gcc -o "8-FreeRTOS.elf" @"objects.list"   -mcpu=cortex-m4 -T"D:\IMT_ARM\STM32F104_BlackPill\8-FreeRTOS\STM32F401CCUX_FLASH.ld" --specs=nosys.specs -Wl,-Map="8-FreeRTOS.map" -Wl,--gc-sections -static --specs=nano.specs -mfpu=fpv4-sp-d16 -mfloat-abi=softfp -mthumb -Wl,--start-group -lc -lm -Wl,--end-group
Finished building target: 8-FreeRTOS.elf
 
arm-none-eabi-size   8-FreeRTOS.elf 
arm-none-eabi-objdump -h -S  8-FreeRTOS.elf  > "8-FreeRTOS.list"
   text	   data	    bss	    dec	    hex	filename
  15804	     44	  22428	  38276	   9584	8-FreeRTOS.elf
Finished building: default.size.stdout
 
Finished building: 8-FreeRTOS.list
 
