12:54:39 **** Incremental Build of configuration Release for project 14-Bootloader ****
make -j8 all 
arm-none-eabi-gcc "../Src/main.c" -mcpu=cortex-m4 -std=gnu11 -DSTM32F401CCUx -DSTM32 -DSTM32F4 -c -I../Inc -I"D:/IMT_ARM/STM32F104_BlackPill/14-Bootloader/Src/MCAL/UART" -I"D:/IMT_ARM/STM32F104_BlackPill/14-Bootloader/Src" -I"D:/IMT_ARM/STM32F104_BlackPill/14-Bootloader/Src/App" -I"D:/IMT_ARM/STM32F104_BlackPill/14-Bootloader/Src/HAL/DAC" -I"D:/IMT_ARM/STM32F104_BlackPill/14-Bootloader/Src/HAL/IR" -I"D:/IMT_ARM/STM32F104_BlackPill/14-Bootloader/Src/HAL/LEDMatrix" -I"D:/IMT_ARM/STM32F104_BlackPill/14-Bootloader/Src/HAL/Segment" -I"D:/IMT_ARM/STM32F104_BlackPill/14-Bootloader/Src/Kernel" -I"D:/IMT_ARM/STM32F104_BlackPill/14-Bootloader/Src/MCAL/EXTI" -I"D:/IMT_ARM/STM32F104_BlackPill/14-Bootloader/Src/MCAL/Flash" -I"D:/IMT_ARM/STM32F104_BlackPill/14-Bootloader/Src/MCAL/GPIO" -I"D:/IMT_ARM/STM32F104_BlackPill/14-Bootloader/Src/MCAL/NVIC" -I"D:/IMT_ARM/STM32F104_BlackPill/14-Bootloader/Src/MCAL/RCC" -I"D:/IMT_ARM/STM32F104_BlackPill/14-Bootloader/Src/MCAL/SysTick" -I"D:/IMT_ARM/STM32F104_BlackPill/14-Bootloader/Src/Services" -I"D:/IMT_ARM/STM32F104_BlackPill/14-Bootloader/Src/Services/S2P" -Os -ffunction-sections -fdata-sections -Wall -fstack-usage -fcyclomatic-complexity -MMD -MP -MF"Src/main.d" -MT"Src/main.o" --specs=nano.specs -mfpu=fpv4-sp-d16 -mfloat-abi=hard -mthumb -o "Src/main.o"
arm-none-eabi-gcc -o "14-Bootloader.elf" @"objects.list"   -mcpu=cortex-m4 -T"D:\IMT_ARM\STM32F104_BlackPill\14-Bootloader\STM32F401CCUX_FLASH.ld" --specs=nosys.specs -Wl,-Map="14-Bootloader.map" -Wl,--gc-sections -static --specs=nano.specs -mfpu=fpv4-sp-d16 -mfloat-abi=hard -mthumb -Wl,--start-group -lc -lm -Wl,--end-group
Finished building target: 14-Bootloader.elf
 
arm-none-eabi-size   14-Bootloader.elf 
arm-none-eabi-objdump -h -S  14-Bootloader.elf  > "14-Bootloader.list"
arm-none-eabi-objcopy  -O ihex  14-Bootloader.elf  "14-Bootloader.hex"
   text	   data	    bss	    dec	    hex	filename
   2848	      8	   1896	   4752	   1290	14-Bootloader.elf
Finished building: default.size.stdout
 
Finished building: 14-Bootloader.hex
Finished building: 14-Bootloader.list
 
 
12:55:42 **** Build of configuration Debug for project 11-SPI ****
make -j8 all 
arm-none-eabi-gcc -mcpu=cortex-m4 -g3 -DDEBUG -c -x assembler-with-cpp -MMD -MP -MF"Startup/startup_stm32f401ccux.d" -MT"Startup/startup_stm32f401ccux.o" --specs=nano.specs -mfpu=fpv4-sp-d16 -mfloat-abi=hard -mthumb -o "Startup/startup_stm32f401ccux.o" "../Startup/startup_stm32f401ccux.s"
arm-none-eabi-gcc "../Src/Services/S2P/S2P_CFG.c" -mcpu=cortex-m4 -std=gnu11 -g3 -DDEBUG -DSTM32F401CCUx -DSTM32 -DSTM32F4 -c -I../Inc -I"D:/IMT_ARM/STM32F104_BlackPill/11-SPI/Src/HAL/DAC" -I"D:/IMT_ARM/STM32F104_BlackPill/11-SPI/Src/HAL/IR" -I"D:/IMT_ARM/STM32F104_BlackPill/11-SPI/Src/HAL/LEDMatrix" -I"D:/IMT_ARM/STM32F104_BlackPill/11-SPI/Src/HAL/Segment" -I"D:/IMT_ARM/STM32F104_BlackPill/11-SPI/Src/Kernel" -I"D:/IMT_ARM/STM32F104_BlackPill/11-SPI/Src/MCAL/EXTI" -I"D:/IMT_ARM/STM32F104_BlackPill/11-SPI/Src/MCAL/Flash" -I"D:/IMT_ARM/STM32F104_BlackPill/11-SPI/Src/MCAL/GPIO" -I"D:/IMT_ARM/STM32F104_BlackPill/11-SPI/Src/MCAL/NVIC" -I"D:/IMT_ARM/STM32F104_BlackPill/11-SPI/Src/MCAL/RCC" -I"D:/IMT_ARM/STM32F104_BlackPill/11-SPI/Src/MCAL/SPI" -I"D:/IMT_ARM/STM32F104_BlackPill/11-SPI/Src/MCAL/SysTick" -I"D:/IMT_ARM/STM32F104_BlackPill/11-SPI/Src/MCAL/UART" -I"D:/IMT_ARM/STM32F104_BlackPill/11-SPI/Src/Services/S2P" -I"D:/IMT_ARM/STM32F104_BlackPill/11-SPI/Src" -O0 -ffunction-sections -fdata-sections -Wall -fstack-usage -fcyclomatic-complexity -MMD -MP -MF"Src/Services/S2P/S2P_CFG.d" -MT"Src/Services/S2P/S2P_CFG.o" --specs=nano.specs -mfpu=fpv4-sp-d16 -mfloat-abi=hard -mthumb -o "Src/Services/S2P/S2P_CFG.o"
arm-none-eabi-gcc "../Src/Services/S2P/S2P_PRG.c" -mcpu=cortex-m4 -std=gnu11 -g3 -DDEBUG -DSTM32F401CCUx -DSTM32 -DSTM32F4 -c -I../Inc -I"D:/IMT_ARM/STM32F104_BlackPill/11-SPI/Src/HAL/DAC" -I"D:/IMT_ARM/STM32F104_BlackPill/11-SPI/Src/HAL/IR" -I"D:/IMT_ARM/STM32F104_BlackPill/11-SPI/Src/HAL/LEDMatrix" -I"D:/IMT_ARM/STM32F104_BlackPill/11-SPI/Src/HAL/Segment" -I"D:/IMT_ARM/STM32F104_BlackPill/11-SPI/Src/Kernel" -I"D:/IMT_ARM/STM32F104_BlackPill/11-SPI/Src/MCAL/EXTI" -I"D:/IMT_ARM/STM32F104_BlackPill/11-SPI/Src/MCAL/Flash" -I"D:/IMT_ARM/STM32F104_BlackPill/11-SPI/Src/MCAL/GPIO" -I"D:/IMT_ARM/STM32F104_BlackPill/11-SPI/Src/MCAL/NVIC" -I"D:/IMT_ARM/STM32F104_BlackPill/11-SPI/Src/MCAL/RCC" -I"D:/IMT_ARM/STM32F104_BlackPill/11-SPI/Src/MCAL/SPI" -I"D:/IMT_ARM/STM32F104_BlackPill/11-SPI/Src/MCAL/SysTick" -I"D:/IMT_ARM/STM32F104_BlackPill/11-SPI/Src/MCAL/UART" -I"D:/IMT_ARM/STM32F104_BlackPill/11-SPI/Src/Services/S2P" -I"D:/IMT_ARM/STM32F104_BlackPill/11-SPI/Src" -O0 -ffunction-sections -fdata-sections -Wall -fstack-usage -fcyclomatic-complexity -MMD -MP -MF"Src/Services/S2P/S2P_PRG.d" -MT"Src/Services/S2P/S2P_PRG.o" --specs=nano.specs -mfpu=fpv4-sp-d16 -mfloat-abi=hard -mthumb -o "Src/Services/S2P/S2P_PRG.o"
arm-none-eabi-gcc "../Src/MCAL/UART/UART_PRG.c" -mcpu=cortex-m4 -std=gnu11 -g3 -DDEBUG -DSTM32F401CCUx -DSTM32 -DSTM32F4 -c -I../Inc -I"D:/IMT_ARM/STM32F104_BlackPill/11-SPI/Src/HAL/DAC" -I"D:/IMT_ARM/STM32F104_BlackPill/11-SPI/Src/HAL/IR" -I"D:/IMT_ARM/STM32F104_BlackPill/11-SPI/Src/HAL/LEDMatrix" -I"D:/IMT_ARM/STM32F104_BlackPill/11-SPI/Src/HAL/Segment" -I"D:/IMT_ARM/STM32F104_BlackPill/11-SPI/Src/Kernel" -I"D:/IMT_ARM/STM32F104_BlackPill/11-SPI/Src/MCAL/EXTI" -I"D:/IMT_ARM/STM32F104_BlackPill/11-SPI/Src/MCAL/Flash" -I"D:/IMT_ARM/STM32F104_BlackPill/11-SPI/Src/MCAL/GPIO" -I"D:/IMT_ARM/STM32F104_BlackPill/11-SPI/Src/MCAL/NVIC" -I"D:/IMT_ARM/STM32F104_BlackPill/11-SPI/Src/MCAL/RCC" -I"D:/IMT_ARM/STM32F104_BlackPill/11-SPI/Src/MCAL/SPI" -I"D:/IMT_ARM/STM32F104_BlackPill/11-SPI/Src/MCAL/SysTick" -I"D:/IMT_ARM/STM32F104_BlackPill/11-SPI/Src/MCAL/UART" -I"D:/IMT_ARM/STM32F104_BlackPill/11-SPI/Src/Services/S2P" -I"D:/IMT_ARM/STM32F104_BlackPill/11-SPI/Src" -O0 -ffunction-sections -fdata-sections -Wall -fstack-usage -fcyclomatic-complexity -MMD -MP -MF"Src/MCAL/UART/UART_PRG.d" -MT"Src/MCAL/UART/UART_PRG.o" --specs=nano.specs -mfpu=fpv4-sp-d16 -mfloat-abi=hard -mthumb -o "Src/MCAL/UART/UART_PRG.o"
arm-none-eabi-gcc "../Src/MCAL/SysTick/SysTick_PRG.c" -mcpu=cortex-m4 -std=gnu11 -g3 -DDEBUG -DSTM32F401CCUx -DSTM32 -DSTM32F4 -c -I../Inc -I"D:/IMT_ARM/STM32F104_BlackPill/11-SPI/Src/HAL/DAC" -I"D:/IMT_ARM/STM32F104_BlackPill/11-SPI/Src/HAL/IR" -I"D:/IMT_ARM/STM32F104_BlackPill/11-SPI/Src/HAL/LEDMatrix" -I"D:/IMT_ARM/STM32F104_BlackPill/11-SPI/Src/HAL/Segment" -I"D:/IMT_ARM/STM32F104_BlackPill/11-SPI/Src/Kernel" -I"D:/IMT_ARM/STM32F104_BlackPill/11-SPI/Src/MCAL/EXTI" -I"D:/IMT_ARM/STM32F104_BlackPill/11-SPI/Src/MCAL/Flash" -I"D:/IMT_ARM/STM32F104_BlackPill/11-SPI/Src/MCAL/GPIO" -I"D:/IMT_ARM/STM32F104_BlackPill/11-SPI/Src/MCAL/NVIC" -I"D:/IMT_ARM/STM32F104_BlackPill/11-SPI/Src/MCAL/RCC" -I"D:/IMT_ARM/STM32F104_BlackPill/11-SPI/Src/MCAL/SPI" -I"D:/IMT_ARM/STM32F104_BlackPill/11-SPI/Src/MCAL/SysTick" -I"D:/IMT_ARM/STM32F104_BlackPill/11-SPI/Src/MCAL/UART" -I"D:/IMT_ARM/STM32F104_BlackPill/11-SPI/Src/Services/S2P" -I"D:/IMT_ARM/STM32F104_BlackPill/11-SPI/Src" -O0 -ffunction-sections -fdata-sections -Wall -fstack-usage -fcyclomatic-complexity -MMD -MP -MF"Src/MCAL/SysTick/SysTick_PRG.d" -MT"Src/MCAL/SysTick/SysTick_PRG.o" --specs=nano.specs -mfpu=fpv4-sp-d16 -mfloat-abi=hard -mthumb -o "Src/MCAL/SysTick/SysTick_PRG.o"
arm-none-eabi-gcc "../Src/MCAL/SPI/SPI_prg.c" -mcpu=cortex-m4 -std=gnu11 -g3 -DDEBUG -DSTM32F401CCUx -DSTM32 -DSTM32F4 -c -I../Inc -I"D:/IMT_ARM/STM32F104_BlackPill/11-SPI/Src/HAL/DAC" -I"D:/IMT_ARM/STM32F104_BlackPill/11-SPI/Src/HAL/IR" -I"D:/IMT_ARM/STM32F104_BlackPill/11-SPI/Src/HAL/LEDMatrix" -I"D:/IMT_ARM/STM32F104_BlackPill/11-SPI/Src/HAL/Segment" -I"D:/IMT_ARM/STM32F104_BlackPill/11-SPI/Src/Kernel" -I"D:/IMT_ARM/STM32F104_BlackPill/11-SPI/Src/MCAL/EXTI" -I"D:/IMT_ARM/STM32F104_BlackPill/11-SPI/Src/MCAL/Flash" -I"D:/IMT_ARM/STM32F104_BlackPill/11-SPI/Src/MCAL/GPIO" -I"D:/IMT_ARM/STM32F104_BlackPill/11-SPI/Src/MCAL/NVIC" -I"D:/IMT_ARM/STM32F104_BlackPill/11-SPI/Src/MCAL/RCC" -I"D:/IMT_ARM/STM32F104_BlackPill/11-SPI/Src/MCAL/SPI" -I"D:/IMT_ARM/STM32F104_BlackPill/11-SPI/Src/MCAL/SysTick" -I"D:/IMT_ARM/STM32F104_BlackPill/11-SPI/Src/MCAL/UART" -I"D:/IMT_ARM/STM32F104_BlackPill/11-SPI/Src/Services/S2P" -I"D:/IMT_ARM/STM32F104_BlackPill/11-SPI/Src" -O0 -ffunction-sections -fdata-sections -Wall -fstack-usage -fcyclomatic-complexity -MMD -MP -MF"Src/MCAL/SPI/SPI_prg.d" -MT"Src/MCAL/SPI/SPI_prg.o" --specs=nano.specs -mfpu=fpv4-sp-d16 -mfloat-abi=hard -mthumb -o "Src/MCAL/SPI/SPI_prg.o"
arm-none-eabi-gcc "../Src/MCAL/RCC/RCC_PRG.c" -mcpu=cortex-m4 -std=gnu11 -g3 -DDEBUG -DSTM32F401CCUx -DSTM32 -DSTM32F4 -c -I../Inc -I"D:/IMT_ARM/STM32F104_BlackPill/11-SPI/Src/HAL/DAC" -I"D:/IMT_ARM/STM32F104_BlackPill/11-SPI/Src/HAL/IR" -I"D:/IMT_ARM/STM32F104_BlackPill/11-SPI/Src/HAL/LEDMatrix" -I"D:/IMT_ARM/STM32F104_BlackPill/11-SPI/Src/HAL/Segment" -I"D:/IMT_ARM/STM32F104_BlackPill/11-SPI/Src/Kernel" -I"D:/IMT_ARM/STM32F104_BlackPill/11-SPI/Src/MCAL/EXTI" -I"D:/IMT_ARM/STM32F104_BlackPill/11-SPI/Src/MCAL/Flash" -I"D:/IMT_ARM/STM32F104_BlackPill/11-SPI/Src/MCAL/GPIO" -I"D:/IMT_ARM/STM32F104_BlackPill/11-SPI/Src/MCAL/NVIC" -I"D:/IMT_ARM/STM32F104_BlackPill/11-SPI/Src/MCAL/RCC" -I"D:/IMT_ARM/STM32F104_BlackPill/11-SPI/Src/MCAL/SPI" -I"D:/IMT_ARM/STM32F104_BlackPill/11-SPI/Src/MCAL/SysTick" -I"D:/IMT_ARM/STM32F104_BlackPill/11-SPI/Src/MCAL/UART" -I"D:/IMT_ARM/STM32F104_BlackPill/11-SPI/Src/Services/S2P" -I"D:/IMT_ARM/STM32F104_BlackPill/11-SPI/Src" -O0 -ffunction-sections -fdata-sections -Wall -fstack-usage -fcyclomatic-complexity -MMD -MP -MF"Src/MCAL/RCC/RCC_PRG.d" -MT"Src/MCAL/RCC/RCC_PRG.o" --specs=nano.specs -mfpu=fpv4-sp-d16 -mfloat-abi=hard -mthumb -o "Src/MCAL/RCC/RCC_PRG.o"
arm-none-eabi-gcc "../Src/MCAL/NVIC/NVIC_PRG.c" -mcpu=cortex-m4 -std=gnu11 -g3 -DDEBUG -DSTM32F401CCUx -DSTM32 -DSTM32F4 -c -I../Inc -I"D:/IMT_ARM/STM32F104_BlackPill/11-SPI/Src/HAL/DAC" -I"D:/IMT_ARM/STM32F104_BlackPill/11-SPI/Src/HAL/IR" -I"D:/IMT_ARM/STM32F104_BlackPill/11-SPI/Src/HAL/LEDMatrix" -I"D:/IMT_ARM/STM32F104_BlackPill/11-SPI/Src/HAL/Segment" -I"D:/IMT_ARM/STM32F104_BlackPill/11-SPI/Src/Kernel" -I"D:/IMT_ARM/STM32F104_BlackPill/11-SPI/Src/MCAL/EXTI" -I"D:/IMT_ARM/STM32F104_BlackPill/11-SPI/Src/MCAL/Flash" -I"D:/IMT_ARM/STM32F104_BlackPill/11-SPI/Src/MCAL/GPIO" -I"D:/IMT_ARM/STM32F104_BlackPill/11-SPI/Src/MCAL/NVIC" -I"D:/IMT_ARM/STM32F104_BlackPill/11-SPI/Src/MCAL/RCC" -I"D:/IMT_ARM/STM32F104_BlackPill/11-SPI/Src/MCAL/SPI" -I"D:/IMT_ARM/STM32F104_BlackPill/11-SPI/Src/MCAL/SysTick" -I"D:/IMT_ARM/STM32F104_BlackPill/11-SPI/Src/MCAL/UART" -I"D:/IMT_ARM/STM32F104_BlackPill/11-SPI/Src/Services/S2P" -I"D:/IMT_ARM/STM32F104_BlackPill/11-SPI/Src" -O0 -ffunction-sections -fdata-sections -Wall -fstack-usage -fcyclomatic-complexity -MMD -MP -MF"Src/MCAL/NVIC/NVIC_PRG.d" -MT"Src/MCAL/NVIC/NVIC_PRG.o" --specs=nano.specs -mfpu=fpv4-sp-d16 -mfloat-abi=hard -mthumb -o "Src/MCAL/NVIC/NVIC_PRG.o"
In file included from ../Src/MCAL/SPI/SPI_prg.c:2:
../Src/MCAL/SPI/SPI_int.h:16:2: error: unknown type name 'uint32_t'
   16 |  uint32_t SPI_CR1;
      |  ^~~~~~~~
../Src/MCAL/SPI/SPI_int.h:17:2: error: unknown type name 'uint32_t'
   17 |  uint32_t SPI_CR2;
      |  ^~~~~~~~
../Src/MCAL/SPI/SPI_int.h:18:2: error: unknown type name 'uint32_t'
   18 |  uint32_t SPI_SR;
      |  ^~~~~~~~
../Src/MCAL/SPI/SPI_int.h:19:2: error: unknown type name 'uint32_t'
   19 |  uint32_t SPI_DR;
      |  ^~~~~~~~
../Src/MCAL/SPI/SPI_int.h:20:2: error: unknown type name 'uint32_t'
   20 |  uint32_t SPI_CRCPR;
      |  ^~~~~~~~
../Src/MCAL/SPI/SPI_int.h:21:2: error: unknown type name 'uint32_t'
   21 |  uint32_t SPI_RXCRCR;
      |  ^~~~~~~~
../Src/MCAL/SPI/SPI_int.h:22:2: error: unknown type name 'uint32_t'
   22 |  uint32_t SPI_TXCRCR;
      |  ^~~~~~~~
../Src/MCAL/SPI/SPI_int.h:23:2: error: unknown type name 'uint32_t'
   23 |  uint32_t SPI_I2SCFGR;
      |  ^~~~~~~~
../Src/MCAL/SPI/SPI_int.h:24:2: error: unknown type name 'uint32_t'
   24 |  uint32_t SPI_I2SPR;
      |  ^~~~~~~~
../Src/MCAL/SPI/SPI_int.h:32:1: error: unknown type name 'uint8_t'
   32 | uint8_t SPI_Transceiving(uint8_t copy_u16Data);
      | ^~~~~~~
../Src/MCAL/SPI/SPI_int.h:32:26: error: unknown type name 'uint8_t'
   32 | uint8_t SPI_Transceiving(uint8_t copy_u16Data);
      |                          ^~~~~~~
In file included from D:/IMT_ARM/STM32F104_BlackPill/11-SPI/Src/MCAL/RCC/RCC_Interface.h:11,
                 from ../Src/MCAL/SPI/SPI_prg.c:4:
D:/IMT_ARM/STM32F104_BlackPill/11-SPI/Src/MCAL/RCC/RCC_Private.h:147:2: error: redeclaration of enumerator 'CRCEN'
  147 |  CRCEN = 12,
      |  ^~~~~
In file included from ../Src/MCAL/SPI/SPI_int.h:11,
                 from ../Src/MCAL/SPI/SPI_prg.c:2:
../Src/MCAL/SPI/SPI_prv.h:23:5: note: previous definition of 'CRCEN' was here
   23 |     CRCEN,
      |     ^~~~~
../Src/MCAL/SPI/SPI_prg.c: In function 'SPI_vInit':
../Src/MCAL/SPI/SPI_prg.c:28:2: error: unknown type name 'GPIO_CFG_t'
   28 |  GPIO_CFG_t MOSI =
      |  ^~~~~~~~~~
../Src/MCAL/SPI/SPI_prg.c:30:4: error: field name not in record or union initializer
   30 |    .PIN_Port=PORTA,
      |    ^
../Src/MCAL/SPI/SPI_prg.c:30:4: note: (near initialization for 'MOSI')
../Src/MCAL/SPI/SPI_prg.c:30:14: error: 'PORTA' undeclared (first use in this function)
   30 |    .PIN_Port=PORTA,
      |              ^~~~~
../Src/MCAL/SPI/SPI_prg.c:30:14: note: each undeclared identifier is reported only once for each function it appears in
../Src/MCAL/SPI/SPI_prg.c:31:4: error: field name not in record or union initializer
   31 |    .PIN_Number=PIN7,
      |    ^
../Src/MCAL/SPI/SPI_prg.c:31:4: note: (near initialization for 'MOSI')
../Src/MCAL/SPI/SPI_prg.c:31:16: error: 'PIN7' undeclared (first use in this function)
   31 |    .PIN_Number=PIN7,
      |                ^~~~
../Src/MCAL/SPI/SPI_prg.c:31:16: warning: excess elements in scalar initializer
../Src/MCAL/SPI/SPI_prg.c:31:16: note: (near initialization for 'MOSI')
../Src/MCAL/SPI/SPI_prg.c:32:4: error: field name not in record or union initializer
   32 |    .PIN_OType=OUTPUT,
      |    ^
../Src/MCAL/SPI/SPI_prg.c:32:4: note: (near initialization for 'MOSI')
../Src/MCAL/NVIC/NVIC_PRG.c: In function 'NVIC_eReadInterruptActive':
../Src/MCAL/NVIC/NVIC_PRG.c:33:9: warning: implicit declaration of function 'READ_BIT' [-Wimplicit-function-declaration]
   33 |  return READ_BIT(NVIC->NVIC_ICPR[copy_eInterrupt / 32],(copy_eInterrupt % 32));
      |         ^~~~~~~~
../Src/MCAL/SPI/SPI_prg.c:32:15: error: 'OUTPUT' undeclared (first use in this function)
   32 |    .PIN_OType=OUTPUT,
      |               ^~~~~~
../Src/MCAL/SPI/SPI_prg.c:32:15: warning: excess elements in scalar initializer
../Src/MCAL/SPI/SPI_prg.c:32:15: note: (near initialization for 'MOSI')
../Src/MCAL/SPI/SPI_prg.c:33:4: error: field name not in record or union initializer
   33 |    .PIN_OType=PUSH_PULL,
      |    ^
../Src/MCAL/SPI/SPI_prg.c:33:4: note: (near initialization for 'MOSI')
../Src/MCAL/SPI/SPI_prg.c:33:15: error: 'PUSH_PULL' undeclared (first use in this function)
   33 |    .PIN_OType=PUSH_PULL,
      |               ^~~~~~~~~
../Src/MCAL/SPI/SPI_prg.c:33:15: warning: excess elements in scalar initializer
../Src/MCAL/SPI/SPI_prg.c:33:15: note: (near initialization for 'MOSI')
../Src/MCAL/SPI/SPI_prg.c:34:4: error: field name not in record or union initializer
   34 |    .PIN_OSpeed=LOW_SPEED,
      |    ^
../Src/MCAL/SPI/SPI_prg.c:34:4: note: (near initialization for 'MOSI')
../Src/MCAL/SPI/SPI_prg.c:34:16: error: 'LOW_SPEED' undeclared (first use in this function)
   34 |    .PIN_OSpeed=LOW_SPEED,
      |                ^~~~~~~~~
../Src/MCAL/SPI/SPI_prg.c:34:16: warning: excess elements in scalar initializer
../Src/MCAL/SPI/SPI_prg.c:34:16: note: (near initialization for 'MOSI')
../Src/MCAL/SPI/SPI_prg.c:35:4: error: field name not in record or union initializer
   35 |    .PIN_AF=AF5
      |    ^
../Src/MCAL/SPI/SPI_prg.c:35:4: note: (near initialization for 'MOSI')
../Src/MCAL/SPI/SPI_prg.c:35:12: error: 'AF5' undeclared (first use in this function)
   35 |    .PIN_AF=AF5
      |            ^~~
../Src/MCAL/SPI/SPI_prg.c:35:12: warning: excess elements in scalar initializer
../Src/MCAL/SPI/SPI_prg.c:35:12: note: (near initialization for 'MOSI')
../Src/MCAL/SPI/SPI_prg.c:37:2: error: unknown type name 'GPIO_CFG_t'
   37 |  GPIO_CFG_t MISO =
      |  ^~~~~~~~~~
../Src/MCAL/SPI/SPI_prg.c:39:4: error: field name not in record or union initializer
   39 |    .PIN_Port=PORTA,
      |    ^
../Src/MCAL/SPI/SPI_prg.c:39:4: note: (near initialization for 'MISO')
../Src/MCAL/SPI/SPI_prg.c:40:4: error: field name not in record or union initializer
   40 |    .PIN_Number=PIN6,
      |    ^
../Src/MCAL/SPI/SPI_prg.c:40:4: note: (near initialization for 'MISO')
../Src/MCAL/SPI/SPI_prg.c:40:16: error: 'PIN6' undeclared (first use in this function)
   40 |    .PIN_Number=PIN6,
      |                ^~~~
../Src/MCAL/SPI/SPI_prg.c:40:16: warning: excess elements in scalar initializer
../Src/MCAL/SPI/SPI_prg.c:40:16: note: (near initialization for 'MISO')
../Src/MCAL/SPI/SPI_prg.c:41:4: error: field name not in record or union initializer
   41 |    .PIN_OType=INPUT,
      |    ^
../Src/MCAL/SPI/SPI_prg.c:41:4: note: (near initialization for 'MISO')
../Src/MCAL/SPI/SPI_prg.c:41:15: error: 'INPUT' undeclared (first use in this function)
   41 |    .PIN_OType=INPUT,
      |               ^~~~~
../Src/MCAL/SPI/SPI_prg.c:41:15: warning: excess elements in scalar initializer
../Src/MCAL/SPI/SPI_prg.c:41:15: note: (near initialization for 'MISO')
../Src/MCAL/SPI/SPI_prg.c:42:4: error: field name not in record or union initializer
   42 |    .PIN_IPullUpDown=NO_PULL,
      |    ^
../Src/MCAL/SPI/SPI_prg.c:42:4: note: (near initialization for 'MISO')
../Src/MCAL/SPI/SPI_prg.c:42:21: error: 'NO_PULL' undeclared (first use in this function); did you mean 'NULL'?
   42 |    .PIN_IPullUpDown=NO_PULL,
      |                     ^~~~~~~
      |                     NULL
../Src/MCAL/SPI/SPI_prg.c:42:21: warning: excess elements in scalar initializer
../Src/MCAL/SPI/SPI_prg.c:42:21: note: (near initialization for 'MISO')
../Src/MCAL/SPI/SPI_prg.c:43:4: error: field name not in record or union initializer
   43 |    .PIN_OSpeed=LOW_SPEED,
      |    ^
../Src/MCAL/SPI/SPI_prg.c:43:4: note: (near initialization for 'MISO')
../Src/MCAL/SPI/SPI_prg.c:43:16: warning: excess elements in scalar initializer
   43 |    .PIN_OSpeed=LOW_SPEED,
      |                ^~~~~~~~~
../Src/MCAL/SPI/SPI_prg.c:43:16: note: (near initialization for 'MISO')
../Src/MCAL/SPI/SPI_prg.c:44:4: error: field name not in record or union initializer
   44 |    .PIN_AF=AF5
      |    ^
../Src/MCAL/SPI/SPI_prg.c:44:4: note: (near initialization for 'MISO')
../Src/MCAL/SPI/SPI_prg.c:44:12: warning: excess elements in scalar initializer
   44 |    .PIN_AF=AF5
      |            ^~~
../Src/MCAL/SPI/SPI_prg.c:44:12: note: (near initialization for 'MISO')
../Src/MCAL/SPI/SPI_prg.c:46:2: error: unknown type name 'GPIO_CFG_t'
   46 |  GPIO_CFG_t SCK =
      |  ^~~~~~~~~~
../Src/MCAL/SPI/SPI_prg.c:48:4: error: field name not in record or union initializer
   48 |    .PIN_Port=PORTA,
      |    ^
../Src/MCAL/SPI/SPI_prg.c:48:4: note: (near initialization for 'SCK')
../Src/MCAL/SPI/SPI_prg.c:49:4: error: field name not in record or union initializer
   49 |    .PIN_Number=PIN5,
      |    ^
../Src/MCAL/SPI/SPI_prg.c:49:4: note: (near initialization for 'SCK')
../Src/MCAL/SPI/SPI_prg.c:49:16: error: 'PIN5' undeclared (first use in this function)
   49 |    .PIN_Number=PIN5,
      |                ^~~~
../Src/MCAL/SPI/SPI_prg.c:49:16: warning: excess elements in scalar initializer
../Src/MCAL/SPI/SPI_prg.c:49:16: note: (near initialization for 'SCK')
../Src/MCAL/SPI/SPI_prg.c:50:4: error: field name not in record or union initializer
   50 |    .PIN_OType=OUTPUT,
      |    ^
../Src/MCAL/SPI/SPI_prg.c:50:4: note: (near initialization for 'SCK')
../Src/MCAL/SPI/SPI_prg.c:50:15: warning: excess elements in scalar initializer
   50 |    .PIN_OType=OUTPUT,
      |               ^~~~~~
../Src/MCAL/SPI/SPI_prg.c:50:15: note: (near initialization for 'SCK')
../Src/MCAL/SPI/SPI_prg.c:51:4: error: field name not in record or union initializer
   51 |    .PIN_OType=PUSH_PULL,
      |    ^
../Src/MCAL/SPI/SPI_prg.c:51:4: note: (near initialization for 'SCK')
../Src/MCAL/SPI/SPI_prg.c:51:15: warning: excess elements in scalar initializer
   51 |    .PIN_OType=PUSH_PULL,
      |               ^~~~~~~~~
../Src/MCAL/SPI/SPI_prg.c:51:15: note: (near initialization for 'SCK')
../Src/MCAL/SPI/SPI_prg.c:52:4: error: field name not in record or union initializer
   52 |    .PIN_OSpeed=LOW_SPEED,
      |    ^
../Src/MCAL/SPI/SPI_prg.c:52:4: note: (near initialization for 'SCK')
../Src/MCAL/SPI/SPI_prg.c:52:16: warning: excess elements in scalar initializer
   52 |    .PIN_OSpeed=LOW_SPEED,
      |                ^~~~~~~~~
../Src/MCAL/SPI/SPI_prg.c:52:16: note: (near initialization for 'SCK')
../Src/MCAL/SPI/SPI_prg.c:53:4: error: field name not in record or union initializer
   53 |    .PIN_AF=AF5
      |    ^
../Src/MCAL/SPI/SPI_prg.c:53:4: note: (near initialization for 'SCK')
../Src/MCAL/SPI/SPI_prg.c:53:12: warning: excess elements in scalar initializer
   53 |    .PIN_AF=AF5
      |            ^~~
../Src/MCAL/SPI/SPI_prg.c:53:12: note: (near initialization for 'SCK')
../Src/MCAL/SPI/SPI_prg.c:56:2: warning: implicit declaration of function 'MGPIO_Init' [-Wimplicit-function-declaration]
   56 |  MGPIO_Init( &MOSI);
      |  ^~~~~~~~~~
make: *** [Src/MCAL/SPI/subdir.mk:19: Src/MCAL/SPI/SPI_prg.o] Error 1
make: *** Waiting for unfinished jobs....
"make -j8 all" terminated with exit code 2. Build might be incomplete.
12:56:16 **** Incremental Build of configuration Debug for project 11-SPI ****
make -j8 all 
arm-none-eabi-gcc "../Src/MCAL/SPI/SPI_prg.c" -mcpu=cortex-m4 -std=gnu11 -g3 -DDEBUG -DSTM32F401CCUx -DSTM32 -DSTM32F4 -c -I../Inc -I"D:/IMT_ARM/STM32F104_BlackPill/11-SPI/Src/HAL/DAC" -I"D:/IMT_ARM/STM32F104_BlackPill/11-SPI/Src/HAL/IR" -I"D:/IMT_ARM/STM32F104_BlackPill/11-SPI/Src/HAL/LEDMatrix" -I"D:/IMT_ARM/STM32F104_BlackPill/11-SPI/Src/HAL/Segment" -I"D:/IMT_ARM/STM32F104_BlackPill/11-SPI/Src/Kernel" -I"D:/IMT_ARM/STM32F104_BlackPill/11-SPI/Src/MCAL/EXTI" -I"D:/IMT_ARM/STM32F104_BlackPill/11-SPI/Src/MCAL/Flash" -I"D:/IMT_ARM/STM32F104_BlackPill/11-SPI/Src/MCAL/GPIO" -I"D:/IMT_ARM/STM32F104_BlackPill/11-SPI/Src/MCAL/NVIC" -I"D:/IMT_ARM/STM32F104_BlackPill/11-SPI/Src/MCAL/RCC" -I"D:/IMT_ARM/STM32F104_BlackPill/11-SPI/Src/MCAL/SPI" -I"D:/IMT_ARM/STM32F104_BlackPill/11-SPI/Src/MCAL/SysTick" -I"D:/IMT_ARM/STM32F104_BlackPill/11-SPI/Src/MCAL/UART" -I"D:/IMT_ARM/STM32F104_BlackPill/11-SPI/Src/Services/S2P" -I"D:/IMT_ARM/STM32F104_BlackPill/11-SPI/Src" -O0 -ffunction-sections -fdata-sections -Wall -fstack-usage -fcyclomatic-complexity -MMD -MP -MF"Src/MCAL/SPI/SPI_prg.d" -MT"Src/MCAL/SPI/SPI_prg.o" --specs=nano.specs -mfpu=fpv4-sp-d16 -mfloat-abi=hard -mthumb -o "Src/MCAL/SPI/SPI_prg.o"
arm-none-eabi-gcc "../Src/MCAL/GPIO/GPIO_PRG.c" -mcpu=cortex-m4 -std=gnu11 -g3 -DDEBUG -DSTM32F401CCUx -DSTM32 -DSTM32F4 -c -I../Inc -I"D:/IMT_ARM/STM32F104_BlackPill/11-SPI/Src/HAL/DAC" -I"D:/IMT_ARM/STM32F104_BlackPill/11-SPI/Src/HAL/IR" -I"D:/IMT_ARM/STM32F104_BlackPill/11-SPI/Src/HAL/LEDMatrix" -I"D:/IMT_ARM/STM32F104_BlackPill/11-SPI/Src/HAL/Segment" -I"D:/IMT_ARM/STM32F104_BlackPill/11-SPI/Src/Kernel" -I"D:/IMT_ARM/STM32F104_BlackPill/11-SPI/Src/MCAL/EXTI" -I"D:/IMT_ARM/STM32F104_BlackPill/11-SPI/Src/MCAL/Flash" -I"D:/IMT_ARM/STM32F104_BlackPill/11-SPI/Src/MCAL/GPIO" -I"D:/IMT_ARM/STM32F104_BlackPill/11-SPI/Src/MCAL/NVIC" -I"D:/IMT_ARM/STM32F104_BlackPill/11-SPI/Src/MCAL/RCC" -I"D:/IMT_ARM/STM32F104_BlackPill/11-SPI/Src/MCAL/SPI" -I"D:/IMT_ARM/STM32F104_BlackPill/11-SPI/Src/MCAL/SysTick" -I"D:/IMT_ARM/STM32F104_BlackPill/11-SPI/Src/MCAL/UART" -I"D:/IMT_ARM/STM32F104_BlackPill/11-SPI/Src/Services/S2P" -I"D:/IMT_ARM/STM32F104_BlackPill/11-SPI/Src" -O0 -ffunction-sections -fdata-sections -Wall -fstack-usage -fcyclomatic-complexity -MMD -MP -MF"Src/MCAL/GPIO/GPIO_PRG.d" -MT"Src/MCAL/GPIO/GPIO_PRG.o" --specs=nano.specs -mfpu=fpv4-sp-d16 -mfloat-abi=hard -mthumb -o "Src/MCAL/GPIO/GPIO_PRG.o"
arm-none-eabi-gcc "../Src/MCAL/Flash/FMI_PRG.c" -mcpu=cortex-m4 -std=gnu11 -g3 -DDEBUG -DSTM32F401CCUx -DSTM32 -DSTM32F4 -c -I../Inc -I"D:/IMT_ARM/STM32F104_BlackPill/11-SPI/Src/HAL/DAC" -I"D:/IMT_ARM/STM32F104_BlackPill/11-SPI/Src/HAL/IR" -I"D:/IMT_ARM/STM32F104_BlackPill/11-SPI/Src/HAL/LEDMatrix" -I"D:/IMT_ARM/STM32F104_BlackPill/11-SPI/Src/HAL/Segment" -I"D:/IMT_ARM/STM32F104_BlackPill/11-SPI/Src/Kernel" -I"D:/IMT_ARM/STM32F104_BlackPill/11-SPI/Src/MCAL/EXTI" -I"D:/IMT_ARM/STM32F104_BlackPill/11-SPI/Src/MCAL/Flash" -I"D:/IMT_ARM/STM32F104_BlackPill/11-SPI/Src/MCAL/GPIO" -I"D:/IMT_ARM/STM32F104_BlackPill/11-SPI/Src/MCAL/NVIC" -I"D:/IMT_ARM/STM32F104_BlackPill/11-SPI/Src/MCAL/RCC" -I"D:/IMT_ARM/STM32F104_BlackPill/11-SPI/Src/MCAL/SPI" -I"D:/IMT_ARM/STM32F104_BlackPill/11-SPI/Src/MCAL/SysTick" -I"D:/IMT_ARM/STM32F104_BlackPill/11-SPI/Src/MCAL/UART" -I"D:/IMT_ARM/STM32F104_BlackPill/11-SPI/Src/Services/S2P" -I"D:/IMT_ARM/STM32F104_BlackPill/11-SPI/Src" -O0 -ffunction-sections -fdata-sections -Wall -fstack-usage -fcyclomatic-complexity -MMD -MP -MF"Src/MCAL/Flash/FMI_PRG.d" -MT"Src/MCAL/Flash/FMI_PRG.o" --specs=nano.specs -mfpu=fpv4-sp-d16 -mfloat-abi=hard -mthumb -o "Src/MCAL/Flash/FMI_PRG.o"
arm-none-eabi-gcc "../Src/MCAL/EXTI/EXTI_PRG.c" -mcpu=cortex-m4 -std=gnu11 -g3 -DDEBUG -DSTM32F401CCUx -DSTM32 -DSTM32F4 -c -I../Inc -I"D:/IMT_ARM/STM32F104_BlackPill/11-SPI/Src/HAL/DAC" -I"D:/IMT_ARM/STM32F104_BlackPill/11-SPI/Src/HAL/IR" -I"D:/IMT_ARM/STM32F104_BlackPill/11-SPI/Src/HAL/LEDMatrix" -I"D:/IMT_ARM/STM32F104_BlackPill/11-SPI/Src/HAL/Segment" -I"D:/IMT_ARM/STM32F104_BlackPill/11-SPI/Src/Kernel" -I"D:/IMT_ARM/STM32F104_BlackPill/11-SPI/Src/MCAL/EXTI" -I"D:/IMT_ARM/STM32F104_BlackPill/11-SPI/Src/MCAL/Flash" -I"D:/IMT_ARM/STM32F104_BlackPill/11-SPI/Src/MCAL/GPIO" -I"D:/IMT_ARM/STM32F104_BlackPill/11-SPI/Src/MCAL/NVIC" -I"D:/IMT_ARM/STM32F104_BlackPill/11-SPI/Src/MCAL/RCC" -I"D:/IMT_ARM/STM32F104_BlackPill/11-SPI/Src/MCAL/SPI" -I"D:/IMT_ARM/STM32F104_BlackPill/11-SPI/Src/MCAL/SysTick" -I"D:/IMT_ARM/STM32F104_BlackPill/11-SPI/Src/MCAL/UART" -I"D:/IMT_ARM/STM32F104_BlackPill/11-SPI/Src/Services/S2P" -I"D:/IMT_ARM/STM32F104_BlackPill/11-SPI/Src" -O0 -ffunction-sections -fdata-sections -Wall -fstack-usage -fcyclomatic-complexity -MMD -MP -MF"Src/MCAL/EXTI/EXTI_PRG.d" -MT"Src/MCAL/EXTI/EXTI_PRG.o" --specs=nano.specs -mfpu=fpv4-sp-d16 -mfloat-abi=hard -mthumb -o "Src/MCAL/EXTI/EXTI_PRG.o"
arm-none-eabi-gcc "../Src/Kernel/Kernel_PRG.c" -mcpu=cortex-m4 -std=gnu11 -g3 -DDEBUG -DSTM32F401CCUx -DSTM32 -DSTM32F4 -c -I../Inc -I"D:/IMT_ARM/STM32F104_BlackPill/11-SPI/Src/HAL/DAC" -I"D:/IMT_ARM/STM32F104_BlackPill/11-SPI/Src/HAL/IR" -I"D:/IMT_ARM/STM32F104_BlackPill/11-SPI/Src/HAL/LEDMatrix" -I"D:/IMT_ARM/STM32F104_BlackPill/11-SPI/Src/HAL/Segment" -I"D:/IMT_ARM/STM32F104_BlackPill/11-SPI/Src/Kernel" -I"D:/IMT_ARM/STM32F104_BlackPill/11-SPI/Src/MCAL/EXTI" -I"D:/IMT_ARM/STM32F104_BlackPill/11-SPI/Src/MCAL/Flash" -I"D:/IMT_ARM/STM32F104_BlackPill/11-SPI/Src/MCAL/GPIO" -I"D:/IMT_ARM/STM32F104_BlackPill/11-SPI/Src/MCAL/NVIC" -I"D:/IMT_ARM/STM32F104_BlackPill/11-SPI/Src/MCAL/RCC" -I"D:/IMT_ARM/STM32F104_BlackPill/11-SPI/Src/MCAL/SPI" -I"D:/IMT_ARM/STM32F104_BlackPill/11-SPI/Src/MCAL/SysTick" -I"D:/IMT_ARM/STM32F104_BlackPill/11-SPI/Src/MCAL/UART" -I"D:/IMT_ARM/STM32F104_BlackPill/11-SPI/Src/Services/S2P" -I"D:/IMT_ARM/STM32F104_BlackPill/11-SPI/Src" -O0 -ffunction-sections -fdata-sections -Wall -fstack-usage -fcyclomatic-complexity -MMD -MP -MF"Src/Kernel/Kernel_PRG.d" -MT"Src/Kernel/Kernel_PRG.o" --specs=nano.specs -mfpu=fpv4-sp-d16 -mfloat-abi=hard -mthumb -o "Src/Kernel/Kernel_PRG.o"
arm-none-eabi-gcc "../Src/HAL/Segment/Segment.c" -mcpu=cortex-m4 -std=gnu11 -g3 -DDEBUG -DSTM32F401CCUx -DSTM32 -DSTM32F4 -c -I../Inc -I"D:/IMT_ARM/STM32F104_BlackPill/11-SPI/Src/HAL/DAC" -I"D:/IMT_ARM/STM32F104_BlackPill/11-SPI/Src/HAL/IR" -I"D:/IMT_ARM/STM32F104_BlackPill/11-SPI/Src/HAL/LEDMatrix" -I"D:/IMT_ARM/STM32F104_BlackPill/11-SPI/Src/HAL/Segment" -I"D:/IMT_ARM/STM32F104_BlackPill/11-SPI/Src/Kernel" -I"D:/IMT_ARM/STM32F104_BlackPill/11-SPI/Src/MCAL/EXTI" -I"D:/IMT_ARM/STM32F104_BlackPill/11-SPI/Src/MCAL/Flash" -I"D:/IMT_ARM/STM32F104_BlackPill/11-SPI/Src/MCAL/GPIO" -I"D:/IMT_ARM/STM32F104_BlackPill/11-SPI/Src/MCAL/NVIC" -I"D:/IMT_ARM/STM32F104_BlackPill/11-SPI/Src/MCAL/RCC" -I"D:/IMT_ARM/STM32F104_BlackPill/11-SPI/Src/MCAL/SPI" -I"D:/IMT_ARM/STM32F104_BlackPill/11-SPI/Src/MCAL/SysTick" -I"D:/IMT_ARM/STM32F104_BlackPill/11-SPI/Src/MCAL/UART" -I"D:/IMT_ARM/STM32F104_BlackPill/11-SPI/Src/Services/S2P" -I"D:/IMT_ARM/STM32F104_BlackPill/11-SPI/Src" -O0 -ffunction-sections -fdata-sections -Wall -fstack-usage -fcyclomatic-complexity -MMD -MP -MF"Src/HAL/Segment/Segment.d" -MT"Src/HAL/Segment/Segment.o" --specs=nano.specs -mfpu=fpv4-sp-d16 -mfloat-abi=hard -mthumb -o "Src/HAL/Segment/Segment.o"
arm-none-eabi-gcc "../Src/HAL/LEDMatrix/LEDMatrix_CFG.c" -mcpu=cortex-m4 -std=gnu11 -g3 -DDEBUG -DSTM32F401CCUx -DSTM32 -DSTM32F4 -c -I../Inc -I"D:/IMT_ARM/STM32F104_BlackPill/11-SPI/Src/HAL/DAC" -I"D:/IMT_ARM/STM32F104_BlackPill/11-SPI/Src/HAL/IR" -I"D:/IMT_ARM/STM32F104_BlackPill/11-SPI/Src/HAL/LEDMatrix" -I"D:/IMT_ARM/STM32F104_BlackPill/11-SPI/Src/HAL/Segment" -I"D:/IMT_ARM/STM32F104_BlackPill/11-SPI/Src/Kernel" -I"D:/IMT_ARM/STM32F104_BlackPill/11-SPI/Src/MCAL/EXTI" -I"D:/IMT_ARM/STM32F104_BlackPill/11-SPI/Src/MCAL/Flash" -I"D:/IMT_ARM/STM32F104_BlackPill/11-SPI/Src/MCAL/GPIO" -I"D:/IMT_ARM/STM32F104_BlackPill/11-SPI/Src/MCAL/NVIC" -I"D:/IMT_ARM/STM32F104_BlackPill/11-SPI/Src/MCAL/RCC" -I"D:/IMT_ARM/STM32F104_BlackPill/11-SPI/Src/MCAL/SPI" -I"D:/IMT_ARM/STM32F104_BlackPill/11-SPI/Src/MCAL/SysTick" -I"D:/IMT_ARM/STM32F104_BlackPill/11-SPI/Src/MCAL/UART" -I"D:/IMT_ARM/STM32F104_BlackPill/11-SPI/Src/Services/S2P" -I"D:/IMT_ARM/STM32F104_BlackPill/11-SPI/Src" -O0 -ffunction-sections -fdata-sections -Wall -fstack-usage -fcyclomatic-complexity -MMD -MP -MF"Src/HAL/LEDMatrix/LEDMatrix_CFG.d" -MT"Src/HAL/LEDMatrix/LEDMatrix_CFG.o" --specs=nano.specs -mfpu=fpv4-sp-d16 -mfloat-abi=hard -mthumb -o "Src/HAL/LEDMatrix/LEDMatrix_CFG.o"
arm-none-eabi-gcc "../Src/HAL/LEDMatrix/LEDMatrix_PRG.c" -mcpu=cortex-m4 -std=gnu11 -g3 -DDEBUG -DSTM32F401CCUx -DSTM32 -DSTM32F4 -c -I../Inc -I"D:/IMT_ARM/STM32F104_BlackPill/11-SPI/Src/HAL/DAC" -I"D:/IMT_ARM/STM32F104_BlackPill/11-SPI/Src/HAL/IR" -I"D:/IMT_ARM/STM32F104_BlackPill/11-SPI/Src/HAL/LEDMatrix" -I"D:/IMT_ARM/STM32F104_BlackPill/11-SPI/Src/HAL/Segment" -I"D:/IMT_ARM/STM32F104_BlackPill/11-SPI/Src/Kernel" -I"D:/IMT_ARM/STM32F104_BlackPill/11-SPI/Src/MCAL/EXTI" -I"D:/IMT_ARM/STM32F104_BlackPill/11-SPI/Src/MCAL/Flash" -I"D:/IMT_ARM/STM32F104_BlackPill/11-SPI/Src/MCAL/GPIO" -I"D:/IMT_ARM/STM32F104_BlackPill/11-SPI/Src/MCAL/NVIC" -I"D:/IMT_ARM/STM32F104_BlackPill/11-SPI/Src/MCAL/RCC" -I"D:/IMT_ARM/STM32F104_BlackPill/11-SPI/Src/MCAL/SPI" -I"D:/IMT_ARM/STM32F104_BlackPill/11-SPI/Src/MCAL/SysTick" -I"D:/IMT_ARM/STM32F104_BlackPill/11-SPI/Src/MCAL/UART" -I"D:/IMT_ARM/STM32F104_BlackPill/11-SPI/Src/Services/S2P" -I"D:/IMT_ARM/STM32F104_BlackPill/11-SPI/Src" -O0 -ffunction-sections -fdata-sections -Wall -fstack-usage -fcyclomatic-complexity -MMD -MP -MF"Src/HAL/LEDMatrix/LEDMatrix_PRG.d" -MT"Src/HAL/LEDMatrix/LEDMatrix_PRG.o" --specs=nano.specs -mfpu=fpv4-sp-d16 -mfloat-abi=hard -mthumb -o "Src/HAL/LEDMatrix/LEDMatrix_PRG.o"
In file included from D:/IMT_ARM/STM32F104_BlackPill/11-SPI/Src/MCAL/RCC/RCC_Interface.h:11,
                 from ../Src/MCAL/SPI/SPI_prg.c:4:
D:/IMT_ARM/STM32F104_BlackPill/11-SPI/Src/MCAL/RCC/RCC_Private.h:147:2: error: redeclaration of enumerator 'CRCEN'
  147 |  CRCEN = 12,
      |  ^~~~~
In file included from ../Src/MCAL/SPI/SPI_int.h:11,
                 from ../Src/MCAL/SPI/SPI_prg.c:2:
../Src/MCAL/SPI/SPI_prv.h:23:5: note: previous definition of 'CRCEN' was here
   23 |     CRCEN,
      |     ^~~~~
../Src/MCAL/SPI/SPI_prg.c: In function 'SPI_vInit':
../Src/MCAL/SPI/SPI_prg.c:28:2: error: unknown type name 'GPIO_CFG_t'
   28 |  GPIO_CFG_t MOSI =
      |  ^~~~~~~~~~
../Src/MCAL/SPI/SPI_prg.c:30:4: error: field name not in record or union initializer
   30 |    .PIN_Port=PORTA,
      |    ^
../Src/MCAL/SPI/SPI_prg.c:30:4: note: (near initialization for 'MOSI')
../Src/MCAL/SPI/SPI_prg.c:30:14: error: 'PORTA' undeclared (first use in this function)
   30 |    .PIN_Port=PORTA,
      |              ^~~~~
../Src/MCAL/SPI/SPI_prg.c:30:14: note: each undeclared identifier is reported only once for each function it appears in
../Src/MCAL/SPI/SPI_prg.c:31:4: error: field name not in record or union initializer
   31 |    .PIN_Number=PIN7,
      |    ^
../Src/MCAL/SPI/SPI_prg.c:31:4: note: (near initialization for 'MOSI')
../Src/MCAL/SPI/SPI_prg.c:31:16: error: 'PIN7' undeclared (first use in this function)
   31 |    .PIN_Number=PIN7,
      |                ^~~~
../Src/MCAL/SPI/SPI_prg.c:31:16: warning: excess elements in scalar initializer
../Src/MCAL/SPI/SPI_prg.c:31:16: note: (near initialization for 'MOSI')
../Src/MCAL/SPI/SPI_prg.c:32:4: error: field name not in record or union initializer
   32 |    .PIN_OType=OUTPUT,
      |    ^
../Src/MCAL/SPI/SPI_prg.c:32:4: note: (near initialization for 'MOSI')
../Src/MCAL/SPI/SPI_prg.c:32:15: error: 'OUTPUT' undeclared (first use in this function)
   32 |    .PIN_OType=OUTPUT,
      |               ^~~~~~
../Src/MCAL/SPI/SPI_prg.c:32:15: warning: excess elements in scalar initializer
../Src/MCAL/SPI/SPI_prg.c:32:15: note: (near initialization for 'MOSI')
../Src/MCAL/SPI/SPI_prg.c:33:4: error: field name not in record or union initializer
   33 |    .PIN_OType=PUSH_PULL,
      |    ^
../Src/MCAL/SPI/SPI_prg.c:33:4: note: (near initialization for 'MOSI')
../Src/MCAL/SPI/SPI_prg.c:33:15: error: 'PUSH_PULL' undeclared (first use in this function)
   33 |    .PIN_OType=PUSH_PULL,
      |               ^~~~~~~~~
../Src/MCAL/SPI/SPI_prg.c:33:15: warning: excess elements in scalar initializer
../Src/MCAL/SPI/SPI_prg.c:33:15: note: (near initialization for 'MOSI')
../Src/MCAL/SPI/SPI_prg.c:34:4: error: field name not in record or union initializer
   34 |    .PIN_OSpeed=LOW_SPEED,
      |    ^
../Src/MCAL/SPI/SPI_prg.c:34:4: note: (near initialization for 'MOSI')
../Src/MCAL/SPI/SPI_prg.c:34:16: error: 'LOW_SPEED' undeclared (first use in this function)
   34 |    .PIN_OSpeed=LOW_SPEED,
      |                ^~~~~~~~~
../Src/MCAL/SPI/SPI_prg.c:34:16: warning: excess elements in scalar initializer
../Src/MCAL/SPI/SPI_prg.c:34:16: note: (near initialization for 'MOSI')
../Src/MCAL/SPI/SPI_prg.c:35:4: error: field name not in record or union initializer
   35 |    .PIN_AF=AF5
      |    ^
../Src/MCAL/SPI/SPI_prg.c:35:4: note: (near initialization for 'MOSI')
../Src/MCAL/SPI/SPI_prg.c:35:12: error: 'AF5' undeclared (first use in this function)
   35 |    .PIN_AF=AF5
      |            ^~~
../Src/MCAL/SPI/SPI_prg.c:35:12: warning: excess elements in scalar initializer
../Src/MCAL/SPI/SPI_prg.c:35:12: note: (near initialization for 'MOSI')
../Src/MCAL/SPI/SPI_prg.c:37:2: error: unknown type name 'GPIO_CFG_t'
   37 |  GPIO_CFG_t MISO =
      |  ^~~~~~~~~~
../Src/MCAL/SPI/SPI_prg.c:39:4: error: field name not in record or union initializer
   39 |    .PIN_Port=PORTA,
      |    ^
../Src/MCAL/SPI/SPI_prg.c:39:4: note: (near initialization for 'MISO')
../Src/MCAL/SPI/SPI_prg.c:40:4: error: field name not in record or union initializer
   40 |    .PIN_Number=PIN6,
      |    ^
../Src/MCAL/SPI/SPI_prg.c:40:4: note: (near initialization for 'MISO')
../Src/MCAL/SPI/SPI_prg.c:40:16: error: 'PIN6' undeclared (first use in this function)
   40 |    .PIN_Number=PIN6,
      |                ^~~~
../Src/MCAL/SPI/SPI_prg.c:40:16: warning: excess elements in scalar initializer
../Src/MCAL/SPI/SPI_prg.c:40:16: note: (near initialization for 'MISO')
../Src/MCAL/SPI/SPI_prg.c:41:4: error: field name not in record or union initializer
   41 |    .PIN_OType=INPUT,
      |    ^
../Src/MCAL/SPI/SPI_prg.c:41:4: note: (near initialization for 'MISO')
../Src/MCAL/SPI/SPI_prg.c:41:15: error: 'INPUT' undeclared (first use in this function)
   41 |    .PIN_OType=INPUT,
      |               ^~~~~
../Src/MCAL/SPI/SPI_prg.c:41:15: warning: excess elements in scalar initializer
../Src/MCAL/SPI/SPI_prg.c:41:15: note: (near initialization for 'MISO')
../Src/MCAL/SPI/SPI_prg.c:42:4: error: field name not in record or union initializer
   42 |    .PIN_IPullUpDown=NO_PULL,
      |    ^
../Src/MCAL/SPI/SPI_prg.c:42:4: note: (near initialization for 'MISO')
../Src/MCAL/SPI/SPI_prg.c:42:21: error: 'NO_PULL' undeclared (first use in this function); did you mean 'NULL'?
   42 |    .PIN_IPullUpDown=NO_PULL,
      |                     ^~~~~~~
      |                     NULL
../Src/MCAL/SPI/SPI_prg.c:42:21: warning: excess elements in scalar initializer
../Src/MCAL/SPI/SPI_prg.c:42:21: note: (near initialization for 'MISO')
../Src/MCAL/SPI/SPI_prg.c:43:4: error: field name not in record or union initializer
   43 |    .PIN_OSpeed=LOW_SPEED,
      |    ^
../Src/MCAL/SPI/SPI_prg.c:43:4: note: (near initialization for 'MISO')
../Src/MCAL/SPI/SPI_prg.c:43:16: warning: excess elements in scalar initializer
   43 |    .PIN_OSpeed=LOW_SPEED,
      |                ^~~~~~~~~
../Src/MCAL/SPI/SPI_prg.c:43:16: note: (near initialization for 'MISO')
../Src/MCAL/SPI/SPI_prg.c:44:4: error: field name not in record or union initializer
   44 |    .PIN_AF=AF5
      |    ^
../Src/MCAL/SPI/SPI_prg.c:44:4: note: (near initialization for 'MISO')
../Src/MCAL/SPI/SPI_prg.c:44:12: warning: excess elements in scalar initializer
   44 |    .PIN_AF=AF5
      |            ^~~
../Src/MCAL/SPI/SPI_prg.c:44:12: note: (near initialization for 'MISO')
../Src/MCAL/SPI/SPI_prg.c:46:2: error: unknown type name 'GPIO_CFG_t'
   46 |  GPIO_CFG_t SCK =
      |  ^~~~~~~~~~
../Src/MCAL/SPI/SPI_prg.c:48:4: error: field name not in record or union initializer
   48 |    .PIN_Port=PORTA,
      |    ^
../Src/MCAL/SPI/SPI_prg.c:48:4: note: (near initialization for 'SCK')
../Src/MCAL/SPI/SPI_prg.c:49:4: error: field name not in record or union initializer
   49 |    .PIN_Number=PIN5,
      |    ^
../Src/MCAL/SPI/SPI_prg.c:49:4: note: (near initialization for 'SCK')
../Src/MCAL/SPI/SPI_prg.c:49:16: error: 'PIN5' undeclared (first use in this function)
   49 |    .PIN_Number=PIN5,
      |                ^~~~
../Src/MCAL/SPI/SPI_prg.c:49:16: warning: excess elements in scalar initializer
../Src/MCAL/SPI/SPI_prg.c:49:16: note: (near initialization for 'SCK')
../Src/MCAL/SPI/SPI_prg.c:50:4: error: field name not in record or union initializer
   50 |    .PIN_OType=OUTPUT,
      |    ^
../Src/MCAL/SPI/SPI_prg.c:50:4: note: (near initialization for 'SCK')
../Src/MCAL/SPI/SPI_prg.c:50:15: warning: excess elements in scalar initializer
   50 |    .PIN_OType=OUTPUT,
      |               ^~~~~~
../Src/MCAL/SPI/SPI_prg.c:50:15: note: (near initialization for 'SCK')
../Src/MCAL/SPI/SPI_prg.c:51:4: error: field name not in record or union initializer
   51 |    .PIN_OType=PUSH_PULL,
      |    ^
../Src/MCAL/SPI/SPI_prg.c:51:4: note: (near initialization for 'SCK')
../Src/MCAL/SPI/SPI_prg.c:51:15: warning: excess elements in scalar initializer
   51 |    .PIN_OType=PUSH_PULL,
      |               ^~~~~~~~~
../Src/MCAL/SPI/SPI_prg.c:51:15: note: (near initialization for 'SCK')
../Src/MCAL/SPI/SPI_prg.c:52:4: error: field name not in record or union initializer
   52 |    .PIN_OSpeed=LOW_SPEED,
      |    ^
../Src/MCAL/SPI/SPI_prg.c:52:4: note: (near initialization for 'SCK')
../Src/MCAL/SPI/SPI_prg.c:52:16: warning: excess elements in scalar initializer
   52 |    .PIN_OSpeed=LOW_SPEED,
      |                ^~~~~~~~~
../Src/MCAL/SPI/SPI_prg.c:52:16: note: (near initialization for 'SCK')
../Src/MCAL/SPI/SPI_prg.c:53:4: error: field name not in record or union initializer
   53 |    .PIN_AF=AF5
      |    ^
../Src/MCAL/SPI/SPI_prg.c:53:4: note: (near initialization for 'SCK')
../Src/MCAL/SPI/SPI_prg.c:53:12: warning: excess elements in scalar initializer
   53 |    .PIN_AF=AF5
      |            ^~~
../Src/MCAL/SPI/SPI_prg.c:53:12: note: (near initialization for 'SCK')
../Src/MCAL/SPI/SPI_prg.c:56:2: warning: implicit declaration of function 'MGPIO_Init' [-Wimplicit-function-declaration]
   56 |  MGPIO_Init( &MOSI);
      |  ^~~~~~~~~~
make: *** [Src/MCAL/SPI/subdir.mk:19: Src/MCAL/SPI/SPI_prg.o] Error 1
make: *** Waiting for unfinished jobs....
"make -j8 all" terminated with exit code 2. Build might be incomplete.
12:56:53 **** Incremental Build of configuration Debug for project 11-SPI ****
make -j8 all 
arm-none-eabi-gcc "../Src/MCAL/SPI/SPI_prg.c" -mcpu=cortex-m4 -std=gnu11 -g3 -DDEBUG -DSTM32F401CCUx -DSTM32 -DSTM32F4 -c -I../Inc -I"D:/IMT_ARM/STM32F104_BlackPill/11-SPI/Src/HAL/DAC" -I"D:/IMT_ARM/STM32F104_BlackPill/11-SPI/Src/HAL/IR" -I"D:/IMT_ARM/STM32F104_BlackPill/11-SPI/Src/HAL/LEDMatrix" -I"D:/IMT_ARM/STM32F104_BlackPill/11-SPI/Src/HAL/Segment" -I"D:/IMT_ARM/STM32F104_BlackPill/11-SPI/Src/Kernel" -I"D:/IMT_ARM/STM32F104_BlackPill/11-SPI/Src/MCAL/EXTI" -I"D:/IMT_ARM/STM32F104_BlackPill/11-SPI/Src/MCAL/Flash" -I"D:/IMT_ARM/STM32F104_BlackPill/11-SPI/Src/MCAL/GPIO" -I"D:/IMT_ARM/STM32F104_BlackPill/11-SPI/Src/MCAL/NVIC" -I"D:/IMT_ARM/STM32F104_BlackPill/11-SPI/Src/MCAL/RCC" -I"D:/IMT_ARM/STM32F104_BlackPill/11-SPI/Src/MCAL/SPI" -I"D:/IMT_ARM/STM32F104_BlackPill/11-SPI/Src/MCAL/SysTick" -I"D:/IMT_ARM/STM32F104_BlackPill/11-SPI/Src/MCAL/UART" -I"D:/IMT_ARM/STM32F104_BlackPill/11-SPI/Src/Services/S2P" -I"D:/IMT_ARM/STM32F104_BlackPill/11-SPI/Src" -O0 -ffunction-sections -fdata-sections -Wall -fstack-usage -fcyclomatic-complexity -MMD -MP -MF"Src/MCAL/SPI/SPI_prg.d" -MT"Src/MCAL/SPI/SPI_prg.o" --specs=nano.specs -mfpu=fpv4-sp-d16 -mfloat-abi=hard -mthumb -o "Src/MCAL/SPI/SPI_prg.o"
arm-none-eabi-gcc "../Src/HAL/IR/IR_PRG.c" -mcpu=cortex-m4 -std=gnu11 -g3 -DDEBUG -DSTM32F401CCUx -DSTM32 -DSTM32F4 -c -I../Inc -I"D:/IMT_ARM/STM32F104_BlackPill/11-SPI/Src/HAL/DAC" -I"D:/IMT_ARM/STM32F104_BlackPill/11-SPI/Src/HAL/IR" -I"D:/IMT_ARM/STM32F104_BlackPill/11-SPI/Src/HAL/LEDMatrix" -I"D:/IMT_ARM/STM32F104_BlackPill/11-SPI/Src/HAL/Segment" -I"D:/IMT_ARM/STM32F104_BlackPill/11-SPI/Src/Kernel" -I"D:/IMT_ARM/STM32F104_BlackPill/11-SPI/Src/MCAL/EXTI" -I"D:/IMT_ARM/STM32F104_BlackPill/11-SPI/Src/MCAL/Flash" -I"D:/IMT_ARM/STM32F104_BlackPill/11-SPI/Src/MCAL/GPIO" -I"D:/IMT_ARM/STM32F104_BlackPill/11-SPI/Src/MCAL/NVIC" -I"D:/IMT_ARM/STM32F104_BlackPill/11-SPI/Src/MCAL/RCC" -I"D:/IMT_ARM/STM32F104_BlackPill/11-SPI/Src/MCAL/SPI" -I"D:/IMT_ARM/STM32F104_BlackPill/11-SPI/Src/MCAL/SysTick" -I"D:/IMT_ARM/STM32F104_BlackPill/11-SPI/Src/MCAL/UART" -I"D:/IMT_ARM/STM32F104_BlackPill/11-SPI/Src/Services/S2P" -I"D:/IMT_ARM/STM32F104_BlackPill/11-SPI/Src" -O0 -ffunction-sections -fdata-sections -Wall -fstack-usage -fcyclomatic-complexity -MMD -MP -MF"Src/HAL/IR/IR_PRG.d" -MT"Src/HAL/IR/IR_PRG.o" --specs=nano.specs -mfpu=fpv4-sp-d16 -mfloat-abi=hard -mthumb -o "Src/HAL/IR/IR_PRG.o"
arm-none-eabi-gcc "../Src/HAL/DAC/DAC_CFG.c" -mcpu=cortex-m4 -std=gnu11 -g3 -DDEBUG -DSTM32F401CCUx -DSTM32 -DSTM32F4 -c -I../Inc -I"D:/IMT_ARM/STM32F104_BlackPill/11-SPI/Src/HAL/DAC" -I"D:/IMT_ARM/STM32F104_BlackPill/11-SPI/Src/HAL/IR" -I"D:/IMT_ARM/STM32F104_BlackPill/11-SPI/Src/HAL/LEDMatrix" -I"D:/IMT_ARM/STM32F104_BlackPill/11-SPI/Src/HAL/Segment" -I"D:/IMT_ARM/STM32F104_BlackPill/11-SPI/Src/Kernel" -I"D:/IMT_ARM/STM32F104_BlackPill/11-SPI/Src/MCAL/EXTI" -I"D:/IMT_ARM/STM32F104_BlackPill/11-SPI/Src/MCAL/Flash" -I"D:/IMT_ARM/STM32F104_BlackPill/11-SPI/Src/MCAL/GPIO" -I"D:/IMT_ARM/STM32F104_BlackPill/11-SPI/Src/MCAL/NVIC" -I"D:/IMT_ARM/STM32F104_BlackPill/11-SPI/Src/MCAL/RCC" -I"D:/IMT_ARM/STM32F104_BlackPill/11-SPI/Src/MCAL/SPI" -I"D:/IMT_ARM/STM32F104_BlackPill/11-SPI/Src/MCAL/SysTick" -I"D:/IMT_ARM/STM32F104_BlackPill/11-SPI/Src/MCAL/UART" -I"D:/IMT_ARM/STM32F104_BlackPill/11-SPI/Src/Services/S2P" -I"D:/IMT_ARM/STM32F104_BlackPill/11-SPI/Src" -O0 -ffunction-sections -fdata-sections -Wall -fstack-usage -fcyclomatic-complexity -MMD -MP -MF"Src/HAL/DAC/DAC_CFG.d" -MT"Src/HAL/DAC/DAC_CFG.o" --specs=nano.specs -mfpu=fpv4-sp-d16 -mfloat-abi=hard -mthumb -o "Src/HAL/DAC/DAC_CFG.o"
arm-none-eabi-gcc "../Src/HAL/DAC/DAC_PRG.c" -mcpu=cortex-m4 -std=gnu11 -g3 -DDEBUG -DSTM32F401CCUx -DSTM32 -DSTM32F4 -c -I../Inc -I"D:/IMT_ARM/STM32F104_BlackPill/11-SPI/Src/HAL/DAC" -I"D:/IMT_ARM/STM32F104_BlackPill/11-SPI/Src/HAL/IR" -I"D:/IMT_ARM/STM32F104_BlackPill/11-SPI/Src/HAL/LEDMatrix" -I"D:/IMT_ARM/STM32F104_BlackPill/11-SPI/Src/HAL/Segment" -I"D:/IMT_ARM/STM32F104_BlackPill/11-SPI/Src/Kernel" -I"D:/IMT_ARM/STM32F104_BlackPill/11-SPI/Src/MCAL/EXTI" -I"D:/IMT_ARM/STM32F104_BlackPill/11-SPI/Src/MCAL/Flash" -I"D:/IMT_ARM/STM32F104_BlackPill/11-SPI/Src/MCAL/GPIO" -I"D:/IMT_ARM/STM32F104_BlackPill/11-SPI/Src/MCAL/NVIC" -I"D:/IMT_ARM/STM32F104_BlackPill/11-SPI/Src/MCAL/RCC" -I"D:/IMT_ARM/STM32F104_BlackPill/11-SPI/Src/MCAL/SPI" -I"D:/IMT_ARM/STM32F104_BlackPill/11-SPI/Src/MCAL/SysTick" -I"D:/IMT_ARM/STM32F104_BlackPill/11-SPI/Src/MCAL/UART" -I"D:/IMT_ARM/STM32F104_BlackPill/11-SPI/Src/Services/S2P" -I"D:/IMT_ARM/STM32F104_BlackPill/11-SPI/Src" -O0 -ffunction-sections -fdata-sections -Wall -fstack-usage -fcyclomatic-complexity -MMD -MP -MF"Src/HAL/DAC/DAC_PRG.d" -MT"Src/HAL/DAC/DAC_PRG.o" --specs=nano.specs -mfpu=fpv4-sp-d16 -mfloat-abi=hard -mthumb -o "Src/HAL/DAC/DAC_PRG.o"
arm-none-eabi-gcc "../Src/App/HexParser_PRG.c" -mcpu=cortex-m4 -std=gnu11 -g3 -DDEBUG -DSTM32F401CCUx -DSTM32 -DSTM32F4 -c -I../Inc -I"D:/IMT_ARM/STM32F104_BlackPill/11-SPI/Src/HAL/DAC" -I"D:/IMT_ARM/STM32F104_BlackPill/11-SPI/Src/HAL/IR" -I"D:/IMT_ARM/STM32F104_BlackPill/11-SPI/Src/HAL/LEDMatrix" -I"D:/IMT_ARM/STM32F104_BlackPill/11-SPI/Src/HAL/Segment" -I"D:/IMT_ARM/STM32F104_BlackPill/11-SPI/Src/Kernel" -I"D:/IMT_ARM/STM32F104_BlackPill/11-SPI/Src/MCAL/EXTI" -I"D:/IMT_ARM/STM32F104_BlackPill/11-SPI/Src/MCAL/Flash" -I"D:/IMT_ARM/STM32F104_BlackPill/11-SPI/Src/MCAL/GPIO" -I"D:/IMT_ARM/STM32F104_BlackPill/11-SPI/Src/MCAL/NVIC" -I"D:/IMT_ARM/STM32F104_BlackPill/11-SPI/Src/MCAL/RCC" -I"D:/IMT_ARM/STM32F104_BlackPill/11-SPI/Src/MCAL/SPI" -I"D:/IMT_ARM/STM32F104_BlackPill/11-SPI/Src/MCAL/SysTick" -I"D:/IMT_ARM/STM32F104_BlackPill/11-SPI/Src/MCAL/UART" -I"D:/IMT_ARM/STM32F104_BlackPill/11-SPI/Src/Services/S2P" -I"D:/IMT_ARM/STM32F104_BlackPill/11-SPI/Src" -O0 -ffunction-sections -fdata-sections -Wall -fstack-usage -fcyclomatic-complexity -MMD -MP -MF"Src/App/HexParser_PRG.d" -MT"Src/App/HexParser_PRG.o" --specs=nano.specs -mfpu=fpv4-sp-d16 -mfloat-abi=hard -mthumb -o "Src/App/HexParser_PRG.o"
arm-none-eabi-gcc "../Src/main.c" -mcpu=cortex-m4 -std=gnu11 -g3 -DDEBUG -DSTM32F401CCUx -DSTM32 -DSTM32F4 -c -I../Inc -I"D:/IMT_ARM/STM32F104_BlackPill/11-SPI/Src/HAL/DAC" -I"D:/IMT_ARM/STM32F104_BlackPill/11-SPI/Src/HAL/IR" -I"D:/IMT_ARM/STM32F104_BlackPill/11-SPI/Src/HAL/LEDMatrix" -I"D:/IMT_ARM/STM32F104_BlackPill/11-SPI/Src/HAL/Segment" -I"D:/IMT_ARM/STM32F104_BlackPill/11-SPI/Src/Kernel" -I"D:/IMT_ARM/STM32F104_BlackPill/11-SPI/Src/MCAL/EXTI" -I"D:/IMT_ARM/STM32F104_BlackPill/11-SPI/Src/MCAL/Flash" -I"D:/IMT_ARM/STM32F104_BlackPill/11-SPI/Src/MCAL/GPIO" -I"D:/IMT_ARM/STM32F104_BlackPill/11-SPI/Src/MCAL/NVIC" -I"D:/IMT_ARM/STM32F104_BlackPill/11-SPI/Src/MCAL/RCC" -I"D:/IMT_ARM/STM32F104_BlackPill/11-SPI/Src/MCAL/SPI" -I"D:/IMT_ARM/STM32F104_BlackPill/11-SPI/Src/MCAL/SysTick" -I"D:/IMT_ARM/STM32F104_BlackPill/11-SPI/Src/MCAL/UART" -I"D:/IMT_ARM/STM32F104_BlackPill/11-SPI/Src/Services/S2P" -I"D:/IMT_ARM/STM32F104_BlackPill/11-SPI/Src" -O0 -ffunction-sections -fdata-sections -Wall -fstack-usage -fcyclomatic-complexity -MMD -MP -MF"Src/main.d" -MT"Src/main.o" --specs=nano.specs -mfpu=fpv4-sp-d16 -mfloat-abi=hard -mthumb -o "Src/main.o"
arm-none-eabi-gcc "../Src/syscalls.c" -mcpu=cortex-m4 -std=gnu11 -g3 -DDEBUG -DSTM32F401CCUx -DSTM32 -DSTM32F4 -c -I../Inc -I"D:/IMT_ARM/STM32F104_BlackPill/11-SPI/Src/HAL/DAC" -I"D:/IMT_ARM/STM32F104_BlackPill/11-SPI/Src/HAL/IR" -I"D:/IMT_ARM/STM32F104_BlackPill/11-SPI/Src/HAL/LEDMatrix" -I"D:/IMT_ARM/STM32F104_BlackPill/11-SPI/Src/HAL/Segment" -I"D:/IMT_ARM/STM32F104_BlackPill/11-SPI/Src/Kernel" -I"D:/IMT_ARM/STM32F104_BlackPill/11-SPI/Src/MCAL/EXTI" -I"D:/IMT_ARM/STM32F104_BlackPill/11-SPI/Src/MCAL/Flash" -I"D:/IMT_ARM/STM32F104_BlackPill/11-SPI/Src/MCAL/GPIO" -I"D:/IMT_ARM/STM32F104_BlackPill/11-SPI/Src/MCAL/NVIC" -I"D:/IMT_ARM/STM32F104_BlackPill/11-SPI/Src/MCAL/RCC" -I"D:/IMT_ARM/STM32F104_BlackPill/11-SPI/Src/MCAL/SPI" -I"D:/IMT_ARM/STM32F104_BlackPill/11-SPI/Src/MCAL/SysTick" -I"D:/IMT_ARM/STM32F104_BlackPill/11-SPI/Src/MCAL/UART" -I"D:/IMT_ARM/STM32F104_BlackPill/11-SPI/Src/Services/S2P" -I"D:/IMT_ARM/STM32F104_BlackPill/11-SPI/Src" -O0 -ffunction-sections -fdata-sections -Wall -fstack-usage -fcyclomatic-complexity -MMD -MP -MF"Src/syscalls.d" -MT"Src/syscalls.o" --specs=nano.specs -mfpu=fpv4-sp-d16 -mfloat-abi=hard -mthumb -o "Src/syscalls.o"
arm-none-eabi-gcc "../Src/sysmem.c" -mcpu=cortex-m4 -std=gnu11 -g3 -DDEBUG -DSTM32F401CCUx -DSTM32 -DSTM32F4 -c -I../Inc -I"D:/IMT_ARM/STM32F104_BlackPill/11-SPI/Src/HAL/DAC" -I"D:/IMT_ARM/STM32F104_BlackPill/11-SPI/Src/HAL/IR" -I"D:/IMT_ARM/STM32F104_BlackPill/11-SPI/Src/HAL/LEDMatrix" -I"D:/IMT_ARM/STM32F104_BlackPill/11-SPI/Src/HAL/Segment" -I"D:/IMT_ARM/STM32F104_BlackPill/11-SPI/Src/Kernel" -I"D:/IMT_ARM/STM32F104_BlackPill/11-SPI/Src/MCAL/EXTI" -I"D:/IMT_ARM/STM32F104_BlackPill/11-SPI/Src/MCAL/Flash" -I"D:/IMT_ARM/STM32F104_BlackPill/11-SPI/Src/MCAL/GPIO" -I"D:/IMT_ARM/STM32F104_BlackPill/11-SPI/Src/MCAL/NVIC" -I"D:/IMT_ARM/STM32F104_BlackPill/11-SPI/Src/MCAL/RCC" -I"D:/IMT_ARM/STM32F104_BlackPill/11-SPI/Src/MCAL/SPI" -I"D:/IMT_ARM/STM32F104_BlackPill/11-SPI/Src/MCAL/SysTick" -I"D:/IMT_ARM/STM32F104_BlackPill/11-SPI/Src/MCAL/UART" -I"D:/IMT_ARM/STM32F104_BlackPill/11-SPI/Src/Services/S2P" -I"D:/IMT_ARM/STM32F104_BlackPill/11-SPI/Src" -O0 -ffunction-sections -fdata-sections -Wall -fstack-usage -fcyclomatic-complexity -MMD -MP -MF"Src/sysmem.d" -MT"Src/sysmem.o" --specs=nano.specs -mfpu=fpv4-sp-d16 -mfloat-abi=hard -mthumb -o "Src/sysmem.o"
../Src/MCAL/SPI/SPI_prg.c: In function 'SPI_vInit':
../Src/MCAL/SPI/SPI_prg.c:28:2: error: unknown type name 'GPIO_CFG_t'
   28 |  GPIO_CFG_t MOSI =
      |  ^~~~~~~~~~
../Src/MCAL/SPI/SPI_prg.c:30:4: error: field name not in record or union initializer
   30 |    .PIN_Port=PORTA,
      |    ^
../Src/MCAL/SPI/SPI_prg.c:30:4: note: (near initialization for 'MOSI')
../Src/MCAL/SPI/SPI_prg.c:30:14: error: 'PORTA' undeclared (first use in this function)
   30 |    .PIN_Port=PORTA,
      |              ^~~~~
../Src/MCAL/SPI/SPI_prg.c:30:14: note: each undeclared identifier is reported only once for each function it appears in
../Src/MCAL/SPI/SPI_prg.c:31:4: error: field name not in record or union initializer
   31 |    .PIN_Number=PIN7,
      |    ^
../Src/MCAL/SPI/SPI_prg.c:31:4: note: (near initialization for 'MOSI')
../Src/MCAL/SPI/SPI_prg.c:31:16: error: 'PIN7' undeclared (first use in this function)
   31 |    .PIN_Number=PIN7,
      |                ^~~~
../Src/MCAL/SPI/SPI_prg.c:31:16: warning: excess elements in scalar initializer
../Src/MCAL/SPI/SPI_prg.c:31:16: note: (near initialization for 'MOSI')
../Src/MCAL/SPI/SPI_prg.c:32:4: error: field name not in record or union initializer
   32 |    .PIN_OType=OUTPUT,
      |    ^
../Src/MCAL/SPI/SPI_prg.c:32:4: note: (near initialization for 'MOSI')
../Src/MCAL/SPI/SPI_prg.c:32:15: error: 'OUTPUT' undeclared (first use in this function)
   32 |    .PIN_OType=OUTPUT,
      |               ^~~~~~
../Src/MCAL/SPI/SPI_prg.c:32:15: warning: excess elements in scalar initializer
../Src/MCAL/SPI/SPI_prg.c:32:15: note: (near initialization for 'MOSI')
../Src/MCAL/SPI/SPI_prg.c:33:4: error: field name not in record or union initializer
   33 |    .PIN_OType=PUSH_PULL,
      |    ^
../Src/MCAL/SPI/SPI_prg.c:33:4: note: (near initialization for 'MOSI')
../Src/MCAL/SPI/SPI_prg.c:33:15: error: 'PUSH_PULL' undeclared (first use in this function)
   33 |    .PIN_OType=PUSH_PULL,
      |               ^~~~~~~~~
../Src/MCAL/SPI/SPI_prg.c:33:15: warning: excess elements in scalar initializer
../Src/MCAL/SPI/SPI_prg.c:33:15: note: (near initialization for 'MOSI')
../Src/MCAL/SPI/SPI_prg.c:34:4: error: field name not in record or union initializer
   34 |    .PIN_OSpeed=LOW_SPEED,
      |    ^
../Src/MCAL/SPI/SPI_prg.c:34:4: note: (near initialization for 'MOSI')
../Src/MCAL/SPI/SPI_prg.c:34:16: error: 'LOW_SPEED' undeclared (first use in this function)
   34 |    .PIN_OSpeed=LOW_SPEED,
      |                ^~~~~~~~~
../Src/MCAL/SPI/SPI_prg.c:34:16: warning: excess elements in scalar initializer
../Src/MCAL/SPI/SPI_prg.c:34:16: note: (near initialization for 'MOSI')
../Src/MCAL/SPI/SPI_prg.c:35:4: error: field name not in record or union initializer
   35 |    .PIN_AF=AF5
      |    ^
../Src/MCAL/SPI/SPI_prg.c:35:4: note: (near initialization for 'MOSI')
../Src/MCAL/SPI/SPI_prg.c:35:12: error: 'AF5' undeclared (first use in this function)
   35 |    .PIN_AF=AF5
      |            ^~~
../Src/MCAL/SPI/SPI_prg.c:35:12: warning: excess elements in scalar initializer
../Src/MCAL/SPI/SPI_prg.c:35:12: note: (near initialization for 'MOSI')
../Src/MCAL/SPI/SPI_prg.c:37:2: error: unknown type name 'GPIO_CFG_t'
   37 |  GPIO_CFG_t MISO =
      |  ^~~~~~~~~~
../Src/MCAL/SPI/SPI_prg.c:39:4: error: field name not in record or union initializer
   39 |    .PIN_Port=PORTA,
      |    ^
../Src/MCAL/SPI/SPI_prg.c:39:4: note: (near initialization for 'MISO')
../Src/MCAL/SPI/SPI_prg.c:40:4: error: field name not in record or union initializer
   40 |    .PIN_Number=PIN6,
      |    ^
../Src/MCAL/SPI/SPI_prg.c:40:4: note: (near initialization for 'MISO')
../Src/MCAL/SPI/SPI_prg.c:40:16: error: 'PIN6' undeclared (first use in this function)
   40 |    .PIN_Number=PIN6,
      |                ^~~~
../Src/MCAL/SPI/SPI_prg.c:40:16: warning: excess elements in scalar initializer
../Src/MCAL/SPI/SPI_prg.c:40:16: note: (near initialization for 'MISO')
../Src/MCAL/SPI/SPI_prg.c:41:4: error: field name not in record or union initializer
   41 |    .PIN_OType=INPUT,
      |    ^
../Src/MCAL/SPI/SPI_prg.c:41:4: note: (near initialization for 'MISO')
../Src/MCAL/SPI/SPI_prg.c:41:15: error: 'INPUT' undeclared (first use in this function)
   41 |    .PIN_OType=INPUT,
      |               ^~~~~
../Src/MCAL/SPI/SPI_prg.c:41:15: warning: excess elements in scalar initializer
../Src/MCAL/SPI/SPI_prg.c:41:15: note: (near initialization for 'MISO')
../Src/MCAL/SPI/SPI_prg.c:42:4: error: field name not in record or union initializer
   42 |    .PIN_IPullUpDown=NO_PULL,
      |    ^
../Src/MCAL/SPI/SPI_prg.c:42:4: note: (near initialization for 'MISO')
../Src/MCAL/SPI/SPI_prg.c:42:21: error: 'NO_PULL' undeclared (first use in this function); did you mean 'NULL'?
   42 |    .PIN_IPullUpDown=NO_PULL,
      |                     ^~~~~~~
      |                     NULL
../Src/MCAL/SPI/SPI_prg.c:42:21: warning: excess elements in scalar initializer
../Src/MCAL/SPI/SPI_prg.c:42:21: note: (near initialization for 'MISO')
../Src/MCAL/SPI/SPI_prg.c:43:4: error: field name not in record or union initializer
   43 |    .PIN_OSpeed=LOW_SPEED,
      |    ^
../Src/MCAL/SPI/SPI_prg.c:43:4: note: (near initialization for 'MISO')
../Src/MCAL/SPI/SPI_prg.c:43:16: warning: excess elements in scalar initializer
   43 |    .PIN_OSpeed=LOW_SPEED,
      |                ^~~~~~~~~
../Src/MCAL/SPI/SPI_prg.c:43:16: note: (near initialization for 'MISO')
../Src/MCAL/SPI/SPI_prg.c:44:4: error: field name not in record or union initializer
   44 |    .PIN_AF=AF5
      |    ^
../Src/MCAL/SPI/SPI_prg.c:44:4: note: (near initialization for 'MISO')
../Src/MCAL/SPI/SPI_prg.c:44:12: warning: excess elements in scalar initializer
   44 |    .PIN_AF=AF5
      |            ^~~
../Src/MCAL/SPI/SPI_prg.c:44:12: note: (near initialization for 'MISO')
../Src/MCAL/SPI/SPI_prg.c:46:2: error: unknown type name 'GPIO_CFG_t'
   46 |  GPIO_CFG_t SCK =
      |  ^~~~~~~~~~
../Src/MCAL/SPI/SPI_prg.c:48:4: error: field name not in record or union initializer
   48 |    .PIN_Port=PORTA,
      |    ^
../Src/MCAL/SPI/SPI_prg.c:48:4: note: (near initialization for 'SCK')
../Src/MCAL/SPI/SPI_prg.c:49:4: error: field name not in record or union initializer
   49 |    .PIN_Number=PIN5,
      |    ^
../Src/MCAL/SPI/SPI_prg.c:49:4: note: (near initialization for 'SCK')
../Src/MCAL/SPI/SPI_prg.c:49:16: error: 'PIN5' undeclared (first use in this function)
   49 |    .PIN_Number=PIN5,
      |                ^~~~
../Src/MCAL/SPI/SPI_prg.c:49:16: warning: excess elements in scalar initializer
../Src/MCAL/SPI/SPI_prg.c:49:16: note: (near initialization for 'SCK')
../Src/MCAL/SPI/SPI_prg.c:50:4: error: field name not in record or union initializer
   50 |    .PIN_OType=OUTPUT,
      |    ^
../Src/MCAL/SPI/SPI_prg.c:50:4: note: (near initialization for 'SCK')
../Src/MCAL/SPI/SPI_prg.c:50:15: warning: excess elements in scalar initializer
   50 |    .PIN_OType=OUTPUT,
      |               ^~~~~~
../Src/MCAL/SPI/SPI_prg.c:50:15: note: (near initialization for 'SCK')
../Src/MCAL/SPI/SPI_prg.c:51:4: error: field name not in record or union initializer
   51 |    .PIN_OType=PUSH_PULL,
      |    ^
../Src/MCAL/SPI/SPI_prg.c:51:4: note: (near initialization for 'SCK')
../Src/MCAL/SPI/SPI_prg.c:51:15: warning: excess elements in scalar initializer
   51 |    .PIN_OType=PUSH_PULL,
      |               ^~~~~~~~~
../Src/MCAL/SPI/SPI_prg.c:51:15: note: (near initialization for 'SCK')
../Src/MCAL/SPI/SPI_prg.c:52:4: error: field name not in record or union initializer
   52 |    .PIN_OSpeed=LOW_SPEED,
      |    ^
../Src/MCAL/SPI/SPI_prg.c:52:4: note: (near initialization for 'SCK')
../Src/MCAL/SPI/SPI_prg.c:52:16: warning: excess elements in scalar initializer
   52 |    .PIN_OSpeed=LOW_SPEED,
      |                ^~~~~~~~~
../Src/MCAL/SPI/SPI_prg.c:52:16: note: (near initialization for 'SCK')
../Src/MCAL/SPI/SPI_prg.c:53:4: error: field name not in record or union initializer
   53 |    .PIN_AF=AF5
      |    ^
../Src/MCAL/SPI/SPI_prg.c:53:4: note: (near initialization for 'SCK')
../Src/MCAL/SPI/SPI_prg.c:53:12: warning: excess elements in scalar initializer
   53 |    .PIN_AF=AF5
      |            ^~~
../Src/MCAL/SPI/SPI_prg.c:53:12: note: (near initialization for 'SCK')
../Src/MCAL/SPI/SPI_prg.c:56:2: warning: implicit declaration of function 'MGPIO_Init' [-Wimplicit-function-declaration]
   56 |  MGPIO_Init( &MOSI);
      |  ^~~~~~~~~~
make: *** [Src/MCAL/SPI/subdir.mk:19: Src/MCAL/SPI/SPI_prg.o] Error 1
make: *** Waiting for unfinished jobs....
"make -j8 all" terminated with exit code 2. Build might be incomplete.
12:57:21 **** Incremental Build of configuration Debug for project 11-SPI ****
make -j8 all 
arm-none-eabi-gcc "../Src/MCAL/SPI/SPI_prg.c" -mcpu=cortex-m4 -std=gnu11 -g3 -DDEBUG -DSTM32F401CCUx -DSTM32 -DSTM32F4 -c -I../Inc -I"D:/IMT_ARM/STM32F104_BlackPill/11-SPI/Src/HAL/DAC" -I"D:/IMT_ARM/STM32F104_BlackPill/11-SPI/Src/HAL/IR" -I"D:/IMT_ARM/STM32F104_BlackPill/11-SPI/Src/HAL/LEDMatrix" -I"D:/IMT_ARM/STM32F104_BlackPill/11-SPI/Src/HAL/Segment" -I"D:/IMT_ARM/STM32F104_BlackPill/11-SPI/Src/Kernel" -I"D:/IMT_ARM/STM32F104_BlackPill/11-SPI/Src/MCAL/EXTI" -I"D:/IMT_ARM/STM32F104_BlackPill/11-SPI/Src/MCAL/Flash" -I"D:/IMT_ARM/STM32F104_BlackPill/11-SPI/Src/MCAL/GPIO" -I"D:/IMT_ARM/STM32F104_BlackPill/11-SPI/Src/MCAL/NVIC" -I"D:/IMT_ARM/STM32F104_BlackPill/11-SPI/Src/MCAL/RCC" -I"D:/IMT_ARM/STM32F104_BlackPill/11-SPI/Src/MCAL/SPI" -I"D:/IMT_ARM/STM32F104_BlackPill/11-SPI/Src/MCAL/SysTick" -I"D:/IMT_ARM/STM32F104_BlackPill/11-SPI/Src/MCAL/UART" -I"D:/IMT_ARM/STM32F104_BlackPill/11-SPI/Src/Services/S2P" -I"D:/IMT_ARM/STM32F104_BlackPill/11-SPI/Src" -O0 -ffunction-sections -fdata-sections -Wall -fstack-usage -fcyclomatic-complexity -MMD -MP -MF"Src/MCAL/SPI/SPI_prg.d" -MT"Src/MCAL/SPI/SPI_prg.o" --specs=nano.specs -mfpu=fpv4-sp-d16 -mfloat-abi=hard -mthumb -o "Src/MCAL/SPI/SPI_prg.o"
arm-none-eabi-gcc -o "11-SPI.elf" @"objects.list"   -mcpu=cortex-m4 -T"D:\IMT_ARM\STM32F104_BlackPill\11-SPI\STM32F401CCUX_FLASH.ld" --specs=nosys.specs -Wl,-Map="11-SPI.map" -Wl,--gc-sections -static --specs=nano.specs -mfpu=fpv4-sp-d16 -mfloat-abi=hard -mthumb -Wl,--start-group -lc -lm -Wl,--end-group
Finished building target: 11-SPI.elf
 
arm-none-eabi-size   11-SPI.elf 
arm-none-eabi-objdump -h -S  11-SPI.elf  > "11-SPI.list"
   text	   data	    bss	    dec	    hex	filename
   4692	      8	   1640	   6340	   18c4	11-SPI.elf
Finished building: default.size.stdout
 
Finished building: 11-SPI.list
 
12:57:30 **** Incremental Build of configuration Debug for project 11-SPI ****
make -j8 all 
arm-none-eabi-size   11-SPI.elf 
   text	   data	    bss	    dec	    hex	filename
   4692	      8	   1640	   6340	   18c4	11-SPI.elf
Finished building: default.size.stdout
 
12:59:26 **** Incremental Build of configuration Debug for project 11-SPI ****
make -j8 all 
arm-none-eabi-size   11-SPI.elf 
   text	   data	    bss	    dec	    hex	filename
   4692	      8	   1640	   6340	   18c4	11-SPI.elf
Finished building: default.size.stdout
 
12:59:53 **** Incremental Build of configuration Debug for project 11-SPI ****
make -j8 all 
arm-none-eabi-size   11-SPI.elf 
   text	   data	    bss	    dec	    hex	filename
   4692	      8	   1640	   6340	   18c4	11-SPI.elf
Finished building: default.size.stdout
 
13:02:15 **** Incremental Build of configuration Debug for project 11-SPI ****
make -j8 all 
arm-none-eabi-size   11-SPI.elf 
   text	   data	    bss	    dec	    hex	filename
   4692	      8	   1640	   6340	   18c4	11-SPI.elf
Finished building: default.size.stdout
 
13:02:33 **** Incremental Build of configuration Debug for project 11-SPI ****
make -j8 all 
arm-none-eabi-size   11-SPI.elf 
   text	   data	    bss	    dec	    hex	filename
   4692	      8	   1640	   6340	   18c4	11-SPI.elf
Finished building: default.size.stdout
 
13:27:18 **** Incremental Build of configuration Debug for project 11-SPI ****
make -j8 all 
arm-none-eabi-gcc "../Src/MCAL/SPI/SPI_prg.c" -mcpu=cortex-m4 -std=gnu11 -g3 -DDEBUG -DSTM32F401CCUx -DSTM32 -DSTM32F4 -c -I../Inc -I"D:/IMT_ARM/STM32F104_BlackPill/11-SPI/Src/HAL/DAC" -I"D:/IMT_ARM/STM32F104_BlackPill/11-SPI/Src/HAL/IR" -I"D:/IMT_ARM/STM32F104_BlackPill/11-SPI/Src/HAL/LEDMatrix" -I"D:/IMT_ARM/STM32F104_BlackPill/11-SPI/Src/HAL/Segment" -I"D:/IMT_ARM/STM32F104_BlackPill/11-SPI/Src/Kernel" -I"D:/IMT_ARM/STM32F104_BlackPill/11-SPI/Src/MCAL/EXTI" -I"D:/IMT_ARM/STM32F104_BlackPill/11-SPI/Src/MCAL/Flash" -I"D:/IMT_ARM/STM32F104_BlackPill/11-SPI/Src/MCAL/GPIO" -I"D:/IMT_ARM/STM32F104_BlackPill/11-SPI/Src/MCAL/NVIC" -I"D:/IMT_ARM/STM32F104_BlackPill/11-SPI/Src/MCAL/RCC" -I"D:/IMT_ARM/STM32F104_BlackPill/11-SPI/Src/MCAL/SPI" -I"D:/IMT_ARM/STM32F104_BlackPill/11-SPI/Src/MCAL/SysTick" -I"D:/IMT_ARM/STM32F104_BlackPill/11-SPI/Src/MCAL/UART" -I"D:/IMT_ARM/STM32F104_BlackPill/11-SPI/Src/Services/S2P" -I"D:/IMT_ARM/STM32F104_BlackPill/11-SPI/Src" -O0 -ffunction-sections -fdata-sections -Wall -fstack-usage -fcyclomatic-complexity -MMD -MP -MF"Src/MCAL/SPI/SPI_prg.d" -MT"Src/MCAL/SPI/SPI_prg.o" --specs=nano.specs -mfpu=fpv4-sp-d16 -mfloat-abi=hard -mthumb -o "Src/MCAL/SPI/SPI_prg.o"
arm-none-eabi-gcc "../Src/main.c" -mcpu=cortex-m4 -std=gnu11 -g3 -DDEBUG -DSTM32F401CCUx -DSTM32 -DSTM32F4 -c -I../Inc -I"D:/IMT_ARM/STM32F104_BlackPill/11-SPI/Src/HAL/DAC" -I"D:/IMT_ARM/STM32F104_BlackPill/11-SPI/Src/HAL/IR" -I"D:/IMT_ARM/STM32F104_BlackPill/11-SPI/Src/HAL/LEDMatrix" -I"D:/IMT_ARM/STM32F104_BlackPill/11-SPI/Src/HAL/Segment" -I"D:/IMT_ARM/STM32F104_BlackPill/11-SPI/Src/Kernel" -I"D:/IMT_ARM/STM32F104_BlackPill/11-SPI/Src/MCAL/EXTI" -I"D:/IMT_ARM/STM32F104_BlackPill/11-SPI/Src/MCAL/Flash" -I"D:/IMT_ARM/STM32F104_BlackPill/11-SPI/Src/MCAL/GPIO" -I"D:/IMT_ARM/STM32F104_BlackPill/11-SPI/Src/MCAL/NVIC" -I"D:/IMT_ARM/STM32F104_BlackPill/11-SPI/Src/MCAL/RCC" -I"D:/IMT_ARM/STM32F104_BlackPill/11-SPI/Src/MCAL/SPI" -I"D:/IMT_ARM/STM32F104_BlackPill/11-SPI/Src/MCAL/SysTick" -I"D:/IMT_ARM/STM32F104_BlackPill/11-SPI/Src/MCAL/UART" -I"D:/IMT_ARM/STM32F104_BlackPill/11-SPI/Src/Services/S2P" -I"D:/IMT_ARM/STM32F104_BlackPill/11-SPI/Src" -O0 -ffunction-sections -fdata-sections -Wall -fstack-usage -fcyclomatic-complexity -MMD -MP -MF"Src/main.d" -MT"Src/main.o" --specs=nano.specs -mfpu=fpv4-sp-d16 -mfloat-abi=hard -mthumb -o "Src/main.o"
arm-none-eabi-gcc -o "11-SPI.elf" @"objects.list"   -mcpu=cortex-m4 -T"D:\IMT_ARM\STM32F104_BlackPill\11-SPI\STM32F401CCUX_FLASH.ld" --specs=nosys.specs -Wl,-Map="11-SPI.map" -Wl,--gc-sections -static --specs=nano.specs -mfpu=fpv4-sp-d16 -mfloat-abi=hard -mthumb -Wl,--start-group -lc -lm -Wl,--end-group
Finished building target: 11-SPI.elf
 
arm-none-eabi-size   11-SPI.elf 
arm-none-eabi-objdump -h -S  11-SPI.elf  > "11-SPI.list"
   text	   data	    bss	    dec	    hex	filename
   4692	      8	   1640	   6340	   18c4	11-SPI.elf
Finished building: default.size.stdout
 
Finished building: 11-SPI.list
 
14:01:55 **** Incremental Build of configuration Debug for project 11-SPI ****
make -j8 all 
arm-none-eabi-gcc "../Src/MCAL/SPI/SPI_prg.c" -mcpu=cortex-m4 -std=gnu11 -g3 -DDEBUG -DSTM32F401CCUx -DSTM32 -DSTM32F4 -c -I../Inc -I"D:/IMT_ARM/STM32F104_BlackPill/11-SPI/Src/HAL/DAC" -I"D:/IMT_ARM/STM32F104_BlackPill/11-SPI/Src/HAL/IR" -I"D:/IMT_ARM/STM32F104_BlackPill/11-SPI/Src/HAL/LEDMatrix" -I"D:/IMT_ARM/STM32F104_BlackPill/11-SPI/Src/HAL/Segment" -I"D:/IMT_ARM/STM32F104_BlackPill/11-SPI/Src/Kernel" -I"D:/IMT_ARM/STM32F104_BlackPill/11-SPI/Src/MCAL/EXTI" -I"D:/IMT_ARM/STM32F104_BlackPill/11-SPI/Src/MCAL/Flash" -I"D:/IMT_ARM/STM32F104_BlackPill/11-SPI/Src/MCAL/GPIO" -I"D:/IMT_ARM/STM32F104_BlackPill/11-SPI/Src/MCAL/NVIC" -I"D:/IMT_ARM/STM32F104_BlackPill/11-SPI/Src/MCAL/RCC" -I"D:/IMT_ARM/STM32F104_BlackPill/11-SPI/Src/MCAL/SPI" -I"D:/IMT_ARM/STM32F104_BlackPill/11-SPI/Src/MCAL/SysTick" -I"D:/IMT_ARM/STM32F104_BlackPill/11-SPI/Src/MCAL/UART" -I"D:/IMT_ARM/STM32F104_BlackPill/11-SPI/Src/Services/S2P" -I"D:/IMT_ARM/STM32F104_BlackPill/11-SPI/Src" -O0 -ffunction-sections -fdata-sections -Wall -fstack-usage -fcyclomatic-complexity -MMD -MP -MF"Src/MCAL/SPI/SPI_prg.d" -MT"Src/MCAL/SPI/SPI_prg.o" --specs=nano.specs -mfpu=fpv4-sp-d16 -mfloat-abi=hard -mthumb -o "Src/MCAL/SPI/SPI_prg.o"
arm-none-eabi-gcc -o "11-SPI.elf" @"objects.list"   -mcpu=cortex-m4 -T"D:\IMT_ARM\STM32F104_BlackPill\11-SPI\STM32F401CCUX_FLASH.ld" --specs=nosys.specs -Wl,-Map="11-SPI.map" -Wl,--gc-sections -static --specs=nano.specs -mfpu=fpv4-sp-d16 -mfloat-abi=hard -mthumb -Wl,--start-group -lc -lm -Wl,--end-group
Finished building target: 11-SPI.elf
 
arm-none-eabi-size   11-SPI.elf 
arm-none-eabi-objdump -h -S  11-SPI.elf  > "11-SPI.list"
   text	   data	    bss	    dec	    hex	filename
   4692	      8	   1640	   6340	   18c4	11-SPI.elf
Finished building: default.size.stdout
 
Finished building: 11-SPI.list
 
14:04:54 **** Incremental Build of configuration Debug for project 11-SPI ****
make -j8 all 
arm-none-eabi-gcc "../Src/MCAL/SPI/SPI_prg.c" -mcpu=cortex-m4 -std=gnu11 -g3 -DDEBUG -DSTM32F401CCUx -DSTM32 -DSTM32F4 -c -I../Inc -I"D:/IMT_ARM/STM32F104_BlackPill/11-SPI/Src/HAL/DAC" -I"D:/IMT_ARM/STM32F104_BlackPill/11-SPI/Src/HAL/IR" -I"D:/IMT_ARM/STM32F104_BlackPill/11-SPI/Src/HAL/LEDMatrix" -I"D:/IMT_ARM/STM32F104_BlackPill/11-SPI/Src/HAL/Segment" -I"D:/IMT_ARM/STM32F104_BlackPill/11-SPI/Src/Kernel" -I"D:/IMT_ARM/STM32F104_BlackPill/11-SPI/Src/MCAL/EXTI" -I"D:/IMT_ARM/STM32F104_BlackPill/11-SPI/Src/MCAL/Flash" -I"D:/IMT_ARM/STM32F104_BlackPill/11-SPI/Src/MCAL/GPIO" -I"D:/IMT_ARM/STM32F104_BlackPill/11-SPI/Src/MCAL/NVIC" -I"D:/IMT_ARM/STM32F104_BlackPill/11-SPI/Src/MCAL/RCC" -I"D:/IMT_ARM/STM32F104_BlackPill/11-SPI/Src/MCAL/SPI" -I"D:/IMT_ARM/STM32F104_BlackPill/11-SPI/Src/MCAL/SysTick" -I"D:/IMT_ARM/STM32F104_BlackPill/11-SPI/Src/MCAL/UART" -I"D:/IMT_ARM/STM32F104_BlackPill/11-SPI/Src/Services/S2P" -I"D:/IMT_ARM/STM32F104_BlackPill/11-SPI/Src" -O0 -ffunction-sections -fdata-sections -Wall -fstack-usage -fcyclomatic-complexity -MMD -MP -MF"Src/MCAL/SPI/SPI_prg.d" -MT"Src/MCAL/SPI/SPI_prg.o" --specs=nano.specs -mfpu=fpv4-sp-d16 -mfloat-abi=hard -mthumb -o "Src/MCAL/SPI/SPI_prg.o"
arm-none-eabi-gcc -o "11-SPI.elf" @"objects.list"   -mcpu=cortex-m4 -T"D:\IMT_ARM\STM32F104_BlackPill\11-SPI\STM32F401CCUX_FLASH.ld" --specs=nosys.specs -Wl,-Map="11-SPI.map" -Wl,--gc-sections -static --specs=nano.specs -mfpu=fpv4-sp-d16 -mfloat-abi=hard -mthumb -Wl,--start-group -lc -lm -Wl,--end-group
Finished building target: 11-SPI.elf
 
arm-none-eabi-size   11-SPI.elf 
arm-none-eabi-objdump -h -S  11-SPI.elf  > "11-SPI.list"
   text	   data	    bss	    dec	    hex	filename
   4704	      8	   1640	   6352	   18d0	11-SPI.elf
Finished building: default.size.stdout
 
Finished building: 11-SPI.list
 
14:06:08 **** Incremental Build of configuration Debug for project 11-SPI ****
make -j8 all 
arm-none-eabi-size   11-SPI.elf 
   text	   data	    bss	    dec	    hex	filename
   4704	      8	   1640	   6352	   18d0	11-SPI.elf
Finished building: default.size.stdout
 
14:22:02 **** Incremental Build of configuration Debug for project 11-SPI ****
make -j8 all 
arm-none-eabi-gcc "../Src/MCAL/SPI/SPI_prg.c" -mcpu=cortex-m4 -std=gnu11 -g3 -DDEBUG -DSTM32F401CCUx -DSTM32 -DSTM32F4 -c -I../Inc -I"D:/IMT_ARM/STM32F104_BlackPill/11-SPI/Src/HAL/DAC" -I"D:/IMT_ARM/STM32F104_BlackPill/11-SPI/Src/HAL/IR" -I"D:/IMT_ARM/STM32F104_BlackPill/11-SPI/Src/HAL/LEDMatrix" -I"D:/IMT_ARM/STM32F104_BlackPill/11-SPI/Src/HAL/Segment" -I"D:/IMT_ARM/STM32F104_BlackPill/11-SPI/Src/Kernel" -I"D:/IMT_ARM/STM32F104_BlackPill/11-SPI/Src/MCAL/EXTI" -I"D:/IMT_ARM/STM32F104_BlackPill/11-SPI/Src/MCAL/Flash" -I"D:/IMT_ARM/STM32F104_BlackPill/11-SPI/Src/MCAL/GPIO" -I"D:/IMT_ARM/STM32F104_BlackPill/11-SPI/Src/MCAL/NVIC" -I"D:/IMT_ARM/STM32F104_BlackPill/11-SPI/Src/MCAL/RCC" -I"D:/IMT_ARM/STM32F104_BlackPill/11-SPI/Src/MCAL/SPI" -I"D:/IMT_ARM/STM32F104_BlackPill/11-SPI/Src/MCAL/SysTick" -I"D:/IMT_ARM/STM32F104_BlackPill/11-SPI/Src/MCAL/UART" -I"D:/IMT_ARM/STM32F104_BlackPill/11-SPI/Src/Services/S2P" -I"D:/IMT_ARM/STM32F104_BlackPill/11-SPI/Src" -O0 -ffunction-sections -fdata-sections -Wall -fstack-usage -fcyclomatic-complexity -MMD -MP -MF"Src/MCAL/SPI/SPI_prg.d" -MT"Src/MCAL/SPI/SPI_prg.o" --specs=nano.specs -mfpu=fpv4-sp-d16 -mfloat-abi=hard -mthumb -o "Src/MCAL/SPI/SPI_prg.o"
../Src/MCAL/SPI/SPI_prg.c: In function 'SPI_Transceiving':
../Src/MCAL/SPI/SPI_prg.c:64:10: warning: variable 'k' set but not used [-Wunused-but-set-variable]
   64 |  uint8_t k=0;
      |          ^
arm-none-eabi-gcc -o "11-SPI.elf" @"objects.list"   -mcpu=cortex-m4 -T"D:\IMT_ARM\STM32F104_BlackPill\11-SPI\STM32F401CCUX_FLASH.ld" --specs=nosys.specs -Wl,-Map="11-SPI.map" -Wl,--gc-sections -static --specs=nano.specs -mfpu=fpv4-sp-d16 -mfloat-abi=hard -mthumb -Wl,--start-group -lc -lm -Wl,--end-group
Finished building target: 11-SPI.elf
 
arm-none-eabi-size   11-SPI.elf 
arm-none-eabi-objdump -h -S  11-SPI.elf  > "11-SPI.list"
   text	   data	    bss	    dec	    hex	filename
   4712	      8	   1640	   6360	   18d8	11-SPI.elf
Finished building: default.size.stdout
 
Finished building: 11-SPI.list
 
14:22:59 **** Incremental Build of configuration Debug for project 11-SPI ****
make -j8 all 
arm-none-eabi-gcc "../Src/MCAL/SPI/SPI_prg.c" -mcpu=cortex-m4 -std=gnu11 -g3 -DDEBUG -DSTM32F401CCUx -DSTM32 -DSTM32F4 -c -I../Inc -I"D:/IMT_ARM/STM32F104_BlackPill/11-SPI/Src/HAL/DAC" -I"D:/IMT_ARM/STM32F104_BlackPill/11-SPI/Src/HAL/IR" -I"D:/IMT_ARM/STM32F104_BlackPill/11-SPI/Src/HAL/LEDMatrix" -I"D:/IMT_ARM/STM32F104_BlackPill/11-SPI/Src/HAL/Segment" -I"D:/IMT_ARM/STM32F104_BlackPill/11-SPI/Src/Kernel" -I"D:/IMT_ARM/STM32F104_BlackPill/11-SPI/Src/MCAL/EXTI" -I"D:/IMT_ARM/STM32F104_BlackPill/11-SPI/Src/MCAL/Flash" -I"D:/IMT_ARM/STM32F104_BlackPill/11-SPI/Src/MCAL/GPIO" -I"D:/IMT_ARM/STM32F104_BlackPill/11-SPI/Src/MCAL/NVIC" -I"D:/IMT_ARM/STM32F104_BlackPill/11-SPI/Src/MCAL/RCC" -I"D:/IMT_ARM/STM32F104_BlackPill/11-SPI/Src/MCAL/SPI" -I"D:/IMT_ARM/STM32F104_BlackPill/11-SPI/Src/MCAL/SysTick" -I"D:/IMT_ARM/STM32F104_BlackPill/11-SPI/Src/MCAL/UART" -I"D:/IMT_ARM/STM32F104_BlackPill/11-SPI/Src/Services/S2P" -I"D:/IMT_ARM/STM32F104_BlackPill/11-SPI/Src" -O0 -ffunction-sections -fdata-sections -Wall -fstack-usage -fcyclomatic-complexity -MMD -MP -MF"Src/MCAL/SPI/SPI_prg.d" -MT"Src/MCAL/SPI/SPI_prg.o" --specs=nano.specs -mfpu=fpv4-sp-d16 -mfloat-abi=hard -mthumb -o "Src/MCAL/SPI/SPI_prg.o"
arm-none-eabi-gcc -o "11-SPI.elf" @"objects.list"   -mcpu=cortex-m4 -T"D:\IMT_ARM\STM32F104_BlackPill\11-SPI\STM32F401CCUX_FLASH.ld" --specs=nosys.specs -Wl,-Map="11-SPI.map" -Wl,--gc-sections -static --specs=nano.specs -mfpu=fpv4-sp-d16 -mfloat-abi=hard -mthumb -Wl,--start-group -lc -lm -Wl,--end-group
Finished building target: 11-SPI.elf
 
arm-none-eabi-size   11-SPI.elf 
arm-none-eabi-objdump -h -S  11-SPI.elf  > "11-SPI.list"
   text	   data	    bss	    dec	    hex	filename
   4708	      8	   1640	   6356	   18d4	11-SPI.elf
Finished building: default.size.stdout
 
Finished building: 11-SPI.list
 
14:23:15 **** Incremental Build of configuration Debug for project 11-SPI ****
make -j8 all 
arm-none-eabi-size   11-SPI.elf 
   text	   data	    bss	    dec	    hex	filename
   4708	      8	   1640	   6356	   18d4	11-SPI.elf
Finished building: default.size.stdout
 
14:23:29 **** Incremental Build of configuration Debug for project 11-SPI ****
make -j8 all 
arm-none-eabi-size   11-SPI.elf 
   text	   data	    bss	    dec	    hex	filename
   4708	      8	   1640	   6356	   18d4	11-SPI.elf
Finished building: default.size.stdout
 
14:26:58 **** Incremental Build of configuration Debug for project 11-SPI ****
make -j8 all 
arm-none-eabi-size   11-SPI.elf 
   text	   data	    bss	    dec	    hex	filename
   4708	      8	   1640	   6356	   18d4	11-SPI.elf
Finished building: default.size.stdout
 
14:28:07 **** Incremental Build of configuration Debug for project 11-SPI ****
make -j8 all 
arm-none-eabi-size   11-SPI.elf 
   text	   data	    bss	    dec	    hex	filename
   4708	      8	   1640	   6356	   18d4	11-SPI.elf
Finished building: default.size.stdout
 
14:29:51 **** Incremental Build of configuration Debug for project 11-SPI ****
make -j8 all 
arm-none-eabi-gcc "../Src/MCAL/SPI/SPI_prg.c" -mcpu=cortex-m4 -std=gnu11 -g3 -DDEBUG -DSTM32F401CCUx -DSTM32 -DSTM32F4 -c -I../Inc -I"D:/IMT_ARM/STM32F104_BlackPill/11-SPI/Src/HAL/DAC" -I"D:/IMT_ARM/STM32F104_BlackPill/11-SPI/Src/HAL/IR" -I"D:/IMT_ARM/STM32F104_BlackPill/11-SPI/Src/HAL/LEDMatrix" -I"D:/IMT_ARM/STM32F104_BlackPill/11-SPI/Src/HAL/Segment" -I"D:/IMT_ARM/STM32F104_BlackPill/11-SPI/Src/Kernel" -I"D:/IMT_ARM/STM32F104_BlackPill/11-SPI/Src/MCAL/EXTI" -I"D:/IMT_ARM/STM32F104_BlackPill/11-SPI/Src/MCAL/Flash" -I"D:/IMT_ARM/STM32F104_BlackPill/11-SPI/Src/MCAL/GPIO" -I"D:/IMT_ARM/STM32F104_BlackPill/11-SPI/Src/MCAL/NVIC" -I"D:/IMT_ARM/STM32F104_BlackPill/11-SPI/Src/MCAL/RCC" -I"D:/IMT_ARM/STM32F104_BlackPill/11-SPI/Src/MCAL/SPI" -I"D:/IMT_ARM/STM32F104_BlackPill/11-SPI/Src/MCAL/SysTick" -I"D:/IMT_ARM/STM32F104_BlackPill/11-SPI/Src/MCAL/UART" -I"D:/IMT_ARM/STM32F104_BlackPill/11-SPI/Src/Services/S2P" -I"D:/IMT_ARM/STM32F104_BlackPill/11-SPI/Src" -O0 -ffunction-sections -fdata-sections -Wall -fstack-usage -fcyclomatic-complexity -MMD -MP -MF"Src/MCAL/SPI/SPI_prg.d" -MT"Src/MCAL/SPI/SPI_prg.o" --specs=nano.specs -mfpu=fpv4-sp-d16 -mfloat-abi=hard -mthumb -o "Src/MCAL/SPI/SPI_prg.o"
arm-none-eabi-gcc -o "11-SPI.elf" @"objects.list"   -mcpu=cortex-m4 -T"D:\IMT_ARM\STM32F104_BlackPill\11-SPI\STM32F401CCUX_FLASH.ld" --specs=nosys.specs -Wl,-Map="11-SPI.map" -Wl,--gc-sections -static --specs=nano.specs -mfpu=fpv4-sp-d16 -mfloat-abi=hard -mthumb -Wl,--start-group -lc -lm -Wl,--end-group
Finished building target: 11-SPI.elf
 
arm-none-eabi-size   11-SPI.elf 
arm-none-eabi-objdump -h -S  11-SPI.elf  > "11-SPI.list"
   text	   data	    bss	    dec	    hex	filename
   4708	      8	   1640	   6356	   18d4	11-SPI.elf
Finished building: default.size.stdout
 
Finished building: 11-SPI.list
 
14:31:07 **** Incremental Build of configuration Debug for project 11-SPI ****
make -j8 all 
arm-none-eabi-size   11-SPI.elf 
   text	   data	    bss	    dec	    hex	filename
   4708	      8	   1640	   6356	   18d4	11-SPI.elf
Finished building: default.size.stdout
 
14:32:06 **** Incremental Build of configuration Debug for project 11-SPI ****
make -j8 all 
arm-none-eabi-gcc "../Src/main.c" -mcpu=cortex-m4 -std=gnu11 -g3 -DDEBUG -DSTM32F401CCUx -DSTM32 -DSTM32F4 -c -I../Inc -I"D:/IMT_ARM/STM32F104_BlackPill/11-SPI/Src/HAL/DAC" -I"D:/IMT_ARM/STM32F104_BlackPill/11-SPI/Src/HAL/IR" -I"D:/IMT_ARM/STM32F104_BlackPill/11-SPI/Src/HAL/LEDMatrix" -I"D:/IMT_ARM/STM32F104_BlackPill/11-SPI/Src/HAL/Segment" -I"D:/IMT_ARM/STM32F104_BlackPill/11-SPI/Src/Kernel" -I"D:/IMT_ARM/STM32F104_BlackPill/11-SPI/Src/MCAL/EXTI" -I"D:/IMT_ARM/STM32F104_BlackPill/11-SPI/Src/MCAL/Flash" -I"D:/IMT_ARM/STM32F104_BlackPill/11-SPI/Src/MCAL/GPIO" -I"D:/IMT_ARM/STM32F104_BlackPill/11-SPI/Src/MCAL/NVIC" -I"D:/IMT_ARM/STM32F104_BlackPill/11-SPI/Src/MCAL/RCC" -I"D:/IMT_ARM/STM32F104_BlackPill/11-SPI/Src/MCAL/SPI" -I"D:/IMT_ARM/STM32F104_BlackPill/11-SPI/Src/MCAL/SysTick" -I"D:/IMT_ARM/STM32F104_BlackPill/11-SPI/Src/MCAL/UART" -I"D:/IMT_ARM/STM32F104_BlackPill/11-SPI/Src/Services/S2P" -I"D:/IMT_ARM/STM32F104_BlackPill/11-SPI/Src" -O0 -ffunction-sections -fdata-sections -Wall -fstack-usage -fcyclomatic-complexity -MMD -MP -MF"Src/main.d" -MT"Src/main.o" --specs=nano.specs -mfpu=fpv4-sp-d16 -mfloat-abi=hard -mthumb -o "Src/main.o"
arm-none-eabi-gcc -o "11-SPI.elf" @"objects.list"   -mcpu=cortex-m4 -T"D:\IMT_ARM\STM32F104_BlackPill\11-SPI\STM32F401CCUX_FLASH.ld" --specs=nosys.specs -Wl,-Map="11-SPI.map" -Wl,--gc-sections -static --specs=nano.specs -mfpu=fpv4-sp-d16 -mfloat-abi=hard -mthumb -Wl,--start-group -lc -lm -Wl,--end-group
Finished building target: 11-SPI.elf
 
arm-none-eabi-size   11-SPI.elf 
arm-none-eabi-objdump -h -S  11-SPI.elf  > "11-SPI.list"
   text	   data	    bss	    dec	    hex	filename
   4712	      8	   1640	   6360	   18d8	11-SPI.elf
Finished building: default.size.stdout
 
Finished building: 11-SPI.list
 
14:32:29 **** Incremental Build of configuration Debug for project 11-SPI ****
make -j8 all 
arm-none-eabi-size   11-SPI.elf 
   text	   data	    bss	    dec	    hex	filename
   4712	      8	   1640	   6360	   18d8	11-SPI.elf
Finished building: default.size.stdout
 
14:34:13 **** Incremental Build of configuration Debug for project 11-SPI ****
make -j8 all 
arm-none-eabi-size   11-SPI.elf 
   text	   data	    bss	    dec	    hex	filename
   4712	      8	   1640	   6360	   18d8	11-SPI.elf
Finished building: default.size.stdout
 
14:34:56 **** Incremental Build of configuration Debug for project 11-SPI ****
make -j8 all 
arm-none-eabi-size   11-SPI.elf 
   text	   data	    bss	    dec	    hex	filename
   4712	      8	   1640	   6360	   18d8	11-SPI.elf
Finished building: default.size.stdout
 
14:35:10 **** Incremental Build of configuration Debug for project 11-SPI ****
make -j8 all 
arm-none-eabi-size   11-SPI.elf 
   text	   data	    bss	    dec	    hex	filename
   4712	      8	   1640	   6360	   18d8	11-SPI.elf
Finished building: default.size.stdout
 
14:36:58 **** Incremental Build of configuration Debug for project 11-SPI ****
make -j8 all 
[...]
arm-none-eabi-gcc "../Src/HAL/TFT/TFT_prg.c" -mcpu=cortex-m4 -std=gnu11 -g3 -DDEBUG -DSTM32F401CCUx -DSTM32 -DSTM32F4 -c -I../Inc -I"D:/IMT_ARM/STM32F104_BlackPill/12-TFT/Src/Services/S2P" -I"D:/IMT_ARM/STM32F104_BlackPill/12-TFT/Src/App" -I"D:/IMT_ARM/STM32F104_BlackPill/12-TFT/Src/HAL/DAC" -I"D:/IMT_ARM/STM32F104_BlackPill/12-TFT/Src/HAL/IR" -I"D:/IMT_ARM/STM32F104_BlackPill/12-TFT/Src/HAL/LEDMatrix" -I"D:/IMT_ARM/STM32F104_BlackPill/12-TFT/Src/HAL/Segment" -I"D:/IMT_ARM/STM32F104_BlackPill/12-TFT/Src/HAL/TFT" -I"D:/IMT_ARM/STM32F104_BlackPill/12-TFT/Src/Kernel" -I"D:/IMT_ARM/STM32F104_BlackPill/12-TFT/Src/MCAL/EXTI" -I"D:/IMT_ARM/STM32F104_BlackPill/12-TFT/Src/MCAL/Flash" -I"D:/IMT_ARM/STM32F104_BlackPill/12-TFT/Src/MCAL/GPIO" -I"D:/IMT_ARM/STM32F104_BlackPill/12-TFT/Src/MCAL/NVIC" -I"D:/IMT_ARM/STM32F104_BlackPill/12-TFT/Src/MCAL/RCC" -I"D:/IMT_ARM/STM32F104_BlackPill/12-TFT/Src/MCAL/SPI" -I"D:/IMT_ARM/STM32F104_BlackPill/12-TFT/Src/MCAL/SysTick" -I"D:/IMT_ARM/STM32F104_BlackPill/12-TFT/Src/MCAL/UART" -I"D:/IMT_ARM/STM32F104_BlackPill/12-TFT/Src" -O0 -ffunction-sections -fdata-sections -Wall -fstack-usage -fcyclomatic-complexity -MMD -MP -MF"Src/HAL/TFT/TFT_prg.d" -MT"Src/HAL/TFT/TFT_prg.o" --specs=nano.specs -mfpu=fpv4-sp-d16 -mfloat-abi=hard -mthumb -o "Src/HAL/TFT/TFT_prg.o"
../Src/HAL/TFT/TFT_prg.c: In function 'TFT_vTFTSequense':
../Src/HAL/TFT/TFT_prg.c:30:2: warning: implicit declaration of function 'MSTK_vSetBusyWaitus'; did you mean 'MSTK_vSetBusyWait'? [-Wimplicit-function-declaration]
   30 |  MSTK_vSetBusyWaitus(100);
      |  ^~~~~~~~~~~~~~~~~~~
      |  MSTK_vSetBusyWait
../Src/HAL/TFT/TFT_prg.c:38:2: warning: implicit declaration of function 'MSTK_vSetBusyWaitms'; did you mean 'MSTK_vSetBusyWait'? [-Wimplicit-function-declaration]
   38 |  MSTK_vSetBusyWaitms(120);
      |  ^~~~~~~~~~~~~~~~~~~
      |  MSTK_vSetBusyWait
arm-none-eabi-gcc -o "12-TFT.elf" @"objects.list"   -mcpu=cortex-m4 -T"D:\IMT_ARM\STM32F104_BlackPill\12-TFT\STM32F401CCUX_FLASH.ld" --specs=nosys.specs -Wl,-Map="12-TFT.map" -Wl,--gc-sections -static --specs=nano.specs -mfpu=fpv4-sp-d16 -mfloat-abi=hard -mthumb -Wl,--start-group -lc -lm -Wl,--end-group
Finished building target: 12-TFT.elf
 
arm-none-eabi-size   12-TFT.elf 
arm-none-eabi-objdump -h -S  12-TFT.elf  > "12-TFT.list"
   text	   data	    bss	    dec	    hex	filename
   5300	  25240	   1640	  32180	   7db4	12-TFT.elf
Finished building: default.size.stdout
 
Finished building: 12-TFT.list
 
19:59:24 **** Incremental Build of configuration Debug for project 12-TFT ****
make -j8 all 
arm-none-eabi-gcc "../Src/Services/S2P/S2P_PRG.c" -mcpu=cortex-m4 -std=gnu11 -g3 -DDEBUG -DSTM32F401CCUx -DSTM32 -DSTM32F4 -c -I../Inc -I"D:/IMT_ARM/STM32F104_BlackPill/12-TFT/Src/Services/S2P" -I"D:/IMT_ARM/STM32F104_BlackPill/12-TFT/Src/App" -I"D:/IMT_ARM/STM32F104_BlackPill/12-TFT/Src/HAL/DAC" -I"D:/IMT_ARM/STM32F104_BlackPill/12-TFT/Src/HAL/IR" -I"D:/IMT_ARM/STM32F104_BlackPill/12-TFT/Src/HAL/LEDMatrix" -I"D:/IMT_ARM/STM32F104_BlackPill/12-TFT/Src/HAL/Segment" -I"D:/IMT_ARM/STM32F104_BlackPill/12-TFT/Src/HAL/TFT" -I"D:/IMT_ARM/STM32F104_BlackPill/12-TFT/Src/Kernel" -I"D:/IMT_ARM/STM32F104_BlackPill/12-TFT/Src/MCAL/EXTI" -I"D:/IMT_ARM/STM32F104_BlackPill/12-TFT/Src/MCAL/Flash" -I"D:/IMT_ARM/STM32F104_BlackPill/12-TFT/Src/MCAL/GPIO" -I"D:/IMT_ARM/STM32F104_BlackPill/12-TFT/Src/MCAL/NVIC" -I"D:/IMT_ARM/STM32F104_BlackPill/12-TFT/Src/MCAL/RCC" -I"D:/IMT_ARM/STM32F104_BlackPill/12-TFT/Src/MCAL/SPI" -I"D:/IMT_ARM/STM32F104_BlackPill/12-TFT/Src/MCAL/SysTick" -I"D:/IMT_ARM/STM32F104_BlackPill/12-TFT/Src/MCAL/UART" -I"D:/IMT_ARM/STM32F104_BlackPill/12-TFT/Src" -O0 -ffunction-sections -fdata-sections -Wall -fstack-usage -fcyclomatic-complexity -MMD -MP -MF"Src/Services/S2P/S2P_PRG.d" -MT"Src/Services/S2P/S2P_PRG.o" --specs=nano.specs -mfpu=fpv4-sp-d16 -mfloat-abi=hard -mthumb -o "Src/Services/S2P/S2P_PRG.o"
arm-none-eabi-gcc "../Src/MCAL/SysTick/SysTick_PRG.c" -mcpu=cortex-m4 -std=gnu11 -g3 -DDEBUG -DSTM32F401CCUx -DSTM32 -DSTM32F4 -c -I../Inc -I"D:/IMT_ARM/STM32F104_BlackPill/12-TFT/Src/Services/S2P" -I"D:/IMT_ARM/STM32F104_BlackPill/12-TFT/Src/App" -I"D:/IMT_ARM/STM32F104_BlackPill/12-TFT/Src/HAL/DAC" -I"D:/IMT_ARM/STM32F104_BlackPill/12-TFT/Src/HAL/IR" -I"D:/IMT_ARM/STM32F104_BlackPill/12-TFT/Src/HAL/LEDMatrix" -I"D:/IMT_ARM/STM32F104_BlackPill/12-TFT/Src/HAL/Segment" -I"D:/IMT_ARM/STM32F104_BlackPill/12-TFT/Src/HAL/TFT" -I"D:/IMT_ARM/STM32F104_BlackPill/12-TFT/Src/Kernel" -I"D:/IMT_ARM/STM32F104_BlackPill/12-TFT/Src/MCAL/EXTI" -I"D:/IMT_ARM/STM32F104_BlackPill/12-TFT/Src/MCAL/Flash" -I"D:/IMT_ARM/STM32F104_BlackPill/12-TFT/Src/MCAL/GPIO" -I"D:/IMT_ARM/STM32F104_BlackPill/12-TFT/Src/MCAL/NVIC" -I"D:/IMT_ARM/STM32F104_BlackPill/12-TFT/Src/MCAL/RCC" -I"D:/IMT_ARM/STM32F104_BlackPill/12-TFT/Src/MCAL/SPI" -I"D:/IMT_ARM/STM32F104_BlackPill/12-TFT/Src/MCAL/SysTick" -I"D:/IMT_ARM/STM32F104_BlackPill/12-TFT/Src/MCAL/UART" -I"D:/IMT_ARM/STM32F104_BlackPill/12-TFT/Src" -O0 -ffunction-sections -fdata-sections -Wall -fstack-usage -fcyclomatic-complexity -MMD -MP -MF"Src/MCAL/SysTick/SysTick_PRG.d" -MT"Src/MCAL/SysTick/SysTick_PRG.o" --specs=nano.specs -mfpu=fpv4-sp-d16 -mfloat-abi=hard -mthumb -o "Src/MCAL/SysTick/SysTick_PRG.o"
arm-none-eabi-gcc "../Src/Kernel/Kernel_PRG.c" -mcpu=cortex-m4 -std=gnu11 -g3 -DDEBUG -DSTM32F401CCUx -DSTM32 -DSTM32F4 -c -I../Inc -I"D:/IMT_ARM/STM32F104_BlackPill/12-TFT/Src/Services/S2P" -I"D:/IMT_ARM/STM32F104_BlackPill/12-TFT/Src/App" -I"D:/IMT_ARM/STM32F104_BlackPill/12-TFT/Src/HAL/DAC" -I"D:/IMT_ARM/STM32F104_BlackPill/12-TFT/Src/HAL/IR" -I"D:/IMT_ARM/STM32F104_BlackPill/12-TFT/Src/HAL/LEDMatrix" -I"D:/IMT_ARM/STM32F104_BlackPill/12-TFT/Src/HAL/Segment" -I"D:/IMT_ARM/STM32F104_BlackPill/12-TFT/Src/HAL/TFT" -I"D:/IMT_ARM/STM32F104_BlackPill/12-TFT/Src/Kernel" -I"D:/IMT_ARM/STM32F104_BlackPill/12-TFT/Src/MCAL/EXTI" -I"D:/IMT_ARM/STM32F104_BlackPill/12-TFT/Src/MCAL/Flash" -I"D:/IMT_ARM/STM32F104_BlackPill/12-TFT/Src/MCAL/GPIO" -I"D:/IMT_ARM/STM32F104_BlackPill/12-TFT/Src/MCAL/NVIC" -I"D:/IMT_ARM/STM32F104_BlackPill/12-TFT/Src/MCAL/RCC" -I"D:/IMT_ARM/STM32F104_BlackPill/12-TFT/Src/MCAL/SPI" -I"D:/IMT_ARM/STM32F104_BlackPill/12-TFT/Src/MCAL/SysTick" -I"D:/IMT_ARM/STM32F104_BlackPill/12-TFT/Src/MCAL/UART" -I"D:/IMT_ARM/STM32F104_BlackPill/12-TFT/Src" -O0 -ffunction-sections -fdata-sections -Wall -fstack-usage -fcyclomatic-complexity -MMD -MP -MF"Src/Kernel/Kernel_PRG.d" -MT"Src/Kernel/Kernel_PRG.o" --specs=nano.specs -mfpu=fpv4-sp-d16 -mfloat-abi=hard -mthumb -o "Src/Kernel/Kernel_PRG.o"
arm-none-eabi-gcc "../Src/HAL/TFT/TFT_prg.c" -mcpu=cortex-m4 -std=gnu11 -g3 -DDEBUG -DSTM32F401CCUx -DSTM32 -DSTM32F4 -c -I../Inc -I"D:/IMT_ARM/STM32F104_BlackPill/12-TFT/Src/Services/S2P" -I"D:/IMT_ARM/STM32F104_BlackPill/12-TFT/Src/App" -I"D:/IMT_ARM/STM32F104_BlackPill/12-TFT/Src/HAL/DAC" -I"D:/IMT_ARM/STM32F104_BlackPill/12-TFT/Src/HAL/IR" -I"D:/IMT_ARM/STM32F104_BlackPill/12-TFT/Src/HAL/LEDMatrix" -I"D:/IMT_ARM/STM32F104_BlackPill/12-TFT/Src/HAL/Segment" -I"D:/IMT_ARM/STM32F104_BlackPill/12-TFT/Src/HAL/TFT" -I"D:/IMT_ARM/STM32F104_BlackPill/12-TFT/Src/Kernel" -I"D:/IMT_ARM/STM32F104_BlackPill/12-TFT/Src/MCAL/EXTI" -I"D:/IMT_ARM/STM32F104_BlackPill/12-TFT/Src/MCAL/Flash" -I"D:/IMT_ARM/STM32F104_BlackPill/12-TFT/Src/MCAL/GPIO" -I"D:/IMT_ARM/STM32F104_BlackPill/12-TFT/Src/MCAL/NVIC" -I"D:/IMT_ARM/STM32F104_BlackPill/12-TFT/Src/MCAL/RCC" -I"D:/IMT_ARM/STM32F104_BlackPill/12-TFT/Src/MCAL/SPI" -I"D:/IMT_ARM/STM32F104_BlackPill/12-TFT/Src/MCAL/SysTick" -I"D:/IMT_ARM/STM32F104_BlackPill/12-TFT/Src/MCAL/UART" -I"D:/IMT_ARM/STM32F104_BlackPill/12-TFT/Src" -O0 -ffunction-sections -fdata-sections -Wall -fstack-usage -fcyclomatic-complexity -MMD -MP -MF"Src/HAL/TFT/TFT_prg.d" -MT"Src/HAL/TFT/TFT_prg.o" --specs=nano.specs -mfpu=fpv4-sp-d16 -mfloat-abi=hard -mthumb -o "Src/HAL/TFT/TFT_prg.o"
arm-none-eabi-gcc "../Src/HAL/LEDMatrix/LEDMatrix_CFG.c" -mcpu=cortex-m4 -std=gnu11 -g3 -DDEBUG -DSTM32F401CCUx -DSTM32 -DSTM32F4 -c -I../Inc -I"D:/IMT_ARM/STM32F104_BlackPill/12-TFT/Src/Services/S2P" -I"D:/IMT_ARM/STM32F104_BlackPill/12-TFT/Src/App" -I"D:/IMT_ARM/STM32F104_BlackPill/12-TFT/Src/HAL/DAC" -I"D:/IMT_ARM/STM32F104_BlackPill/12-TFT/Src/HAL/IR" -I"D:/IMT_ARM/STM32F104_BlackPill/12-TFT/Src/HAL/LEDMatrix" -I"D:/IMT_ARM/STM32F104_BlackPill/12-TFT/Src/HAL/Segment" -I"D:/IMT_ARM/STM32F104_BlackPill/12-TFT/Src/HAL/TFT" -I"D:/IMT_ARM/STM32F104_BlackPill/12-TFT/Src/Kernel" -I"D:/IMT_ARM/STM32F104_BlackPill/12-TFT/Src/MCAL/EXTI" -I"D:/IMT_ARM/STM32F104_BlackPill/12-TFT/Src/MCAL/Flash" -I"D:/IMT_ARM/STM32F104_BlackPill/12-TFT/Src/MCAL/GPIO" -I"D:/IMT_ARM/STM32F104_BlackPill/12-TFT/Src/MCAL/NVIC" -I"D:/IMT_ARM/STM32F104_BlackPill/12-TFT/Src/MCAL/RCC" -I"D:/IMT_ARM/STM32F104_BlackPill/12-TFT/Src/MCAL/SPI" -I"D:/IMT_ARM/STM32F104_BlackPill/12-TFT/Src/MCAL/SysTick" -I"D:/IMT_ARM/STM32F104_BlackPill/12-TFT/Src/MCAL/UART" -I"D:/IMT_ARM/STM32F104_BlackPill/12-TFT/Src" -O0 -ffunction-sections -fdata-sections -Wall -fstack-usage -fcyclomatic-complexity -MMD -MP -MF"Src/HAL/LEDMatrix/LEDMatrix_CFG.d" -MT"Src/HAL/LEDMatrix/LEDMatrix_CFG.o" --specs=nano.specs -mfpu=fpv4-sp-d16 -mfloat-abi=hard -mthumb -o "Src/HAL/LEDMatrix/LEDMatrix_CFG.o"
arm-none-eabi-gcc "../Src/HAL/LEDMatrix/LEDMatrix_PRG.c" -mcpu=cortex-m4 -std=gnu11 -g3 -DDEBUG -DSTM32F401CCUx -DSTM32 -DSTM32F4 -c -I../Inc -I"D:/IMT_ARM/STM32F104_BlackPill/12-TFT/Src/Services/S2P" -I"D:/IMT_ARM/STM32F104_BlackPill/12-TFT/Src/App" -I"D:/IMT_ARM/STM32F104_BlackPill/12-TFT/Src/HAL/DAC" -I"D:/IMT_ARM/STM32F104_BlackPill/12-TFT/Src/HAL/IR" -I"D:/IMT_ARM/STM32F104_BlackPill/12-TFT/Src/HAL/LEDMatrix" -I"D:/IMT_ARM/STM32F104_BlackPill/12-TFT/Src/HAL/Segment" -I"D:/IMT_ARM/STM32F104_BlackPill/12-TFT/Src/HAL/TFT" -I"D:/IMT_ARM/STM32F104_BlackPill/12-TFT/Src/Kernel" -I"D:/IMT_ARM/STM32F104_BlackPill/12-TFT/Src/MCAL/EXTI" -I"D:/IMT_ARM/STM32F104_BlackPill/12-TFT/Src/MCAL/Flash" -I"D:/IMT_ARM/STM32F104_BlackPill/12-TFT/Src/MCAL/GPIO" -I"D:/IMT_ARM/STM32F104_BlackPill/12-TFT/Src/MCAL/NVIC" -I"D:/IMT_ARM/STM32F104_BlackPill/12-TFT/Src/MCAL/RCC" -I"D:/IMT_ARM/STM32F104_BlackPill/12-TFT/Src/MCAL/SPI" -I"D:/IMT_ARM/STM32F104_BlackPill/12-TFT/Src/MCAL/SysTick" -I"D:/IMT_ARM/STM32F104_BlackPill/12-TFT/Src/MCAL/UART" -I"D:/IMT_ARM/STM32F104_BlackPill/12-TFT/Src" -O0 -ffunction-sections -fdata-sections -Wall -fstack-usage -fcyclomatic-complexity -MMD -MP -MF"Src/HAL/LEDMatrix/LEDMatrix_PRG.d" -MT"Src/HAL/LEDMatrix/LEDMatrix_PRG.o" --specs=nano.specs -mfpu=fpv4-sp-d16 -mfloat-abi=hard -mthumb -o "Src/HAL/LEDMatrix/LEDMatrix_PRG.o"
arm-none-eabi-gcc "../Src/HAL/IR/IR_PRG.c" -mcpu=cortex-m4 -std=gnu11 -g3 -DDEBUG -DSTM32F401CCUx -DSTM32 -DSTM32F4 -c -I../Inc -I"D:/IMT_ARM/STM32F104_BlackPill/12-TFT/Src/Services/S2P" -I"D:/IMT_ARM/STM32F104_BlackPill/12-TFT/Src/App" -I"D:/IMT_ARM/STM32F104_BlackPill/12-TFT/Src/HAL/DAC" -I"D:/IMT_ARM/STM32F104_BlackPill/12-TFT/Src/HAL/IR" -I"D:/IMT_ARM/STM32F104_BlackPill/12-TFT/Src/HAL/LEDMatrix" -I"D:/IMT_ARM/STM32F104_BlackPill/12-TFT/Src/HAL/Segment" -I"D:/IMT_ARM/STM32F104_BlackPill/12-TFT/Src/HAL/TFT" -I"D:/IMT_ARM/STM32F104_BlackPill/12-TFT/Src/Kernel" -I"D:/IMT_ARM/STM32F104_BlackPill/12-TFT/Src/MCAL/EXTI" -I"D:/IMT_ARM/STM32F104_BlackPill/12-TFT/Src/MCAL/Flash" -I"D:/IMT_ARM/STM32F104_BlackPill/12-TFT/Src/MCAL/GPIO" -I"D:/IMT_ARM/STM32F104_BlackPill/12-TFT/Src/MCAL/NVIC" -I"D:/IMT_ARM/STM32F104_BlackPill/12-TFT/Src/MCAL/RCC" -I"D:/IMT_ARM/STM32F104_BlackPill/12-TFT/Src/MCAL/SPI" -I"D:/IMT_ARM/STM32F104_BlackPill/12-TFT/Src/MCAL/SysTick" -I"D:/IMT_ARM/STM32F104_BlackPill/12-TFT/Src/MCAL/UART" -I"D:/IMT_ARM/STM32F104_BlackPill/12-TFT/Src" -O0 -ffunction-sections -fdata-sections -Wall -fstack-usage -fcyclomatic-complexity -MMD -MP -MF"Src/HAL/IR/IR_PRG.d" -MT"Src/HAL/IR/IR_PRG.o" --specs=nano.specs -mfpu=fpv4-sp-d16 -mfloat-abi=hard -mthumb -o "Src/HAL/IR/IR_PRG.o"
arm-none-eabi-gcc "../Src/HAL/DAC/DAC_PRG.c" -mcpu=cortex-m4 -std=gnu11 -g3 -DDEBUG -DSTM32F401CCUx -DSTM32 -DSTM32F4 -c -I../Inc -I"D:/IMT_ARM/STM32F104_BlackPill/12-TFT/Src/Services/S2P" -I"D:/IMT_ARM/STM32F104_BlackPill/12-TFT/Src/App" -I"D:/IMT_ARM/STM32F104_BlackPill/12-TFT/Src/HAL/DAC" -I"D:/IMT_ARM/STM32F104_BlackPill/12-TFT/Src/HAL/IR" -I"D:/IMT_ARM/STM32F104_BlackPill/12-TFT/Src/HAL/LEDMatrix" -I"D:/IMT_ARM/STM32F104_BlackPill/12-TFT/Src/HAL/Segment" -I"D:/IMT_ARM/STM32F104_BlackPill/12-TFT/Src/HAL/TFT" -I"D:/IMT_ARM/STM32F104_BlackPill/12-TFT/Src/Kernel" -I"D:/IMT_ARM/STM32F104_BlackPill/12-TFT/Src/MCAL/EXTI" -I"D:/IMT_ARM/STM32F104_BlackPill/12-TFT/Src/MCAL/Flash" -I"D:/IMT_ARM/STM32F104_BlackPill/12-TFT/Src/MCAL/GPIO" -I"D:/IMT_ARM/STM32F104_BlackPill/12-TFT/Src/MCAL/NVIC" -I"D:/IMT_ARM/STM32F104_BlackPill/12-TFT/Src/MCAL/RCC" -I"D:/IMT_ARM/STM32F104_BlackPill/12-TFT/Src/MCAL/SPI" -I"D:/IMT_ARM/STM32F104_BlackPill/12-TFT/Src/MCAL/SysTick" -I"D:/IMT_ARM/STM32F104_BlackPill/12-TFT/Src/MCAL/UART" -I"D:/IMT_ARM/STM32F104_BlackPill/12-TFT/Src" -O0 -ffunction-sections -fdata-sections -Wall -fstack-usage -fcyclomatic-complexity -MMD -MP -MF"Src/HAL/DAC/DAC_PRG.d" -MT"Src/HAL/DAC/DAC_PRG.o" --specs=nano.specs -mfpu=fpv4-sp-d16 -mfloat-abi=hard -mthumb -o "Src/HAL/DAC/DAC_PRG.o"
arm-none-eabi-gcc "../Src/main.c" -mcpu=cortex-m4 -std=gnu11 -g3 -DDEBUG -DSTM32F401CCUx -DSTM32 -DSTM32F4 -c -I../Inc -I"D:/IMT_ARM/STM32F104_BlackPill/12-TFT/Src/Services/S2P" -I"D:/IMT_ARM/STM32F104_BlackPill/12-TFT/Src/App" -I"D:/IMT_ARM/STM32F104_BlackPill/12-TFT/Src/HAL/DAC" -I"D:/IMT_ARM/STM32F104_BlackPill/12-TFT/Src/HAL/IR" -I"D:/IMT_ARM/STM32F104_BlackPill/12-TFT/Src/HAL/LEDMatrix" -I"D:/IMT_ARM/STM32F104_BlackPill/12-TFT/Src/HAL/Segment" -I"D:/IMT_ARM/STM32F104_BlackPill/12-TFT/Src/HAL/TFT" -I"D:/IMT_ARM/STM32F104_BlackPill/12-TFT/Src/Kernel" -I"D:/IMT_ARM/STM32F104_BlackPill/12-TFT/Src/MCAL/EXTI" -I"D:/IMT_ARM/STM32F104_BlackPill/12-TFT/Src/MCAL/Flash" -I"D:/IMT_ARM/STM32F104_BlackPill/12-TFT/Src/MCAL/GPIO" -I"D:/IMT_ARM/STM32F104_BlackPill/12-TFT/Src/MCAL/NVIC" -I"D:/IMT_ARM/STM32F104_BlackPill/12-TFT/Src/MCAL/RCC" -I"D:/IMT_ARM/STM32F104_BlackPill/12-TFT/Src/MCAL/SPI" -I"D:/IMT_ARM/STM32F104_BlackPill/12-TFT/Src/MCAL/SysTick" -I"D:/IMT_ARM/STM32F104_BlackPill/12-TFT/Src/MCAL/UART" -I"D:/IMT_ARM/STM32F104_BlackPill/12-TFT/Src" -O0 -ffunction-sections -fdata-sections -Wall -fstack-usage -fcyclomatic-complexity -MMD -MP -MF"Src/main.d" -MT"Src/main.o" --specs=nano.specs -mfpu=fpv4-sp-d16 -mfloat-abi=hard -mthumb -o "Src/main.o"
arm-none-eabi-gcc -o "12-TFT.elf" @"objects.list"   -mcpu=cortex-m4 -T"D:\IMT_ARM\STM32F104_BlackPill\12-TFT\STM32F401CCUX_FLASH.ld" --specs=nosys.specs -Wl,-Map="12-TFT.map" -Wl,--gc-sections -static --specs=nano.specs -mfpu=fpv4-sp-d16 -mfloat-abi=hard -mthumb -Wl,--start-group -lc -lm -Wl,--end-group
Finished building target: 12-TFT.elf
 
arm-none-eabi-size   12-TFT.elf 
arm-none-eabi-objdump -h -S  12-TFT.elf  > "12-TFT.list"
   text	   data	    bss	    dec	    hex	filename
   5300	  25240	   1640	  32180	   7db4	12-TFT.elf
Finished building: default.size.stdout
 
Finished building: 12-TFT.list
 
20:02:18 **** Incremental Build of configuration Debug for project 12-TFT ****
make -j8 all 
arm-none-eabi-gcc "../Src/HAL/TFT/TFT_prg.c" -mcpu=cortex-m4 -std=gnu11 -g3 -DDEBUG -DSTM32F401CCUx -DSTM32 -DSTM32F4 -c -I../Inc -I"D:/IMT_ARM/STM32F104_BlackPill/12-TFT/Src/Services/S2P" -I"D:/IMT_ARM/STM32F104_BlackPill/12-TFT/Src/App" -I"D:/IMT_ARM/STM32F104_BlackPill/12-TFT/Src/HAL/DAC" -I"D:/IMT_ARM/STM32F104_BlackPill/12-TFT/Src/HAL/IR" -I"D:/IMT_ARM/STM32F104_BlackPill/12-TFT/Src/HAL/LEDMatrix" -I"D:/IMT_ARM/STM32F104_BlackPill/12-TFT/Src/HAL/Segment" -I"D:/IMT_ARM/STM32F104_BlackPill/12-TFT/Src/HAL/TFT" -I"D:/IMT_ARM/STM32F104_BlackPill/12-TFT/Src/Kernel" -I"D:/IMT_ARM/STM32F104_BlackPill/12-TFT/Src/MCAL/EXTI" -I"D:/IMT_ARM/STM32F104_BlackPill/12-TFT/Src/MCAL/Flash" -I"D:/IMT_ARM/STM32F104_BlackPill/12-TFT/Src/MCAL/GPIO" -I"D:/IMT_ARM/STM32F104_BlackPill/12-TFT/Src/MCAL/NVIC" -I"D:/IMT_ARM/STM32F104_BlackPill/12-TFT/Src/MCAL/RCC" -I"D:/IMT_ARM/STM32F104_BlackPill/12-TFT/Src/MCAL/SPI" -I"D:/IMT_ARM/STM32F104_BlackPill/12-TFT/Src/MCAL/SysTick" -I"D:/IMT_ARM/STM32F104_BlackPill/12-TFT/Src/MCAL/UART" -I"D:/IMT_ARM/STM32F104_BlackPill/12-TFT/Src" -O0 -ffunction-sections -fdata-sections -Wall -fstack-usage -fcyclomatic-complexity -MMD -MP -MF"Src/HAL/TFT/TFT_prg.d" -MT"Src/HAL/TFT/TFT_prg.o" --specs=nano.specs -mfpu=fpv4-sp-d16 -mfloat-abi=hard -mthumb -o "Src/HAL/TFT/TFT_prg.o"
arm-none-eabi-gcc -o "12-TFT.elf" @"objects.list"   -mcpu=cortex-m4 -T"D:\IMT_ARM\STM32F104_BlackPill\12-TFT\STM32F401CCUX_FLASH.ld" --specs=nosys.specs -Wl,-Map="12-TFT.map" -Wl,--gc-sections -static --specs=nano.specs -mfpu=fpv4-sp-d16 -mfloat-abi=hard -mthumb -Wl,--start-group -lc -lm -Wl,--end-group
Finished building target: 12-TFT.elf
 
arm-none-eabi-size   12-TFT.elf 
arm-none-eabi-objdump -h -S  12-TFT.elf  > "12-TFT.list"
   text	   data	    bss	    dec	    hex	filename
   5304	  25240	   1640	  32184	   7db8	12-TFT.elf
Finished building: default.size.stdout
 
Finished building: 12-TFT.list
 
20:02:38 **** Incremental Build of configuration Debug for project 12-TFT ****
make -j8 all 
arm-none-eabi-size   12-TFT.elf 
   text	   data	    bss	    dec	    hex	filename
   5304	  25240	   1640	  32184	   7db8	12-TFT.elf
Finished building: default.size.stdout
 
20:03:07 **** Incremental Build of configuration Debug for project 12-TFT ****
make -j8 all 
arm-none-eabi-gcc "../Src/HAL/TFT/ImageArray.c" -mcpu=cortex-m4 -std=gnu11 -g3 -DDEBUG -DSTM32F401CCUx -DSTM32 -DSTM32F4 -c -I../Inc -I"D:/IMT_ARM/STM32F104_BlackPill/12-TFT/Src/Services/S2P" -I"D:/IMT_ARM/STM32F104_BlackPill/12-TFT/Src/App" -I"D:/IMT_ARM/STM32F104_BlackPill/12-TFT/Src/HAL/DAC" -I"D:/IMT_ARM/STM32F104_BlackPill/12-TFT/Src/HAL/IR" -I"D:/IMT_ARM/STM32F104_BlackPill/12-TFT/Src/HAL/LEDMatrix" -I"D:/IMT_ARM/STM32F104_BlackPill/12-TFT/Src/HAL/Segment" -I"D:/IMT_ARM/STM32F104_BlackPill/12-TFT/Src/HAL/TFT" -I"D:/IMT_ARM/STM32F104_BlackPill/12-TFT/Src/Kernel" -I"D:/IMT_ARM/STM32F104_BlackPill/12-TFT/Src/MCAL/EXTI" -I"D:/IMT_ARM/STM32F104_BlackPill/12-TFT/Src/MCAL/Flash" -I"D:/IMT_ARM/STM32F104_BlackPill/12-TFT/Src/MCAL/GPIO" -I"D:/IMT_ARM/STM32F104_BlackPill/12-TFT/Src/MCAL/NVIC" -I"D:/IMT_ARM/STM32F104_BlackPill/12-TFT/Src/MCAL/RCC" -I"D:/IMT_ARM/STM32F104_BlackPill/12-TFT/Src/MCAL/SPI" -I"D:/IMT_ARM/STM32F104_BlackPill/12-TFT/Src/MCAL/SysTick" -I"D:/IMT_ARM/STM32F104_BlackPill/12-TFT/Src/MCAL/UART" -I"D:/IMT_ARM/STM32F104_BlackPill/12-TFT/Src" -O0 -ffunction-sections -fdata-sections -Wall -fstack-usage -fcyclomatic-complexity -MMD -MP -MF"Src/HAL/TFT/ImageArray.d" -MT"Src/HAL/TFT/ImageArray.o" --specs=nano.specs -mfpu=fpv4-sp-d16 -mfloat-abi=hard -mthumb -o "Src/HAL/TFT/ImageArray.o"
arm-none-eabi-gcc -o "12-TFT.elf" @"objects.list"   -mcpu=cortex-m4 -T"D:\IMT_ARM\STM32F104_BlackPill\12-TFT\STM32F401CCUX_FLASH.ld" --specs=nosys.specs -Wl,-Map="12-TFT.map" -Wl,--gc-sections -static --specs=nano.specs -mfpu=fpv4-sp-d16 -mfloat-abi=hard -mthumb -Wl,--start-group -lc -lm -Wl,--end-group
Finished building target: 12-TFT.elf
 
arm-none-eabi-size   12-TFT.elf 
arm-none-eabi-objdump -h -S  12-TFT.elf  > "12-TFT.list"
   text	   data	    bss	    dec	    hex	filename
   5304	  40992	   1640	  47936	   bb40	12-TFT.elf
Finished building: default.size.stdout
 
Finished building: 12-TFT.list
 
